freertos.c:104:6:vApplicationGetIdleTaskMemory	24	static
freertos.c:118:6:MX_FREERTOS_Init	56	static
freertos.c:167:6:StartDefaultTask	16	static
freertos.c:185:6:vTask1	16	static
freertos.c:200:6:vTask2	16	static
freertos.c:227:6:vTask3	32	static
freertos.c:248:6:print_MISE	16	static
freertos.c:277:6:write_MISE	24	static
freertos.c:341:6:HAL_UART_RxCpltCallback	48	static
freertos.c:389:6:HAL_GPIO_EXTI_Callback	16	static
freertos.c:395:6:turnOnRed	8	static
freertos.c:401:6:turnOnYellow	8	static
freertos.c:407:6:turnOnGreen	8	static
