SerLCD.c:123:9:displayInit	32	static
SerLCD.c:162:9:displayHome	8	static
SerLCD.c:175:9:displaySetCursor	24	static
SerLCD.c:193:9:displayMoveCursorLeft	8	static
SerLCD.c:204:9:displayMoveCursorRight	8	static
SerLCD.c:216:9:displayScrollDisplayLeft	8	static
SerLCD.c:228:9:displayScrollDisplayRight	8	static
SerLCD.c:240:9:displayAutoscroll	8	static
SerLCD.c:252:9:displayNoAutoscroll	8	static
SerLCD.c:273:9:displayClear	16	static
SerLCD.c:289:9:displayWrite	32	static
SerLCD.c:310:9:displayWriteString	40	static
SerLCD.c:330:9:displayCreateChar	40	static
SerLCD.c:363:9:displayWriteChar	16	static
SerLCD.c:384:9:displayLeftToRight	8	static
SerLCD.c:396:9:displayRightToLeft	8	static
SerLCD.c:415:9:displayNoDisplay	8	static
SerLCD.c:427:9:displayDisplay	8	static
SerLCD.c:439:9:displayNoCursor	8	static
SerLCD.c:451:9:displayCursor	8	static
SerLCD.c:464:9:displayNoBlink	8	static
SerLCD.c:476:9:displayBlink	8	static
SerLCD.c:489:9:displayEnableSystemMessages	24	static
SerLCD.c:513:9:displayDisableSystemMessages	24	static
SerLCD.c:547:9:displaySetBacklight	40	static
SerLCD.c:585:9:displaySetFastBacklight	32	static
SerLCD.c:612:9:displaySetContrast	32	static
SerLCD.c:640:9:displaySetAddress	32	static
SerLCD.c:676:9:displayEnableSplash	24	static
SerLCD.c:699:9:displayDisableSplash	24	static
SerLCD.c:722:9:displaySaveSplash	24	static
SerLCD.c:753:9:displayCommand	32	static
SerLCD.c:769:9:displaySpecialCommand	32	static
