Archive member included to satisfy reference by file (symbol)

../Middlewares/ST/AI/Lib\NetworkRuntime520_CM4_GCC.a(ai_platform_interface.o)
                              X-CUBE-AI/App/network.o (ai_platform_runtime_get_revision)
../Middlewares/ST/AI/Lib\NetworkRuntime520_CM4_GCC.a(core_mem_manager.o)
                              ../Middlewares/ST/AI/Lib\NetworkRuntime520_CM4_GCC.a(ai_platform_interface.o) (core_mem_alloc)
../Middlewares/ST/AI/Lib\NetworkRuntime520_CM4_GCC.a(core_common.o)
                              ../Middlewares/ST/AI/Lib\NetworkRuntime520_CM4_GCC.a(ai_platform_interface.o) (core_init)
../Middlewares/ST/AI/Lib\NetworkRuntime520_CM4_GCC.a(layers_conv2d_generic_float.o)
                              X-CUBE-AI/App/network.o (forward_conv2d)
../Middlewares/ST/AI/Lib\NetworkRuntime520_CM4_GCC.a(layers_nl_generic_float.o)
                              X-CUBE-AI/App/network.o (nl_func_relu_array_f32)
../Middlewares/ST/AI/Lib\NetworkRuntime520_CM4_GCC.a(layers.o)
                              ../Middlewares/ST/AI/Lib\NetworkRuntime520_CM4_GCC.a(ai_platform_interface.o) (ai_check_custom_types)
../Middlewares/ST/AI/Lib\NetworkRuntime520_CM4_GCC.a(arm_mat_init_f32.o)
                              ../Middlewares/ST/AI/Lib\NetworkRuntime520_CM4_GCC.a(layers_conv2d_generic_float.o) (arm_mat_init_f32)
../Middlewares/ST/AI/Lib\NetworkRuntime520_CM4_GCC.a(ai_datatypes_format.o)
                              ../Middlewares/ST/AI/Lib\NetworkRuntime520_CM4_GCC.a(ai_platform_interface.o) (ai_array_to_buffer_fmt)
../Middlewares/ST/AI/Lib\NetworkRuntime520_CM4_GCC.a(ai_math_helpers.o)
                              ../Middlewares/ST/AI/Lib\NetworkRuntime520_CM4_GCC.a(layers_nl_generic_float.o) (ai_math_sqrt)
d:/stm32cubeide_1.5.0/stm32cubeide/plugins/com.st.stm32cube.ide.mcu.externaltools.gnu-tools-for-stm32.7-2018-q2-update.win32_1.5.0.202011040924/tools/bin/../lib/gcc/arm-none-eabi/7.3.1/../../../../arm-none-eabi/lib/thumb/v7e-m/fpv4-sp/hard\libc_nano.a(lib_a-errno.o)
                              Core/Src/syscalls.o (__errno)
d:/stm32cubeide_1.5.0/stm32cubeide/plugins/com.st.stm32cube.ide.mcu.externaltools.gnu-tools-for-stm32.7-2018-q2-update.win32_1.5.0.202011040924/tools/bin/../lib/gcc/arm-none-eabi/7.3.1/../../../../arm-none-eabi/lib/thumb/v7e-m/fpv4-sp/hard\libc_nano.a(lib_a-exit.o)
                              d:/stm32cubeide_1.5.0/stm32cubeide/plugins/com.st.stm32cube.ide.mcu.externaltools.gnu-tools-for-stm32.7-2018-q2-update.win32_1.5.0.202011040924/tools/bin/../lib/gcc/arm-none-eabi/7.3.1/../../../../arm-none-eabi/lib/thumb/v7e-m/fpv4-sp/hard/crt0.o (exit)
d:/stm32cubeide_1.5.0/stm32cubeide/plugins/com.st.stm32cube.ide.mcu.externaltools.gnu-tools-for-stm32.7-2018-q2-update.win32_1.5.0.202011040924/tools/bin/../lib/gcc/arm-none-eabi/7.3.1/../../../../arm-none-eabi/lib/thumb/v7e-m/fpv4-sp/hard\libc_nano.a(lib_a-impure.o)
                              d:/stm32cubeide_1.5.0/stm32cubeide/plugins/com.st.stm32cube.ide.mcu.externaltools.gnu-tools-for-stm32.7-2018-q2-update.win32_1.5.0.202011040924/tools/bin/../lib/gcc/arm-none-eabi/7.3.1/../../../../arm-none-eabi/lib/thumb/v7e-m/fpv4-sp/hard\libc_nano.a(lib_a-exit.o) (_global_impure_ptr)
d:/stm32cubeide_1.5.0/stm32cubeide/plugins/com.st.stm32cube.ide.mcu.externaltools.gnu-tools-for-stm32.7-2018-q2-update.win32_1.5.0.202011040924/tools/bin/../lib/gcc/arm-none-eabi/7.3.1/../../../../arm-none-eabi/lib/thumb/v7e-m/fpv4-sp/hard\libc_nano.a(lib_a-init.o)
                              d:/stm32cubeide_1.5.0/stm32cubeide/plugins/com.st.stm32cube.ide.mcu.externaltools.gnu-tools-for-stm32.7-2018-q2-update.win32_1.5.0.202011040924/tools/bin/../lib/gcc/arm-none-eabi/7.3.1/../../../../arm-none-eabi/lib/thumb/v7e-m/fpv4-sp/hard/crt0.o (__libc_init_array)
d:/stm32cubeide_1.5.0/stm32cubeide/plugins/com.st.stm32cube.ide.mcu.externaltools.gnu-tools-for-stm32.7-2018-q2-update.win32_1.5.0.202011040924/tools/bin/../lib/gcc/arm-none-eabi/7.3.1/../../../../arm-none-eabi/lib/thumb/v7e-m/fpv4-sp/hard\libc_nano.a(lib_a-malloc.o)
                              ../Middlewares/ST/AI/Lib\NetworkRuntime520_CM4_GCC.a(core_mem_manager.o) (malloc)
d:/stm32cubeide_1.5.0/stm32cubeide/plugins/com.st.stm32cube.ide.mcu.externaltools.gnu-tools-for-stm32.7-2018-q2-update.win32_1.5.0.202011040924/tools/bin/../lib/gcc/arm-none-eabi/7.3.1/../../../../arm-none-eabi/lib/thumb/v7e-m/fpv4-sp/hard\libc_nano.a(lib_a-memcpy-stub.o)
                              X-CUBE-AI/App/network.o (memcpy)
d:/stm32cubeide_1.5.0/stm32cubeide/plugins/com.st.stm32cube.ide.mcu.externaltools.gnu-tools-for-stm32.7-2018-q2-update.win32_1.5.0.202011040924/tools/bin/../lib/gcc/arm-none-eabi/7.3.1/../../../../arm-none-eabi/lib/thumb/v7e-m/fpv4-sp/hard\libc_nano.a(lib_a-memset.o)
[...]
Memory Configuration

Name             Origin             Length             Attributes
RAM              0x0000000020000000 0x00000000000a0000 xrw
FLASH            0x0000000008000000 0x0000000000200000 xr
*default*        0x0000000000000000 0xffffffffffffffff

Linker script and memory map

LOAD d:/stm32cubeide_1.5.0/stm32cubeide/plugins/com.st.stm32cube.ide.mcu.externaltools.gnu-tools-for-stm32.7-2018-q2-update.win32_1.5.0.202011040924/tools/bin/../lib/gcc/arm-none-eabi/7.3.1/thumb/v7e-m/fpv4-sp/hard/crti.o
LOAD d:/stm32cubeide_1.5.0/stm32cubeide/plugins/com.st.stm32cube.ide.mcu.externaltools.gnu-tools-for-stm32.7-2018-q2-update.win32_1.5.0.202011040924/tools/bin/../lib/gcc/arm-none-eabi/7.3.1/thumb/v7e-m/fpv4-sp/hard/crtbegin.o
LOAD d:/stm32cubeide_1.5.0/stm32cubeide/plugins/com.st.stm32cube.ide.mcu.externaltools.gnu-tools-for-stm32.7-2018-q2-update.win32_1.5.0.202011040924/tools/bin/../lib/gcc/arm-none-eabi/7.3.1/../../../../arm-none-eabi/lib/thumb/v7e-m/fpv4-sp/hard/crt0.o
LOAD Core/Src/custom_bus.o
LOAD Core/Src/examples.o
LOAD Core/Src/main.o
LOAD Core/Src/stm32l4xx_hal_msp.o
LOAD Core/Src/stm32l4xx_it.o
LOAD Core/Src/syscalls.o
LOAD Core/Src/sysmem.o
LOAD Core/Src/system_stm32l4xx.o
LOAD Core/Startup/startup_stm32l4s5vitx.o
LOAD Drivers/BSP/Components/lsm6dsl/lsm6dsl.o
LOAD Drivers/BSP/Components/lsm6dsl/lsm6dsl_reg.o
LOAD Drivers/STM32L4xx_HAL_Driver/Src/stm32l4xx_hal.o
LOAD Drivers/STM32L4xx_HAL_Driver/Src/stm32l4xx_hal_cortex.o
LOAD Drivers/STM32L4xx_HAL_Driver/Src/stm32l4xx_hal_crc.o
LOAD Drivers/STM32L4xx_HAL_Driver/Src/stm32l4xx_hal_crc_ex.o
LOAD Drivers/STM32L4xx_HAL_Driver/Src/stm32l4xx_hal_dma.o
LOAD Drivers/STM32L4xx_HAL_Driver/Src/stm32l4xx_hal_dma_ex.o
LOAD Drivers/STM32L4xx_HAL_Driver/Src/stm32l4xx_hal_exti.o
LOAD Drivers/STM32L4xx_HAL_Driver/Src/stm32l4xx_hal_flash.o
LOAD Drivers/STM32L4xx_HAL_Driver/Src/stm32l4xx_hal_flash_ex.o
LOAD Drivers/STM32L4xx_HAL_Driver/Src/stm32l4xx_hal_flash_ramfunc.o
LOAD Drivers/STM32L4xx_HAL_Driver/Src/stm32l4xx_hal_gpio.o
LOAD Drivers/STM32L4xx_HAL_Driver/Src/stm32l4xx_hal_i2c.o
LOAD Drivers/STM32L4xx_HAL_Driver/Src/stm32l4xx_hal_i2c_ex.o
LOAD Drivers/STM32L4xx_HAL_Driver/Src/stm32l4xx_hal_pwr.o
LOAD Drivers/STM32L4xx_HAL_Driver/Src/stm32l4xx_hal_pwr_ex.o
LOAD Drivers/STM32L4xx_HAL_Driver/Src/stm32l4xx_hal_rcc.o
LOAD Drivers/STM32L4xx_HAL_Driver/Src/stm32l4xx_hal_rcc_ex.o
LOAD Drivers/STM32L4xx_HAL_Driver/Src/stm32l4xx_hal_tim.o
LOAD Drivers/STM32L4xx_HAL_Driver/Src/stm32l4xx_hal_tim_ex.o
LOAD Drivers/STM32L4xx_HAL_Driver/Src/stm32l4xx_hal_uart.o
LOAD Drivers/STM32L4xx_HAL_Driver/Src/stm32l4xx_hal_uart_ex.o
LOAD X-CUBE-AI/App/network.o
LOAD X-CUBE-AI/App/network_data.o
LOAD X-CUBE-AI/App/sine_model.o
LOAD X-CUBE-AI/App/sine_model_data.o
LOAD ../Middlewares/ST/AI/Lib\NetworkRuntime520_CM4_GCC.a
START GROUP
LOAD d:/stm32cubeide_1.5.0/stm32cubeide/plugins/com.st.stm32cube.ide.mcu.externaltools.gnu-tools-for-stm32.7-2018-q2-update.win32_1.5.0.202011040924/tools/bin/../lib/gcc/arm-none-eabi/7.3.1/../../../../arm-none-eabi/lib/thumb/v7e-m/fpv4-sp/hard\libc_nano.a
LOAD d:/stm32cubeide_1.5.0/stm32cubeide/plugins/com.st.stm32cube.ide.mcu.externaltools.gnu-tools-for-stm32.7-2018-q2-update.win32_1.5.0.202011040924/tools/bin/../lib/gcc/arm-none-eabi/7.3.1/../../../../arm-none-eabi/lib/thumb/v7e-m/fpv4-sp/hard\libm.a
END GROUP
START GROUP
LOAD d:/stm32cubeide_1.5.0/stm32cubeide/plugins/com.st.stm32cube.ide.mcu.externaltools.gnu-tools-for-stm32.7-2018-q2-update.win32_1.5.0.202011040924/tools/bin/../lib/gcc/arm-none-eabi/7.3.1/thumb/v7e-m/fpv4-sp/hard\libgcc.a
LOAD d:/stm32cubeide_1.5.0/stm32cubeide/plugins/com.st.stm32cube.ide.mcu.externaltools.gnu-tools-for-stm32.7-2018-q2-update.win32_1.5.0.202011040924/tools/bin/../lib/gcc/arm-none-eabi/7.3.1/../../../../arm-none-eabi/lib/thumb/v7e-m/fpv4-sp/hard\libc_nano.a
END GROUP
START GROUP
LOAD d:/stm32cubeide_1.5.0/stm32cubeide/plugins/com.st.stm32cube.ide.mcu.externaltools.gnu-tools-for-stm32.7-2018-q2-update.win32_1.5.0.202011040924/tools/bin/../lib/gcc/arm-none-eabi/7.3.1/thumb/v7e-m/fpv4-sp/hard\libgcc.a
LOAD d:/stm32cubeide_1.5.0/stm32cubeide/plugins/com.st.stm32cube.ide.mcu.externaltools.gnu-tools-for-stm32.7-2018-q2-update.win32_1.5.0.202011040924/tools/bin/../lib/gcc/arm-none-eabi/7.3.1/../../../../arm-none-eabi/lib/thumb/v7e-m/fpv4-sp/hard\libc_nano.a
LOAD d:/stm32cubeide_1.5.0/stm32cubeide/plugins/com.st.stm32cube.ide.mcu.externaltools.gnu-tools-for-stm32.7-2018-q2-update.win32_1.5.0.202011040924/tools/bin/../lib/gcc/arm-none-eabi/7.3.1/../../../../arm-none-eabi/lib/thumb/v7e-m/fpv4-sp/hard\libnosys.a
END GROUP
START GROUP
LOAD d:/stm32cubeide_1.5.0/stm32cubeide/plugins/com.st.stm32cube.ide.mcu.externaltools.gnu-tools-for-stm32.7-2018-q2-update.win32_1.5.0.202011040924/tools/bin/../lib/gcc/arm-none-eabi/7.3.1/thumb/v7e-m/fpv4-sp/hard\libgcc.a
LOAD d:/stm32cubeide_1.5.0/stm32cubeide/plugins/com.st.stm32cube.ide.mcu.externaltools.gnu-tools-for-stm32.7-2018-q2-update.win32_1.5.0.202011040924/tools/bin/../lib/gcc/arm-none-eabi/7.3.1/../../../../arm-none-eabi/lib/thumb/v7e-m/fpv4-sp/hard\libc_nano.a
LOAD d:/stm32cubeide_1.5.0/stm32cubeide/plugins/com.st.stm32cube.ide.mcu.externaltools.gnu-tools-for-stm32.7-2018-q2-update.win32_1.5.0.202011040924/tools/bin/../lib/gcc/arm-none-eabi/7.3.1/../../../../arm-none-eabi/lib/thumb/v7e-m/fpv4-sp/hard\libnosys.a
END GROUP
LOAD d:/stm32cubeide_1.5.0/stm32cubeide/plugins/com.st.stm32cube.ide.mcu.externaltools.gnu-tools-for-stm32.7-2018-q2-update.win32_1.5.0.202011040924/tools/bin/../lib/gcc/arm-none-eabi/7.3.1/thumb/v7e-m/fpv4-sp/hard/crtend.o
LOAD d:/stm32cubeide_1.5.0/stm32cubeide/plugins/com.st.stm32cube.ide.mcu.externaltools.gnu-tools-for-stm32.7-2018-q2-update.win32_1.5.0.202011040924/tools/bin/../lib/gcc/arm-none-eabi/7.3.1/thumb/v7e-m/fpv4-sp/hard/crtn.o
                0x00000000200a0000                _estack = (ORIGIN (RAM) + LENGTH (RAM))
                0x0000000000000200                _Min_Heap_Size = 0x200
                0x0000000000000800                _Min_Stack_Size = 0x800

.isr_vector     0x0000000008000000      0x1bc
                0x0000000008000000                . = ALIGN (0x4)
 *(.isr_vector)
 .isr_vector    0x0000000008000000      0x1bc Core/Startup/startup_stm32l4s5vitx.o
                0x0000000008000000                g_pfnVectors
                0x00000000080001bc                . = ALIGN (0x4)

.text           0x00000000080001c0     0xb8ac
                0x00000000080001c0                . = ALIGN (0x4)
 *(.text)
 .text          0x00000000080001c0       0x40 d:/stm32cubeide_1.5.0/stm32cubeide/plugins/com.st.stm32cube.ide.mcu.externaltools.gnu-tools-for-stm32.7-2018-q2-update.win32_1.5.0.202011040924/tools/bin/../lib/gcc/arm-none-eabi/7.3.1/thumb/v7e-m/fpv4-sp/hard/crtbegin.o
 .text          0x0000000008000200       0x10 d:/stm32cubeide_1.5.0/stm32cubeide/plugins/com.st.stm32cube.ide.mcu.externaltools.gnu-tools-for-stm32.7-2018-q2-update.win32_1.5.0.202011040924/tools/bin/../lib/gcc/arm-none-eabi/7.3.1/../../../../arm-none-eabi/lib/thumb/v7e-m/fpv4-sp/hard\libc_nano.a(lib_a-strlen.o)
                0x0000000008000200                strlen
 .text          0x0000000008000210       0xa0 d:/stm32cubeide_1.5.0/stm32cubeide/plugins/com.st.stm32cube.ide.mcu.externaltools.gnu-tools-for-stm32.7-2018-q2-update.win32_1.5.0.202011040924/tools/bin/../lib/gcc/arm-none-eabi/7.3.1/../../../../arm-none-eabi/lib/thumb/v7e-m/fpv4-sp/hard\libc_nano.a(lib_a-memchr.o)
                0x0000000008000210                memchr
 .text          0x00000000080002b0      0x378 d:/stm32cubeide_1.5.0/stm32cubeide/plugins/com.st.stm32cube.ide.mcu.externaltools.gnu-tools-for-stm32.7-2018-q2-update.win32_1.5.0.202011040924/tools/bin/../lib/gcc/arm-none-eabi/7.3.1/thumb/v7e-m/fpv4-sp/hard\libgcc.a(_arm_addsubdf3.o)
                0x00000000080002b0                __aeabi_drsub
                0x00000000080002b8                __aeabi_dsub
                0x00000000080002b8                __subdf3
                0x00000000080002bc                __aeabi_dadd
                0x00000000080002bc                __adddf3
                0x0000000008000534                __floatunsidf
                0x0000000008000534                __aeabi_ui2d
                0x0000000008000554                __floatsidf
                0x0000000008000554                __aeabi_i2d
                0x0000000008000578                __aeabi_f2d
                0x0000000008000578                __extendsfdf2
                0x00000000080005bc                __floatundidf
                0x00000000080005bc                __aeabi_ul2d
                0x00000000080005cc                __floatdidf
                0x00000000080005cc                __aeabi_l2d
 .text          0x0000000008000628      0x424 d:/stm32cubeide_1.5.0/stm32cubeide/plugins/com.st.stm32cube.ide.mcu.externaltools.gnu-tools-for-stm32.7-2018-q2-update.win32_1.5.0.202011040924/tools/bin/../lib/gcc/arm-none-eabi/7.3.1/thumb/v7e-m/fpv4-sp/hard\libgcc.a(_arm_muldivdf3.o)
                0x0000000008000628                __aeabi_dmul
                0x0000000008000628                __muldf3
                0x000000000800087c                __divdf3
                0x000000000800087c                __aeabi_ddiv
 .text          0x0000000008000a4c      0x110 d:/stm32cubeide_1.5.0/stm32cubeide/plugins/com.st.stm32cube.ide.mcu.externaltools.gnu-tools-for-stm32.7-2018-q2-update.win32_1.5.0.202011040924/tools/bin/../lib/gcc/arm-none-eabi/7.3.1/thumb/v7e-m/fpv4-sp/hard\libgcc.a(_arm_cmpdf2.o)
                0x0000000008000a4c                __gtdf2
                0x0000000008000a4c                __gedf2
                0x0000000008000a54                __ltdf2
                0x0000000008000a54                __ledf2
                0x0000000008000a5c                __nedf2
                0x0000000008000a5c                __eqdf2
                0x0000000008000a5c                __cmpdf2
                0x0000000008000ad8                __aeabi_cdrcmple
                0x0000000008000ae8                __aeabi_cdcmpeq
                0x0000000008000ae8                __aeabi_cdcmple
                0x0000000008000af8                __aeabi_dcmpeq
                0x0000000008000b0c                __aeabi_dcmplt
                0x0000000008000b20                __aeabi_dcmple
                0x0000000008000b34                __aeabi_dcmpge
                0x0000000008000b48                __aeabi_dcmpgt
 .text          0x0000000008000b5c       0x2c d:/stm32cubeide_1.5.0/stm32cubeide/plugins/com.st.stm32cube.ide.mcu.externaltools.gnu-tools-for-stm32.7-2018-q2-update.win32_1.5.0.202011040924/tools/bin/../lib/gcc/arm-none-eabi/7.3.1/thumb/v7e-m/fpv4-sp/hard\libgcc.a(_arm_unorddf2.o)
                0x0000000008000b5c                __unorddf2
                0x0000000008000b5c                __aeabi_dcmpun
 .text          0x0000000008000b88       0x50 d:/stm32cubeide_1.5.0/stm32cubeide/plugins/com.st.stm32cube.ide.mcu.externaltools.gnu-tools-for-stm32.7-2018-q2-update.win32_1.5.0.202011040924/tools/bin/../lib/gcc/arm-none-eabi/7.3.1/thumb/v7e-m/fpv4-sp/hard\libgcc.a(_arm_fixdfsi.o)
                0x0000000008000b88                __aeabi_d2iz
                0x0000000008000b88                __fixdfsi
 .text          0x0000000008000bd8       0xa0 d:/stm32cubeide_1.5.0/stm32cubeide/plugins/com.st.stm32cube.ide.mcu.externaltools.gnu-tools-for-stm32.7-2018-q2-update.win32_1.5.0.202011040924/tools/bin/../lib/gcc/arm-none-eabi/7.3.1/thumb/v7e-m/fpv4-sp/hard\libgcc.a(_arm_truncdfsf2.o)
                0x0000000008000bd8                __truncdfsf2
                0x0000000008000bd8                __aeabi_d2f
 .text          0x0000000008000c78       0x30 d:/stm32cubeide_1.5.0/stm32cubeide/plugins/com.st.stm32cube.ide.mcu.externaltools.gnu-tools-for-stm32.7-2018-q2-update.win32_1.5.0.202011040924/tools/bin/../lib/gcc/arm-none-eabi/7.3.1/thumb/v7e-m/fpv4-sp/hard\libgcc.a(_aeabi_uldivmod.o)
                0x0000000008000c78                __aeabi_uldivmod
 .text          0x0000000008000ca8      0x2cc d:/stm32cubeide_1.5.0/stm32cubeide/plugins/com.st.stm32cube.ide.mcu.externaltools.gnu-tools-for-stm32.7-2018-q2-update.win32_1.5.0.202011040924/tools/bin/../lib/gcc/arm-none-eabi/7.3.1/thumb/v7e-m/fpv4-sp/hard\libgcc.a(_udivmoddi4.o)
                0x0000000008000ca8                __udivmoddi4
 .text          0x0000000008000f74        0x4 d:/stm32cubeide_1.5.0/stm32cubeide/plugins/com.st.stm32cube.ide.mcu.externaltools.gnu-tools-for-stm32.7-2018-q2-update.win32_1.5.0.202011040924/tools/bin/../lib/gcc/arm-none-eabi/7.3.1/thumb/v7e-m/fpv4-sp/hard\libgcc.a(_dvmd_tls.o)
                0x0000000008000f74                __aeabi_idiv0
                0x0000000008000f74                __aeabi_ldiv0
 *(.text*)
 .text.BSP_I2C2_Init
                0x0000000008000f78       0x7c Core/Src/custom_bus.o
                0x0000000008000f78                BSP_I2C2_Init
 .text.BSP_I2C2_DeInit
                0x0000000008000ff4       0x50 Core/Src/custom_bus.o
                0x0000000008000ff4                BSP_I2C2_DeInit
 .text.BSP_I2C2_WriteReg
                0x0000000008001044       0x64 Core/Src/custom_bus.o
                0x0000000008001044                BSP_I2C2_WriteReg
 .text.BSP_I2C2_ReadReg
                0x00000000080010a8       0x64 Core/Src/custom_bus.o
                0x00000000080010a8                BSP_I2C2_ReadReg
 .text.BSP_GetTick
                0x000000000800110c        0xe Core/Src/custom_bus.o
                0x000000000800110c                BSP_GetTick
 *fill*         0x000000000800111a        0x2 
 .text.MX_I2C2_Init
                0x000000000800111c       0x88 Core/Src/custom_bus.o
                0x000000000800111c                MX_I2C2_Init
 .text.I2C2_MspInit
                0x00000000080011a4       0x8c Core/Src/custom_bus.o
 .text.I2C2_MspDeInit
                0x0000000008001230       0x38 Core/Src/custom_bus.o
 .text.__io_putchar
                0x0000000008001268       0x2c Core/Src/examples.o
                0x0000000008001268                __io_putchar
 .text.__io_getchar
                0x0000000008001294       0x30 Core/Src/examples.o
                0x0000000008001294                __io_getchar
 .text.main     0x00000000080012c4      0x140 Core/Src/main.o
                0x00000000080012c4                main
 .text.SystemClock_Config
                0x0000000008001404       0xf0 Core/Src/main.o
                0x0000000008001404                SystemClock_Config
 .text.MX_CRC_Init
                0x00000000080014f4       0x44 Core/Src/main.o
 .text.MX_USART1_UART_Init
                0x0000000008001538       0x98 Core/Src/main.o
 .text.MX_GPIO_Init
                0x00000000080015d0      0x12c Core/Src/main.o
 .text.AI_Init  0x00000000080016fc       0xd0 Core/Src/main.o
 .text.AI_Run   0x00000000080017cc       0x9c Core/Src/main.o
 .text.argmax   0x0000000008001868       0x60 Core/Src/main.o
 .text.MEMS_Init
                0x00000000080018c8       0xb0 Core/Src/main.o
 .text.HAL_GPIO_EXTI_Callback
                0x0000000008001978       0x2c Core/Src/main.o
                0x0000000008001978                HAL_GPIO_EXTI_Callback
 .text.Error_Handler
                0x00000000080019a4        0x8 Core/Src/main.o
                0x00000000080019a4                Error_Handler
 .text.HAL_MspInit
                0x00000000080019ac       0x48 Core/Src/stm32l4xx_hal_msp.o
                0x00000000080019ac                HAL_MspInit
 .text.HAL_CRC_MspInit
                0x00000000080019f4       0x40 Core/Src/stm32l4xx_hal_msp.o
                0x00000000080019f4                HAL_CRC_MspInit
 .text.HAL_UART_MspInit
                0x0000000008001a34       0x88 Core/Src/stm32l4xx_hal_msp.o
                0x0000000008001a34                HAL_UART_MspInit
 .text.NMI_Handler
                0x0000000008001abc        0x6 Core/Src/stm32l4xx_it.o
                0x0000000008001abc                NMI_Handler
 .text.HardFault_Handler
                0x0000000008001ac2        0x6 Core/Src/stm32l4xx_it.o
                0x0000000008001ac2                HardFault_Handler
 .text.MemManage_Handler
                0x0000000008001ac8        0x6 Core/Src/stm32l4xx_it.o
                0x0000000008001ac8                MemManage_Handler
 .text.BusFault_Handler
                0x0000000008001ace        0x6 Core/Src/stm32l4xx_it.o
                0x0000000008001ace                BusFault_Handler
 .text.UsageFault_Handler
                0x0000000008001ad4        0x6 Core/Src/stm32l4xx_it.o
                0x0000000008001ad4                UsageFault_Handler
 .text.SVC_Handler
                0x0000000008001ada        0xe Core/Src/stm32l4xx_it.o
                0x0000000008001ada                SVC_Handler
 .text.DebugMon_Handler
                0x0000000008001ae8        0xe Core/Src/stm32l4xx_it.o
                0x0000000008001ae8                DebugMon_Handler
 .text.PendSV_Handler
                0x0000000008001af6        0xe Core/Src/stm32l4xx_it.o
                0x0000000008001af6                PendSV_Handler
 .text.SysTick_Handler
                0x0000000008001b04        0xc Core/Src/stm32l4xx_it.o
                0x0000000008001b04                SysTick_Handler
 .text.EXTI15_10_IRQHandler
                0x0000000008001b10       0x18 Core/Src/stm32l4xx_it.o
                0x0000000008001b10                EXTI15_10_IRQHandler
 .text._read    0x0000000008001b28       0x3a Core/Src/syscalls.o
                0x0000000008001b28                _read
 .text._write   0x0000000008001b62       0x38 Core/Src/syscalls.o
                0x0000000008001b62                _write
 .text._close   0x0000000008001b9a       0x18 Core/Src/syscalls.o
                0x0000000008001b9a                _close
 .text._fstat   0x0000000008001bb2       0x20 Core/Src/syscalls.o
                0x0000000008001bb2                _fstat
 .text._isatty  0x0000000008001bd2       0x16 Core/Src/syscalls.o
                0x0000000008001bd2                _isatty
 .text._lseek   0x0000000008001be8       0x1a Core/Src/syscalls.o
                0x0000000008001be8                _lseek
 *fill*         0x0000000008001c02        0x2 
 .text._sbrk    0x0000000008001c04       0x6c Core/Src/sysmem.o
                0x0000000008001c04                _sbrk
 .text.SystemInit
                0x0000000008001c70       0x6c Core/Src/system_stm32l4xx.o
                0x0000000008001c70                SystemInit
 .text.Reset_Handler
                0x0000000008001cdc       0x50 Core/Startup/startup_stm32l4s5vitx.o
                0x0000000008001cdc                Reset_Handler
 .text.Default_Handler
                0x0000000008001d2c        0x2 Core/Startup/startup_stm32l4s5vitx.o
                0x0000000008001d2c                RTC_Alarm_IRQHandler
                0x0000000008001d2c                EXTI2_IRQHandler
                0x0000000008001d2c                TIM8_TRG_COM_IRQHandler
                0x0000000008001d2c                TIM8_CC_IRQHandler
                0x0000000008001d2c                TIM1_CC_IRQHandler
                0x0000000008001d2c                TSC_IRQHandler
                0x0000000008001d2c                TAMP_STAMP_IRQHandler
                0x0000000008001d2c                EXTI3_IRQHandler
                0x0000000008001d2c                LPTIM2_IRQHandler
                0x0000000008001d2c                DFSDM1_FLT1_IRQHandler
                0x0000000008001d2c                GFXMMU_IRQHandler
                0x0000000008001d2c                I2C3_ER_IRQHandler
                0x0000000008001d2c                DFSDM1_FLT2_IRQHandler
                0x0000000008001d2c                EXTI0_IRQHandler
                0x0000000008001d2c                I2C2_EV_IRQHandler
                0x0000000008001d2c                CAN1_RX0_IRQHandler
                0x0000000008001d2c                FPU_IRQHandler
                0x0000000008001d2c                TIM1_UP_TIM16_IRQHandler
                0x0000000008001d2c                LTDC_ER_IRQHandler
                0x0000000008001d2c                SPI1_IRQHandler
                0x0000000008001d2c                OCTOSPI1_IRQHandler
                0x0000000008001d2c                TIM6_DAC_IRQHandler
                0x0000000008001d2c                DCMI_IRQHandler
                0x0000000008001d2c                TIM8_UP_IRQHandler
                0x0000000008001d2c                OCTOSPI2_IRQHandler
                0x0000000008001d2c                DMA2_Channel2_IRQHandler
                0x0000000008001d2c                DMA1_Channel4_IRQHandler
                0x0000000008001d2c                SAI2_IRQHandler
                0x0000000008001d2c                ADC1_IRQHandler
                0x0000000008001d2c                DFSDM1_FLT3_IRQHandler
                0x0000000008001d2c                USART3_IRQHandler
                0x0000000008001d2c                DMA1_Channel7_IRQHandler
                0x0000000008001d2c                CAN1_RX1_IRQHandler
                0x0000000008001d2c                UART5_IRQHandler
                0x0000000008001d2c                TIM4_IRQHandler
                0x0000000008001d2c                DMA2_Channel1_IRQHandler
                0x0000000008001d2c                I2C1_EV_IRQHandler
                0x0000000008001d2c                DMAMUX1_OVR_IRQHandler
                0x0000000008001d2c                DMA1_Channel6_IRQHandler
                0x0000000008001d2c                UART4_IRQHandler
                0x0000000008001d2c                DMA2_Channel4_IRQHandler
                0x0000000008001d2c                TIM3_IRQHandler
                0x0000000008001d2c                RCC_IRQHandler
                0x0000000008001d2c                DMA1_Channel1_IRQHandler
                0x0000000008001d2c                Default_Handler
                0x0000000008001d2c                DMA2_Channel7_IRQHandler
                0x0000000008001d2c                TIM7_IRQHandler
                0x0000000008001d2c                SDMMC1_IRQHandler
                0x0000000008001d2c                TIM5_IRQHandler
                0x0000000008001d2c                I2C3_EV_IRQHandler
                0x0000000008001d2c                EXTI9_5_IRQHandler
                0x0000000008001d2c                RTC_WKUP_IRQHandler
                0x0000000008001d2c                LTDC_IRQHandler
                0x0000000008001d2c                PVD_PVM_IRQHandler
                0x0000000008001d2c                SPI2_IRQHandler
                0x0000000008001d2c                CAN1_TX_IRQHandler
                0x0000000008001d2c                DMA2_Channel5_IRQHandler
                0x0000000008001d2c                DMA1_Channel5_IRQHandler
                0x0000000008001d2c                EXTI4_IRQHandler
                0x0000000008001d2c                RNG_IRQHandler
                0x0000000008001d2c                TIM1_TRG_COM_TIM17_IRQHandler
                0x0000000008001d2c                DMA1_Channel3_IRQHandler
                0x0000000008001d2c                COMP_IRQHandler
                0x0000000008001d2c                HASH_CRS_IRQHandler
                0x0000000008001d2c                WWDG_IRQHandler
                0x0000000008001d2c                I2C4_EV_IRQHandler
                0x0000000008001d2c                LPUART1_IRQHandler
                0x0000000008001d2c                DMA2_Channel6_IRQHandler
                0x0000000008001d2c                TIM2_IRQHandler
                0x0000000008001d2c                DMA2D_IRQHandler
                0x0000000008001d2c                EXTI1_IRQHandler
                0x0000000008001d2c                AES_IRQHandler
                0x0000000008001d2c                USART2_IRQHandler
                0x0000000008001d2c                DFSDM1_FLT0_IRQHandler
                0x0000000008001d2c                I2C2_ER_IRQHandler
                0x0000000008001d2c                DMA1_Channel2_IRQHandler
                0x0000000008001d2c                TIM8_BRK_IRQHandler
                0x0000000008001d2c                CAN1_SCE_IRQHandler
                0x0000000008001d2c                FLASH_IRQHandler
                0x0000000008001d2c                USART1_IRQHandler
                0x0000000008001d2c                OTG_FS_IRQHandler
                0x0000000008001d2c                SPI3_IRQHandler
                0x0000000008001d2c                I2C1_ER_IRQHandler
                0x0000000008001d2c                FMC_IRQHandler
                0x0000000008001d2c                LPTIM1_IRQHandler
                0x0000000008001d2c                I2C4_ER_IRQHandler
                0x0000000008001d2c                SAI1_IRQHandler
                0x0000000008001d2c                DMA2_Channel3_IRQHandler
                0x0000000008001d2c                TIM1_BRK_TIM15_IRQHandler
 *fill*         0x0000000008001d2e        0x2 
 .text.LSM6DSL_RegisterBusIO
                0x0000000008001d30       0xcc Drivers/BSP/Components/lsm6dsl/lsm6dsl.o
                0x0000000008001d30                LSM6DSL_RegisterBusIO
 .text.LSM6DSL_Init
                0x0000000008001dfc       0xd2 Drivers/BSP/Components/lsm6dsl/lsm6dsl.o
                0x0000000008001dfc                LSM6DSL_Init
 .text.LSM6DSL_ReadID
                0x0000000008001ece       0x2c Drivers/BSP/Components/lsm6dsl/lsm6dsl.o
                0x0000000008001ece                LSM6DSL_ReadID
 .text.LSM6DSL_ACC_Enable
                0x0000000008001efa       0x48 Drivers/BSP/Components/lsm6dsl/lsm6dsl.o
                0x0000000008001efa                LSM6DSL_ACC_Enable
 *fill*         0x0000000008001f42        0x2 
 .text.LSM6DSL_ACC_GetSensitivity
                0x0000000008001f44       0x8c Drivers/BSP/Components/lsm6dsl/lsm6dsl.o
                0x0000000008001f44                LSM6DSL_ACC_GetSensitivity
 .text.LSM6DSL_ACC_SetOutputDataRate
                0x0000000008001fd0       0x38 Drivers/BSP/Components/lsm6dsl/lsm6dsl.o
                0x0000000008001fd0                LSM6DSL_ACC_SetOutputDataRate
 .text.LSM6DSL_ACC_SetFullScale
                0x0000000008002008       0x50 Drivers/BSP/Components/lsm6dsl/lsm6dsl.o
                0x0000000008002008                LSM6DSL_ACC_SetFullScale
 .text.LSM6DSL_ACC_GetAxesRaw
                0x0000000008002058       0x48 Drivers/BSP/Components/lsm6dsl/lsm6dsl.o
                0x0000000008002058                LSM6DSL_ACC_GetAxesRaw
 .text.LSM6DSL_ACC_GetAxes
                0x00000000080020a0       0xae Drivers/BSP/Components/lsm6dsl/lsm6dsl.o
                0x00000000080020a0                LSM6DSL_ACC_GetAxes
 .text.LSM6DSL_Write_Reg
                0x000000000800214e       0x36 Drivers/BSP/Components/lsm6dsl/lsm6dsl.o
                0x000000000800214e                LSM6DSL_Write_Reg
 .text.LSM6DSL_ACC_Set_INT1_DRDY
                0x0000000008002184       0x68 Drivers/BSP/Components/lsm6dsl/lsm6dsl.o
                0x0000000008002184                LSM6DSL_ACC_Set_INT1_DRDY
 .text.LSM6DSL_ACC_SetOutputDataRate_When_Enabled
                0x00000000080021ec      0x118 Drivers/BSP/Components/lsm6dsl/lsm6dsl.o
 .text.LSM6DSL_ACC_SetOutputDataRate_When_Disabled
                0x0000000008002304      0x104 Drivers/BSP/Components/lsm6dsl/lsm6dsl.o
 .text.ReadRegWrap
                0x0000000008002408       0x36 Drivers/BSP/Components/lsm6dsl/lsm6dsl.o
 .text.WriteRegWrap
                0x000000000800243e       0x36 Drivers/BSP/Components/lsm6dsl/lsm6dsl.o
 .text.lsm6dsl_read_reg
                0x0000000008002474       0x30 Drivers/BSP/Components/lsm6dsl/lsm6dsl_reg.o
                0x0000000008002474                lsm6dsl_read_reg
 .text.lsm6dsl_write_reg
                0x00000000080024a4       0x30 Drivers/BSP/Components/lsm6dsl/lsm6dsl_reg.o
                0x00000000080024a4                lsm6dsl_write_reg
 .text.lsm6dsl_xl_full_scale_set
                0x00000000080024d4       0x4c Drivers/BSP/Components/lsm6dsl/lsm6dsl_reg.o
                0x00000000080024d4                lsm6dsl_xl_full_scale_set
 .text.lsm6dsl_xl_full_scale_get
                0x0000000008002520       0x70 Drivers/BSP/Components/lsm6dsl/lsm6dsl_reg.o
                0x0000000008002520                lsm6dsl_xl_full_scale_get
 .text.lsm6dsl_xl_data_rate_set
                0x0000000008002590       0x4c Drivers/BSP/Components/lsm6dsl/lsm6dsl_reg.o
                0x0000000008002590                lsm6dsl_xl_data_rate_set
 .text.lsm6dsl_gy_full_scale_set
                0x00000000080025dc       0x4c Drivers/BSP/Components/lsm6dsl/lsm6dsl_reg.o
                0x00000000080025dc                lsm6dsl_gy_full_scale_set
 .text.lsm6dsl_gy_data_rate_set
                0x0000000008002628       0x4c Drivers/BSP/Components/lsm6dsl/lsm6dsl_reg.o
                0x0000000008002628                lsm6dsl_gy_data_rate_set
 .text.lsm6dsl_block_data_update_set
                0x0000000008002674       0x4c Drivers/BSP/Components/lsm6dsl/lsm6dsl_reg.o
                0x0000000008002674                lsm6dsl_block_data_update_set
 .text.lsm6dsl_acceleration_raw_get
                0x00000000080026c0       0x22 Drivers/BSP/Components/lsm6dsl/lsm6dsl_reg.o
                0x00000000080026c0                lsm6dsl_acceleration_raw_get
 .text.lsm6dsl_device_id_get
                0x00000000080026e2       0x22 Drivers/BSP/Components/lsm6dsl/lsm6dsl_reg.o
                0x00000000080026e2                lsm6dsl_device_id_get
 .text.lsm6dsl_auto_increment_set
                0x0000000008002704       0x4c Drivers/BSP/Components/lsm6dsl/lsm6dsl_reg.o
                0x0000000008002704                lsm6dsl_auto_increment_set
 .text.lsm6dsl_pin_int1_route_set
                0x0000000008002750      0x2c6 Drivers/BSP/Components/lsm6dsl/lsm6dsl_reg.o
                0x0000000008002750                lsm6dsl_pin_int1_route_set
 .text.lsm6dsl_pin_int1_route_get
                0x0000000008002a16      0x1ac Drivers/BSP/Components/lsm6dsl/lsm6dsl_reg.o
                0x0000000008002a16                lsm6dsl_pin_int1_route_get
 .text.lsm6dsl_fifo_mode_set
                0x0000000008002bc2       0x4c Drivers/BSP/Components/lsm6dsl/lsm6dsl_reg.o
                0x0000000008002bc2                lsm6dsl_fifo_mode_set
 .text.HAL_Init
                0x0000000008002c0e       0x30 Drivers/STM32L4xx_HAL_Driver/Src/stm32l4xx_hal.o
                0x0000000008002c0e                HAL_Init
 *fill*         0x0000000008002c3e        0x2 
 .text.HAL_InitTick
                0x0000000008002c40       0x78 Drivers/STM32L4xx_HAL_Driver/Src/stm32l4xx_hal.o
                0x0000000008002c40                HAL_InitTick
 .text.HAL_IncTick
                0x0000000008002cb8       0x28 Drivers/STM32L4xx_HAL_Driver/Src/stm32l4xx_hal.o
                0x0000000008002cb8                HAL_IncTick
 .text.HAL_GetTick
                0x0000000008002ce0       0x18 Drivers/STM32L4xx_HAL_Driver/Src/stm32l4xx_hal.o
                0x0000000008002ce0                HAL_GetTick
 .text.__NVIC_SetPriorityGrouping
                0x0000000008002cf8       0x48 Drivers/STM32L4xx_HAL_Driver/Src/stm32l4xx_hal_cortex.o
 .text.__NVIC_GetPriorityGrouping
                0x0000000008002d40       0x1c Drivers/STM32L4xx_HAL_Driver/Src/stm32l4xx_hal_cortex.o
 .text.__NVIC_EnableIRQ
                0x0000000008002d5c       0x3c Drivers/STM32L4xx_HAL_Driver/Src/stm32l4xx_hal_cortex.o
 .text.__NVIC_SetPriority
                0x0000000008002d98       0x54 Drivers/STM32L4xx_HAL_Driver/Src/stm32l4xx_hal_cortex.o
 .text.NVIC_EncodePriority
                0x0000000008002dec       0x66 Drivers/STM32L4xx_HAL_Driver/Src/stm32l4xx_hal_cortex.o
 *fill*         0x0000000008002e52        0x2 
 .text.SysTick_Config
                0x0000000008002e54       0x44 Drivers/STM32L4xx_HAL_Driver/Src/stm32l4xx_hal_cortex.o
 .text.HAL_NVIC_SetPriorityGrouping
                0x0000000008002e98       0x16 Drivers/STM32L4xx_HAL_Driver/Src/stm32l4xx_hal_cortex.o
                0x0000000008002e98                HAL_NVIC_SetPriorityGrouping
 .text.HAL_NVIC_SetPriority
                0x0000000008002eae       0x38 Drivers/STM32L4xx_HAL_Driver/Src/stm32l4xx_hal_cortex.o
                0x0000000008002eae                HAL_NVIC_SetPriority
 .text.HAL_NVIC_EnableIRQ
                0x0000000008002ee6       0x1c Drivers/STM32L4xx_HAL_Driver/Src/stm32l4xx_hal_cortex.o
                0x0000000008002ee6                HAL_NVIC_EnableIRQ
 .text.HAL_SYSTICK_Config
                0x0000000008002f02       0x18 Drivers/STM32L4xx_HAL_Driver/Src/stm32l4xx_hal_cortex.o
                0x0000000008002f02                HAL_SYSTICK_Config
 *fill*         0x0000000008002f1a        0x2 
 .text.HAL_CRC_Init
                0x0000000008002f1c       0xc8 Drivers/STM32L4xx_HAL_Driver/Src/stm32l4xx_hal_crc.o
                0x0000000008002f1c                HAL_CRC_Init
 .text.HAL_CRCEx_Polynomial_Set
                0x0000000008002fe4      0x10c Drivers/STM32L4xx_HAL_Driver/Src/stm32l4xx_hal_crc_ex.o
                0x0000000008002fe4                HAL_CRCEx_Polynomial_Set
 .text.HAL_GPIO_Init
                0x00000000080030f0      0x324 Drivers/STM32L4xx_HAL_Driver/Src/stm32l4xx_hal_gpio.o
                0x00000000080030f0                HAL_GPIO_Init
 .text.HAL_GPIO_DeInit
                0x0000000008003414      0x1e4 Drivers/STM32L4xx_HAL_Driver/Src/stm32l4xx_hal_gpio.o
                0x0000000008003414                HAL_GPIO_DeInit
 .text.HAL_GPIO_WritePin
                0x00000000080035f8       0x30 Drivers/STM32L4xx_HAL_Driver/Src/stm32l4xx_hal_gpio.o
                0x00000000080035f8                HAL_GPIO_WritePin
 .text.HAL_GPIO_EXTI_IRQHandler
                0x0000000008003628       0x30 Drivers/STM32L4xx_HAL_Driver/Src/stm32l4xx_hal_gpio.o
                0x0000000008003628                HAL_GPIO_EXTI_IRQHandler
 .text.HAL_I2C_Init
                0x0000000008003658      0x11e Drivers/STM32L4xx_HAL_Driver/Src/stm32l4xx_hal_i2c.o
                0x0000000008003658                HAL_I2C_Init
 .text.HAL_I2C_DeInit
                0x0000000008003776       0x5e Drivers/STM32L4xx_HAL_Driver/Src/stm32l4xx_hal_i2c.o
                0x0000000008003776                HAL_I2C_DeInit
 .text.HAL_I2C_MspInit
                0x00000000080037d4       0x14 Drivers/STM32L4xx_HAL_Driver/Src/stm32l4xx_hal_i2c.o
                0x00000000080037d4                HAL_I2C_MspInit
 .text.HAL_I2C_MspDeInit
                0x00000000080037e8       0x14 Drivers/STM32L4xx_HAL_Driver/Src/stm32l4xx_hal_i2c.o
                0x00000000080037e8                HAL_I2C_MspDeInit
 .text.HAL_I2C_Mem_Write
                0x00000000080037fc      0x228 Drivers/STM32L4xx_HAL_Driver/Src/stm32l4xx_hal_i2c.o
                0x00000000080037fc                HAL_I2C_Mem_Write
 .text.HAL_I2C_Mem_Read
                0x0000000008003a24      0x234 Drivers/STM32L4xx_HAL_Driver/Src/stm32l4xx_hal_i2c.o
                0x0000000008003a24                HAL_I2C_Mem_Read
 .text.HAL_I2C_GetState
                0x0000000008003c58       0x1c Drivers/STM32L4xx_HAL_Driver/Src/stm32l4xx_hal_i2c.o
                0x0000000008003c58                HAL_I2C_GetState
 .text.HAL_I2C_GetError
                0x0000000008003c74       0x18 Drivers/STM32L4xx_HAL_Driver/Src/stm32l4xx_hal_i2c.o
                0x0000000008003c74                HAL_I2C_GetError
 .text.I2C_RequestMemoryWrite
                0x0000000008003c8c       0xa8 Drivers/STM32L4xx_HAL_Driver/Src/stm32l4xx_hal_i2c.o
 .text.I2C_RequestMemoryRead
                0x0000000008003d34       0xa8 Drivers/STM32L4xx_HAL_Driver/Src/stm32l4xx_hal_i2c.o
 .text.I2C_Flush_TXDR
                0x0000000008003ddc       0x48 Drivers/STM32L4xx_HAL_Driver/Src/stm32l4xx_hal_i2c.o
 .text.I2C_WaitOnFlagUntilTimeout
                0x0000000008003e24       0x80 Drivers/STM32L4xx_HAL_Driver/Src/stm32l4xx_hal_i2c.o
 .text.I2C_WaitOnTXISFlagUntilTimeout
                0x0000000008003ea4       0x80 Drivers/STM32L4xx_HAL_Driver/Src/stm32l4xx_hal_i2c.o
 .text.I2C_WaitOnSTOPFlagUntilTimeout
                0x0000000008003f24       0x78 Drivers/STM32L4xx_HAL_Driver/Src/stm32l4xx_hal_i2c.o
 .text.I2C_IsAcknowledgeFailed
                0x0000000008003f9c       0xcc Drivers/STM32L4xx_HAL_Driver/Src/stm32l4xx_hal_i2c.o
 .text.I2C_TransferConfig
                0x0000000008004068       0x5c Drivers/STM32L4xx_HAL_Driver/Src/stm32l4xx_hal_i2c.o
 .text.HAL_I2CEx_ConfigAnalogFilter
                0x00000000080040c4       0x96 Drivers/STM32L4xx_HAL_Driver/Src/stm32l4xx_hal_i2c_ex.o
                0x00000000080040c4                HAL_I2CEx_ConfigAnalogFilter
 .text.HAL_I2CEx_ConfigDigitalFilter
                0x000000000800415a       0x98 Drivers/STM32L4xx_HAL_Driver/Src/stm32l4xx_hal_i2c_ex.o
                0x000000000800415a                HAL_I2CEx_ConfigDigitalFilter
 *fill*         0x00000000080041f2        0x2 
 .text.HAL_PWREx_GetVoltageRange
                0x00000000080041f4       0x40 Drivers/STM32L4xx_HAL_Driver/Src/stm32l4xx_hal_pwr_ex.o
                0x00000000080041f4                HAL_PWREx_GetVoltageRange
 .text.HAL_PWREx_ControlVoltageScaling
                0x0000000008004234      0x148 Drivers/STM32L4xx_HAL_Driver/Src/stm32l4xx_hal_pwr_ex.o
                0x0000000008004234                HAL_PWREx_ControlVoltageScaling
 .text.HAL_RCC_OscConfig
                0x000000000800437c      0x84c Drivers/STM32L4xx_HAL_Driver/Src/stm32l4xx_hal_rcc.o
                0x000000000800437c                HAL_RCC_OscConfig
 .text.HAL_RCC_ClockConfig
                0x0000000008004bc8      0x258 Drivers/STM32L4xx_HAL_Driver/Src/stm32l4xx_hal_rcc.o
                0x0000000008004bc8                HAL_RCC_ClockConfig
 .text.HAL_RCC_GetSysClockFreq
                0x0000000008004e20      0x114 Drivers/STM32L4xx_HAL_Driver/Src/stm32l4xx_hal_rcc.o
                0x0000000008004e20                HAL_RCC_GetSysClockFreq
 .text.HAL_RCC_GetHCLKFreq
                0x0000000008004f34       0x18 Drivers/STM32L4xx_HAL_Driver/Src/stm32l4xx_hal_rcc.o
                0x0000000008004f34                HAL_RCC_GetHCLKFreq
 .text.HAL_RCC_GetPCLK1Freq
                0x0000000008004f4c       0x2c Drivers/STM32L4xx_HAL_Driver/Src/stm32l4xx_hal_rcc.o
                0x0000000008004f4c                HAL_RCC_GetPCLK1Freq
 .text.HAL_RCC_GetPCLK2Freq
                0x0000000008004f78       0x2c Drivers/STM32L4xx_HAL_Driver/Src/stm32l4xx_hal_rcc.o
                0x0000000008004f78                HAL_RCC_GetPCLK2Freq
 .text.RCC_SetFlashLatencyFromMSIRange
                0x0000000008004fa4       0xb4 Drivers/STM32L4xx_HAL_Driver/Src/stm32l4xx_hal_rcc.o
 .text.RCC_GetSysClockFreqFromPLLSource
                0x0000000008005058       0xd0 Drivers/STM32L4xx_HAL_Driver/Src/stm32l4xx_hal_rcc.o
 .text.HAL_RCCEx_PeriphCLKConfig
                0x0000000008005128      0x650 Drivers/STM32L4xx_HAL_Driver/Src/stm32l4xx_hal_rcc_ex.o
                0x0000000008005128                HAL_RCCEx_PeriphCLKConfig
 .text.RCCEx_PLLSAI1_Config
                0x0000000008005778      0x1e0 Drivers/STM32L4xx_HAL_Driver/Src/stm32l4xx_hal_rcc_ex.o
 .text.RCCEx_PLLSAI2_Config
                0x0000000008005958      0x1e0 Drivers/STM32L4xx_HAL_Driver/Src/stm32l4xx_hal_rcc_ex.o
 .text.HAL_UART_Init
                0x0000000008005b38       0xa0 Drivers/STM32L4xx_HAL_Driver/Src/stm32l4xx_hal_uart.o
                0x0000000008005b38                HAL_UART_Init
 .text.HAL_UART_Transmit
                0x0000000008005bd8      0x12e Drivers/STM32L4xx_HAL_Driver/Src/stm32l4xx_hal_uart.o
                0x0000000008005bd8                HAL_UART_Transmit
 .text.HAL_UART_Receive
                0x0000000008005d06      0x1a2 Drivers/STM32L4xx_HAL_Driver/Src/stm32l4xx_hal_uart.o
                0x0000000008005d06                HAL_UART_Receive
 .text.UART_SetConfig
                0x0000000008005ea8      0x5a4 Drivers/STM32L4xx_HAL_Driver/Src/stm32l4xx_hal_uart.o
                0x0000000008005ea8                UART_SetConfig
 .text.UART_AdvFeatureConfig
                0x000000000800644c      0x144 Drivers/STM32L4xx_HAL_Driver/Src/stm32l4xx_hal_uart.o
                0x000000000800644c                UART_AdvFeatureConfig
 .text.UART_CheckIdleState
                0x0000000008006590       0x90 Drivers/STM32L4xx_HAL_Driver/Src/stm32l4xx_hal_uart.o
                0x0000000008006590                UART_CheckIdleState
 .text.UART_WaitOnFlagUntilTimeout
                0x0000000008006620      0x100 Drivers/STM32L4xx_HAL_Driver/Src/stm32l4xx_hal_uart.o
                0x0000000008006620                UART_WaitOnFlagUntilTimeout
 .text.HAL_UARTEx_DisableFifoMode
                0x0000000008006720       0x72 Drivers/STM32L4xx_HAL_Driver/Src/stm32l4xx_hal_uart_ex.o
                0x0000000008006720                HAL_UARTEx_DisableFifoMode
 .text.HAL_UARTEx_SetTxFifoThreshold
                0x0000000008006792       0x7c Drivers/STM32L4xx_HAL_Driver/Src/stm32l4xx_hal_uart_ex.o
                0x0000000008006792                HAL_UARTEx_SetTxFifoThreshold
 .text.HAL_UARTEx_SetRxFifoThreshold
                0x000000000800680e       0x7c Drivers/STM32L4xx_HAL_Driver/Src/stm32l4xx_hal_uart_ex.o
                0x000000000800680e                HAL_UARTEx_SetRxFifoThreshold
 *fill*         0x000000000800688a        0x2 
 .text.UARTEx_SetNbDataToProcess
                0x000000000800688c       0xd0 Drivers/STM32L4xx_HAL_Driver/Src/stm32l4xx_hal_uart_ex.o
 .text.network_configure_activations
                0x000000000800695c       0xa8 X-CUBE-AI/App/network.o
 .text.network_configure_weights
                0x0000000008006a04      0x144 X-CUBE-AI/App/network.o
 .text.ai_network_get_error
                0x0000000008006b48       0x18 X-CUBE-AI/App/network.o
                0x0000000008006b48                ai_network_get_error
 .text.ai_network_create
                0x0000000008006b60       0x2c X-CUBE-AI/App/network.o
                0x0000000008006b60                ai_network_create
 .text.ai_network_init
                0x0000000008006b8c       0x7e X-CUBE-AI/App/network.o
                0x0000000008006b8c                ai_network_init
 .text.ai_network_run
                0x0000000008006c0a       0x20 X-CUBE-AI/App/network.o
                0x0000000008006c0a                ai_network_run
 *fill*         0x0000000008006c2a        0x2 
 .text.ai_network_data_weights_get
                0x0000000008006c2c       0x14 X-CUBE-AI/App/network_data.o
                0x0000000008006c2c                ai_network_data_weights_get
 .text.unlikely._platform_network_state_setup.isra.1
                0x0000000008006c40       0x3e ../Middlewares/ST/AI/Lib\NetworkRuntime520_CM4_GCC.a(ai_platform_interface.o)
 *fill*         0x0000000008006c7e        0x2 
 .text.ai_platform_network_get_error
                0x0000000008006c80       0x64 ../Middlewares/ST/AI/Lib\NetworkRuntime520_CM4_GCC.a(ai_platform_interface.o)
                0x0000000008006c80                ai_platform_network_get_error
 .text.ai_platform_network_create
                0x0000000008006ce4       0xb0 ../Middlewares/ST/AI/Lib\NetworkRuntime520_CM4_GCC.a(ai_platform_interface.o)
                0x0000000008006ce4                ai_platform_network_create
 .text.ai_platform_network_init
                0x0000000008006d94       0xfc ../Middlewares/ST/AI/Lib\NetworkRuntime520_CM4_GCC.a(ai_platform_interface.o)
                0x0000000008006d94                ai_platform_network_init
 .text.ai_platform_network_post_init
                0x0000000008006e90       0x90 ../Middlewares/ST/AI/Lib\NetworkRuntime520_CM4_GCC.a(ai_platform_interface.o)
                0x0000000008006e90                ai_platform_network_post_init
 .text.ai_platform_network_process
                0x0000000008006f20      0x414 ../Middlewares/ST/AI/Lib\NetworkRuntime520_CM4_GCC.a(ai_platform_interface.o)
                0x0000000008006f20                ai_platform_network_process
 .text.core_init
                0x0000000008007334        0x4 ../Middlewares/ST/AI/Lib\NetworkRuntime520_CM4_GCC.a(core_common.o)
                0x0000000008007334                core_init
 .text.core_get_error
                0x0000000008007338        0xc ../Middlewares/ST/AI/Lib\NetworkRuntime520_CM4_GCC.a(core_common.o)
                0x0000000008007338                core_get_error
 .text.core_set_error
                0x0000000008007344       0x18 ../Middlewares/ST/AI/Lib\NetworkRuntime520_CM4_GCC.a(core_common.o)
                0x0000000008007344                core_set_error
 .text.func_dummy
                0x000000000800735c        0x4 ../Middlewares/ST/AI/Lib\NetworkRuntime520_CM4_GCC.a(layers_conv2d_generic_float.o)
 .text.ai_dict8_dot_array_f32
                0x0000000008007360      0x19c ../Middlewares/ST/AI/Lib\NetworkRuntime520_CM4_GCC.a(layers_conv2d_generic_float.o)
                0x0000000008007360                ai_dict8_dot_array_f32
 .text.ai_dict4_dot_array_f32
                0x00000000080074fc      0x17c ../Middlewares/ST/AI/Lib\NetworkRuntime520_CM4_GCC.a(layers_conv2d_generic_float.o)
                0x00000000080074fc                ai_dict4_dot_array_f32
 .text.ai_dict_decompress_f32
                0x0000000008007678       0xa0 ../Middlewares/ST/AI/Lib\NetworkRuntime520_CM4_GCC.a(layers_conv2d_generic_float.o)
                0x0000000008007678                ai_dict_decompress_f32
 .text.forward_conv2d
                0x0000000008007718      0xf84 ../Middlewares/ST/AI/Lib\NetworkRuntime520_CM4_GCC.a(layers_conv2d_generic_float.o)
                0x0000000008007718                forward_conv2d
 .text.forward_dense
                0x000000000800869c      0x450 ../Middlewares/ST/AI/Lib\NetworkRuntime520_CM4_GCC.a(layers_conv2d_generic_float.o)
                0x000000000800869c                forward_dense
 .text.nl_func_relu_array_f32
                0x0000000008008aec       0x4c ../Middlewares/ST/AI/Lib\NetworkRuntime520_CM4_GCC.a(layers_nl_generic_float.o)
                0x0000000008008aec                nl_func_relu_array_f32
 .text.nl_func_relu_generic_array_f32
                0x0000000008008b38       0xf8 ../Middlewares/ST/AI/Lib\NetworkRuntime520_CM4_GCC.a(layers_nl_generic_float.o)
                0x0000000008008b38                nl_func_relu_generic_array_f32
 .text.forward_relu
                0x0000000008008c30      0x120 ../Middlewares/ST/AI/Lib\NetworkRuntime520_CM4_GCC.a(layers_nl_generic_float.o)
                0x0000000008008c30                forward_relu
 .text.forward_sm
                0x0000000008008d50      0x12c ../Middlewares/ST/AI/Lib\NetworkRuntime520_CM4_GCC.a(layers_nl_generic_float.o)
                0x0000000008008d50                forward_sm
 .text.ai_check_custom_types
                0x0000000008008e7c       0x54 ../Middlewares/ST/AI/Lib\NetworkRuntime520_CM4_GCC.a(layers.o)
                0x0000000008008e7c                ai_check_custom_types
 .text.ai_layers_forward_all
                0x0000000008008ed0       0x74 ../Middlewares/ST/AI/Lib\NetworkRuntime520_CM4_GCC.a(layers.o)
                0x0000000008008ed0                ai_layers_forward_all
 .text.ai_array_to_buffer_fmt
                0x0000000008008f44       0x98 ../Middlewares/ST/AI/Lib\NetworkRuntime520_CM4_GCC.a(ai_datatypes_format.o)
                0x0000000008008f44                ai_array_to_buffer_fmt
 .text.ai_array_get_byte_size
                0x0000000008008fdc       0x44 ../Middlewares/ST/AI/Lib\NetworkRuntime520_CM4_GCC.a(ai_datatypes_format.o)
                0x0000000008008fdc                ai_array_get_byte_size
 .text.__errno  0x0000000008009020        0xc d:/stm32cubeide_1.5.0/stm32cubeide/plugins/com.st.stm32cube.ide.mcu.externaltools.gnu-tools-for-stm32.7-2018-q2-update.win32_1.5.0.202011040924/tools/bin/../lib/gcc/arm-none-eabi/7.3.1/../../../../arm-none-eabi/lib/thumb/v7e-m/fpv4-sp/hard\libc_nano.a(lib_a-errno.o)
                0x0000000008009020                __errno
 .text.__libc_init_array
                0x000000000800902c       0x48 d:/stm32cubeide_1.5.0/stm32cubeide/plugins/com.st.stm32cube.ide.mcu.externaltools.gnu-tools-for-stm32.7-2018-q2-update.win32_1.5.0.202011040924/tools/bin/../lib/gcc/arm-none-eabi/7.3.1/../../../../arm-none-eabi/lib/thumb/v7e-m/fpv4-sp/hard\libc_nano.a(lib_a-init.o)
                0x000000000800902c                __libc_init_array
 .text.malloc   0x0000000008009074       0x10 d:/stm32cubeide_1.5.0/stm32cubeide/plugins/com.st.stm32cube.ide.mcu.externaltools.gnu-tools-for-stm32.7-2018-q2-update.win32_1.5.0.202011040924/tools/bin/../lib/gcc/arm-none-eabi/7.3.1/../../../../arm-none-eabi/lib/thumb/v7e-m/fpv4-sp/hard\libc_nano.a(lib_a-malloc.o)
                0x0000000008009074                malloc
 .text.memcpy   0x0000000008009084       0x16 d:/stm32cubeide_1.5.0/stm32cubeide/plugins/com.st.stm32cube.ide.mcu.externaltools.gnu-tools-for-stm32.7-2018-q2-update.win32_1.5.0.202011040924/tools/bin/../lib/gcc/arm-none-eabi/7.3.1/../../../../arm-none-eabi/lib/thumb/v7e-m/fpv4-sp/hard\libc_nano.a(lib_a-memcpy-stub.o)
                0x0000000008009084                memcpy
 .text.memset   0x000000000800909a       0x10 d:/stm32cubeide_1.5.0/stm32cubeide/plugins/com.st.stm32cube.ide.mcu.externaltools.gnu-tools-for-stm32.7-2018-q2-update.win32_1.5.0.202011040924/tools/bin/../lib/gcc/arm-none-eabi/7.3.1/../../../../arm-none-eabi/lib/thumb/v7e-m/fpv4-sp/hard\libc_nano.a(lib_a-memset.o)
                0x000000000800909a                memset
 *fill*         0x00000000080090aa        0x2 
 .text._free_r  0x00000000080090ac       0x9c d:/stm32cubeide_1.5.0/stm32cubeide/plugins/com.st.stm32cube.ide.mcu.externaltools.gnu-tools-for-stm32.7-2018-q2-update.win32_1.5.0.202011040924/tools/bin/../lib/gcc/arm-none-eabi/7.3.1/../../../../arm-none-eabi/lib/thumb/v7e-m/fpv4-sp/hard\libc_nano.a(lib_a-nano-freer.o)
                0x00000000080090ac                _free_r
 .text._malloc_r
                0x0000000008009148       0xb4 d:/stm32cubeide_1.5.0/stm32cubeide/plugins/com.st.stm32cube.ide.mcu.externaltools.gnu-tools-for-stm32.7-2018-q2-update.win32_1.5.0.202011040924/tools/bin/../lib/gcc/arm-none-eabi/7.3.1/../../../../arm-none-eabi/lib/thumb/v7e-m/fpv4-sp/hard\libc_nano.a(lib_a-nano-mallocr.o)
                0x0000000008009148                _malloc_r
 .text.__cvt    0x00000000080091fc       0xc2 d:/stm32cubeide_1.5.0/stm32cubeide/plugins/com.st.stm32cube.ide.mcu.externaltools.gnu-tools-for-stm32.7-2018-q2-update.win32_1.5.0.202011040924/tools/bin/../lib/gcc/arm-none-eabi/7.3.1/../../../../arm-none-eabi/lib/thumb/v7e-m/fpv4-sp/hard\libc_nano.a(lib_a-nano-vfprintf_float.o)
                0x00000000080091fc                __cvt
 .text.__exponent
                0x00000000080092be       0x66 d:/stm32cubeide_1.5.0/stm32cubeide/plugins/com.st.stm32cube.ide.mcu.externaltools.gnu-tools-for-stm32.7-2018-q2-update.win32_1.5.0.202011040924/tools/bin/../lib/gcc/arm-none-eabi/7.3.1/../../../../arm-none-eabi/lib/thumb/v7e-m/fpv4-sp/hard\libc_nano.a(lib_a-nano-vfprintf_float.o)
                0x00000000080092be                __exponent
 .text._printf_float
                0x0000000008009324      0x480 d:/stm32cubeide_1.5.0/stm32cubeide/plugins/com.st.stm32cube.ide.mcu.externaltools.gnu-tools-for-stm32.7-2018-q2-update.win32_1.5.0.202011040924/tools/bin/../lib/gcc/arm-none-eabi/7.3.1/../../../../arm-none-eabi/lib/thumb/v7e-m/fpv4-sp/hard\libc_nano.a(lib_a-nano-vfprintf_float.o)
                0x0000000008009324                _printf_float
 .text._printf_common
                0x00000000080097a4       0xea d:/stm32cubeide_1.5.0/stm32cubeide/plugins/com.st.stm32cube.ide.mcu.externaltools.gnu-tools-for-stm32.7-2018-q2-update.win32_1.5.0.202011040924/tools/bin/../lib/gcc/arm-none-eabi/7.3.1/../../../../arm-none-eabi/lib/thumb/v7e-m/fpv4-sp/hard\libc_nano.a(lib_a-nano-vfprintf_i.o)
                0x00000000080097a4                _printf_common
 *fill*         0x000000000800988e        0x2 
 .text._printf_i
                0x0000000008009890      0x224 d:/stm32cubeide_1.5.0/stm32cubeide/plugins/com.st.stm32cube.ide.mcu.externaltools.gnu-tools-for-stm32.7-2018-q2-update.win32_1.5.0.202011040924/tools/bin/../lib/gcc/arm-none-eabi/7.3.1/../../../../arm-none-eabi/lib/thumb/v7e-m/fpv4-sp/hard\libc_nano.a(lib_a-nano-vfprintf_i.o)
                0x0000000008009890                _printf_i
 .text.printf   0x0000000008009ab4       0x30 d:/stm32cubeide_1.5.0/stm32cubeide/plugins/com.st.stm32cube.ide.mcu.externaltools.gnu-tools-for-stm32.7-2018-q2-update.win32_1.5.0.202011040924/tools/bin/../lib/gcc/arm-none-eabi/7.3.1/../../../../arm-none-eabi/lib/thumb/v7e-m/fpv4-sp/hard\libc_nano.a(lib_a-printf.o)
                0x0000000008009ab4                iprintf
                0x0000000008009ab4                printf
 .text._puts_r  0x0000000008009ae4       0xb8 d:/stm32cubeide_1.5.0/stm32cubeide/plugins/com.st.stm32cube.ide.mcu.externaltools.gnu-tools-for-stm32.7-2018-q2-update.win32_1.5.0.202011040924/tools/bin/../lib/gcc/arm-none-eabi/7.3.1/../../../../arm-none-eabi/lib/thumb/v7e-m/fpv4-sp/hard\libc_nano.a(lib_a-puts.o)
                0x0000000008009ae4                _puts_r
 .text.puts     0x0000000008009b9c       0x10 d:/stm32cubeide_1.5.0/stm32cubeide/plugins/com.st.stm32cube.ide.mcu.externaltools.gnu-tools-for-stm32.7-2018-q2-update.win32_1.5.0.202011040924/tools/bin/../lib/gcc/arm-none-eabi/7.3.1/../../../../arm-none-eabi/lib/thumb/v7e-m/fpv4-sp/hard\libc_nano.a(lib_a-puts.o)
                0x0000000008009b9c                puts
 .text._sbrk_r  0x0000000008009bac       0x20 d:/stm32cubeide_1.5.0/stm32cubeide/plugins/com.st.stm32cube.ide.mcu.externaltools.gnu-tools-for-stm32.7-2018-q2-update.win32_1.5.0.202011040924/tools/bin/../lib/gcc/arm-none-eabi/7.3.1/../../../../arm-none-eabi/lib/thumb/v7e-m/fpv4-sp/hard\libc_nano.a(lib_a-sbrkr.o)
                0x0000000008009bac                _sbrk_r
 .text.__swbuf_r
                0x0000000008009bcc       0xa4 d:/stm32cubeide_1.5.0/stm32cubeide/plugins/com.st.stm32cube.ide.mcu.externaltools.gnu-tools-for-stm32.7-2018-q2-update.win32_1.5.0.202011040924/tools/bin/../lib/gcc/arm-none-eabi/7.3.1/../../../../arm-none-eabi/lib/thumb/v7e-m/fpv4-sp/hard\libc_nano.a(lib_a-wbuf.o)
                0x0000000008009bcc                __swbuf_r
 .text.__swsetup_r
                0x0000000008009c70       0xdc d:/stm32cubeide_1.5.0/stm32cubeide/plugins/com.st.stm32cube.ide.mcu.externaltools.gnu-tools-for-stm32.7-2018-q2-update.win32_1.5.0.202011040924/tools/bin/../lib/gcc/arm-none-eabi/7.3.1/../../../../arm-none-eabi/lib/thumb/v7e-m/fpv4-sp/hard\libc_nano.a(lib_a-wsetup.o)
                0x0000000008009c70                __swsetup_r
 .text.quorem   0x0000000008009d4c      0x118 d:/stm32cubeide_1.5.0/stm32cubeide/plugins/com.st.stm32cube.ide.mcu.externaltools.gnu-tools-for-stm32.7-2018-q2-update.win32_1.5.0.202011040924/tools/bin/../lib/gcc/arm-none-eabi/7.3.1/../../../../arm-none-eabi/lib/thumb/v7e-m/fpv4-sp/hard\libc_nano.a(lib_a-dtoa.o)
 *fill*         0x0000000008009e64        0x4 
 .text._dtoa_r  0x0000000008009e68      0xb70 d:/stm32cubeide_1.5.0/stm32cubeide/plugins/com.st.stm32cube.ide.mcu.externaltools.gnu-tools-for-stm32.7-2018-q2-update.win32_1.5.0.202011040924/tools/bin/../lib/gcc/arm-none-eabi/7.3.1/../../../../arm-none-eabi/lib/thumb/v7e-m/fpv4-sp/hard\libc_nano.a(lib_a-dtoa.o)
                0x0000000008009e68                _dtoa_r
 .text.__sflush_r
                0x000000000800a9d8      0x10c d:/stm32cubeide_1.5.0/stm32cubeide/plugins/com.st.stm32cube.ide.mcu.externaltools.gnu-tools-for-stm32.7-2018-q2-update.win32_1.5.0.202011040924/tools/bin/../lib/gcc/arm-none-eabi/7.3.1/../../../../arm-none-eabi/lib/thumb/v7e-m/fpv4-sp/hard\libc_nano.a(lib_a-fflush.o)
                0x000000000800a9d8                __sflush_r
 .text._fflush_r
                0x000000000800aae4       0x54 d:/stm32cubeide_1.5.0/stm32cubeide/plugins/com.st.stm32cube.ide.mcu.externaltools.gnu-tools-for-stm32.7-2018-q2-update.win32_1.5.0.202011040924/tools/bin/../lib/gcc/arm-none-eabi/7.3.1/../../../../arm-none-eabi/lib/thumb/v7e-m/fpv4-sp/hard\libc_nano.a(lib_a-fflush.o)
                0x000000000800aae4                _fflush_r
 .text.std      0x000000000800ab38       0x48 d:/stm32cubeide_1.5.0/stm32cubeide/plugins/com.st.stm32cube.ide.mcu.externaltools.gnu-tools-for-stm32.7-2018-q2-update.win32_1.5.0.202011040924/tools/bin/../lib/gcc/arm-none-eabi/7.3.1/../../../../arm-none-eabi/lib/thumb/v7e-m/fpv4-sp/hard\libc_nano.a(lib_a-findfp.o)
 .text._cleanup_r
                0x000000000800ab80        0xc d:/stm32cubeide_1.5.0/stm32cubeide/plugins/com.st.stm32cube.ide.mcu.externaltools.gnu-tools-for-stm32.7-2018-q2-update.win32_1.5.0.202011040924/tools/bin/../lib/gcc/arm-none-eabi/7.3.1/../../../../arm-none-eabi/lib/thumb/v7e-m/fpv4-sp/hard\libc_nano.a(lib_a-findfp.o)
                0x000000000800ab80                _cleanup_r
 .text.__sfmoreglue
                0x000000000800ab8c       0x2c d:/stm32cubeide_1.5.0/stm32cubeide/plugins/com.st.stm32cube.ide.mcu.externaltools.gnu-tools-for-stm32.7-2018-q2-update.win32_1.5.0.202011040924/tools/bin/../lib/gcc/arm-none-eabi/7.3.1/../../../../arm-none-eabi/lib/thumb/v7e-m/fpv4-sp/hard\libc_nano.a(lib_a-findfp.o)
                0x000000000800ab8c                __sfmoreglue
 .text.__sinit  0x000000000800abb8       0x60 d:/stm32cubeide_1.5.0/stm32cubeide/plugins/com.st.stm32cube.ide.mcu.externaltools.gnu-tools-for-stm32.7-2018-q2-update.win32_1.5.0.202011040924/tools/bin/../lib/gcc/arm-none-eabi/7.3.1/../../../../arm-none-eabi/lib/thumb/v7e-m/fpv4-sp/hard\libc_nano.a(lib_a-findfp.o)
                0x000000000800abb8                __sinit
 .text.__sfp    0x000000000800ac18       0x78 d:/stm32cubeide_1.5.0/stm32cubeide/plugins/com.st.stm32cube.ide.mcu.externaltools.gnu-tools-for-stm32.7-2018-q2-update.win32_1.5.0.202011040924/tools/bin/../lib/gcc/arm-none-eabi/7.3.1/../../../../arm-none-eabi/lib/thumb/v7e-m/fpv4-sp/hard\libc_nano.a(lib_a-findfp.o)
                0x000000000800ac18                __sfp
 .text._fwalk_reent
                0x000000000800ac90       0x3c d:/stm32cubeide_1.5.0/stm32cubeide/plugins/com.st.stm32cube.ide.mcu.externaltools.gnu-tools-for-stm32.7-2018-q2-update.win32_1.5.0.202011040924/tools/bin/../lib/gcc/arm-none-eabi/7.3.1/../../../../arm-none-eabi/lib/thumb/v7e-m/fpv4-sp/hard\libc_nano.a(lib_a-fwalk.o)
                0x000000000800ac90                _fwalk_reent
 .text._localeconv_r
                0x000000000800accc       0x1c d:/stm32cubeide_1.5.0/stm32cubeide/plugins/com.st.stm32cube.ide.mcu.externaltools.gnu-tools-for-stm32.7-2018-q2-update.win32_1.5.0.202011040924/tools/bin/../lib/gcc/arm-none-eabi/7.3.1/../../../../arm-none-eabi/lib/thumb/v7e-m/fpv4-sp/hard\libc_nano.a(lib_a-localeconv.o)
                0x000000000800accc                _localeconv_r
 .text.__swhatbuf_r
                0x000000000800ace8       0x48 d:/stm32cubeide_1.5.0/stm32cubeide/plugins/com.st.stm32cube.ide.mcu.externaltools.gnu-tools-for-stm32.7-2018-q2-update.win32_1.5.0.202011040924/tools/bin/../lib/gcc/arm-none-eabi/7.3.1/../../../../arm-none-eabi/lib/thumb/v7e-m/fpv4-sp/hard\libc_nano.a(lib_a-makebuf.o)
                0x000000000800ace8                __swhatbuf_r
 .text.__smakebuf_r
                0x000000000800ad30       0x80 d:/stm32cubeide_1.5.0/stm32cubeide/plugins/com.st.stm32cube.ide.mcu.externaltools.gnu-tools-for-stm32.7-2018-q2-update.win32_1.5.0.202011040924/tools/bin/../lib/gcc/arm-none-eabi/7.3.1/../../../../arm-none-eabi/lib/thumb/v7e-m/fpv4-sp/hard\libc_nano.a(lib_a-makebuf.o)
                0x000000000800ad30                __smakebuf_r
 .text.__malloc_lock
                0x000000000800adb0        0x2 d:/stm32cubeide_1.5.0/stm32cubeide/plugins/com.st.stm32cube.ide.mcu.externaltools.gnu-tools-for-stm32.7-2018-q2-update.win32_1.5.0.202011040924/tools/bin/../lib/gcc/arm-none-eabi/7.3.1/../../../../arm-none-eabi/lib/thumb/v7e-m/fpv4-sp/hard\libc_nano.a(lib_a-mlock.o)
                0x000000000800adb0                __malloc_lock
 .text.__malloc_unlock
                0x000000000800adb2        0x2 d:/stm32cubeide_1.5.0/stm32cubeide/plugins/com.st.stm32cube.ide.mcu.externaltools.gnu-tools-for-stm32.7-2018-q2-update.win32_1.5.0.202011040924/tools/bin/../lib/gcc/arm-none-eabi/7.3.1/../../../../arm-none-eabi/lib/thumb/v7e-m/fpv4-sp/hard\libc_nano.a(lib_a-mlock.o)
                0x000000000800adb2                __malloc_unlock
 .text._Balloc  0x000000000800adb4       0x68 d:/stm32cubeide_1.5.0/stm32cubeide/plugins/com.st.stm32cube.ide.mcu.externaltools.gnu-tools-for-stm32.7-2018-q2-update.win32_1.5.0.202011040924/tools/bin/../lib/gcc/arm-none-eabi/7.3.1/../../../../arm-none-eabi/lib/thumb/v7e-m/fpv4-sp/hard\libc_nano.a(lib_a-mprec.o)
                0x000000000800adb4                _Balloc
 .text._Bfree   0x000000000800ae1c       0x2e d:/stm32cubeide_1.5.0/stm32cubeide/plugins/com.st.stm32cube.ide.mcu.externaltools.gnu-tools-for-stm32.7-2018-q2-update.win32_1.5.0.202011040924/tools/bin/../lib/gcc/arm-none-eabi/7.3.1/../../../../arm-none-eabi/lib/thumb/v7e-m/fpv4-sp/hard\libc_nano.a(lib_a-mprec.o)
                0x000000000800ae1c                _Bfree
 .text.__multadd
                0x000000000800ae4a       0x76 d:/stm32cubeide_1.5.0/stm32cubeide/plugins/com.st.stm32cube.ide.mcu.externaltools.gnu-tools-for-stm32.7-2018-q2-update.win32_1.5.0.202011040924/tools/bin/../lib/gcc/arm-none-eabi/7.3.1/../../../../arm-none-eabi/lib/thumb/v7e-m/fpv4-sp/hard\libc_nano.a(lib_a-mprec.o)
                0x000000000800ae4a                __multadd
 .text.__hi0bits
                0x000000000800aec0       0x3e d:/stm32cubeide_1.5.0/stm32cubeide/plugins/com.st.stm32cube.ide.mcu.externaltools.gnu-tools-for-stm32.7-2018-q2-update.win32_1.5.0.202011040924/tools/bin/../lib/gcc/arm-none-eabi/7.3.1/../../../../arm-none-eabi/lib/thumb/v7e-m/fpv4-sp/hard\libc_nano.a(lib_a-mprec.o)
                0x000000000800aec0                __hi0bits
 .text.__lo0bits
                0x000000000800aefe       0x5e d:/stm32cubeide_1.5.0/stm32cubeide/plugins/com.st.stm32cube.ide.mcu.externaltools.gnu-tools-for-stm32.7-2018-q2-update.win32_1.5.0.202011040924/tools/bin/../lib/gcc/arm-none-eabi/7.3.1/../../../../arm-none-eabi/lib/thumb/v7e-m/fpv4-sp/hard\libc_nano.a(lib_a-mprec.o)
                0x000000000800aefe                __lo0bits
 .text.__i2b    0x000000000800af5c       0x12 d:/stm32cubeide_1.5.0/stm32cubeide/plugins/com.st.stm32cube.ide.mcu.externaltools.gnu-tools-for-stm32.7-2018-q2-update.win32_1.5.0.202011040924/tools/bin/../lib/gcc/arm-none-eabi/7.3.1/../../../../arm-none-eabi/lib/thumb/v7e-m/fpv4-sp/hard\libc_nano.a(lib_a-mprec.o)
                0x000000000800af5c                __i2b
 .text.__multiply
                0x000000000800af6e      0x12c d:/stm32cubeide_1.5.0/stm32cubeide/plugins/com.st.stm32cube.ide.mcu.externaltools.gnu-tools-for-stm32.7-2018-q2-update.win32_1.5.0.202011040924/tools/bin/../lib/gcc/arm-none-eabi/7.3.1/../../../../arm-none-eabi/lib/thumb/v7e-m/fpv4-sp/hard\libc_nano.a(lib_a-mprec.o)
                0x000000000800af6e                __multiply
 *fill*         0x000000000800b09a        0x2 
 .text.__pow5mult
                0x000000000800b09c       0x9c d:/stm32cubeide_1.5.0/stm32cubeide/plugins/com.st.stm32cube.ide.mcu.externaltools.gnu-tools-for-stm32.7-2018-q2-update.win32_1.5.0.202011040924/tools/bin/../lib/gcc/arm-none-eabi/7.3.1/../../../../arm-none-eabi/lib/thumb/v7e-m/fpv4-sp/hard\libc_nano.a(lib_a-mprec.o)
                0x000000000800b09c                __pow5mult
 .text.__lshift
                0x000000000800b138       0xa8 d:/stm32cubeide_1.5.0/stm32cubeide/plugins/com.st.stm32cube.ide.mcu.externaltools.gnu-tools-for-stm32.7-2018-q2-update.win32_1.5.0.202011040924/tools/bin/../lib/gcc/arm-none-eabi/7.3.1/../../../../arm-none-eabi/lib/thumb/v7e-m/fpv4-sp/hard\libc_nano.a(lib_a-mprec.o)
                0x000000000800b138                __lshift
 .text.__mcmp   0x000000000800b1e0       0x34 d:/stm32cubeide_1.5.0/stm32cubeide/plugins/com.st.stm32cube.ide.mcu.externaltools.gnu-tools-for-stm32.7-2018-q2-update.win32_1.5.0.202011040924/tools/bin/../lib/gcc/arm-none-eabi/7.3.1/../../../../arm-none-eabi/lib/thumb/v7e-m/fpv4-sp/hard\libc_nano.a(lib_a-mprec.o)
                0x000000000800b1e0                __mcmp
 .text.__mdiff  0x000000000800b214       0xba d:/stm32cubeide_1.5.0/stm32cubeide/plugins/com.st.stm32cube.ide.mcu.externaltools.gnu-tools-for-stm32.7-2018-q2-update.win32_1.5.0.202011040924/tools/bin/../lib/gcc/arm-none-eabi/7.3.1/../../../../arm-none-eabi/lib/thumb/v7e-m/fpv4-sp/hard\libc_nano.a(lib_a-mprec.o)
                0x000000000800b214                __mdiff
 .text.__d2b    0x000000000800b2ce       0x9e d:/stm32cubeide_1.5.0/stm32cubeide/plugins/com.st.stm32cube.ide.mcu.externaltools.gnu-tools-for-stm32.7-2018-q2-update.win32_1.5.0.202011040924/tools/bin/../lib/gcc/arm-none-eabi/7.3.1/../../../../arm-none-eabi/lib/thumb/v7e-m/fpv4-sp/hard\libc_nano.a(lib_a-mprec.o)
                0x000000000800b2ce                __d2b
 .text._calloc_r
                0x000000000800b36c       0x1c d:/stm32cubeide_1.5.0/stm32cubeide/plugins/com.st.stm32cube.ide.mcu.externaltools.gnu-tools-for-stm32.7-2018-q2-update.win32_1.5.0.202011040924/tools/bin/../lib/gcc/arm-none-eabi/7.3.1/../../../../arm-none-eabi/lib/thumb/v7e-m/fpv4-sp/hard\libc_nano.a(lib_a-nano-callocr.o)
                0x000000000800b36c                _calloc_r
 .text.__sfputc_r
                0x000000000800b388       0x2e d:/stm32cubeide_1.5.0/stm32cubeide/plugins/com.st.stm32cube.ide.mcu.externaltools.gnu-tools-for-stm32.7-2018-q2-update.win32_1.5.0.202011040924/tools/bin/../lib/gcc/arm-none-eabi/7.3.1/../../../../arm-none-eabi/lib/thumb/v7e-m/fpv4-sp/hard\libc_nano.a(lib_a-nano-vfprintf.o)
 .text.__sfputs_r
                0x000000000800b3b6       0x24 d:/stm32cubeide_1.5.0/stm32cubeide/plugins/com.st.stm32cube.ide.mcu.externaltools.gnu-tools-for-stm32.7-2018-q2-update.win32_1.5.0.202011040924/tools/bin/../lib/gcc/arm-none-eabi/7.3.1/../../../../arm-none-eabi/lib/thumb/v7e-m/fpv4-sp/hard\libc_nano.a(lib_a-nano-vfprintf.o)
                0x000000000800b3b6                __sfputs_r
 *fill*         0x000000000800b3da        0x2 
 .text._vfprintf_r
                0x000000000800b3dc      0x22c d:/stm32cubeide_1.5.0/stm32cubeide/plugins/com.st.stm32cube.ide.mcu.externaltools.gnu-tools-for-stm32.7-2018-q2-update.win32_1.5.0.202011040924/tools/bin/../lib/gcc/arm-none-eabi/7.3.1/../../../../arm-none-eabi/lib/thumb/v7e-m/fpv4-sp/hard\libc_nano.a(lib_a-nano-vfprintf.o)
                0x000000000800b3dc                _vfprintf_r
                0x000000000800b3dc                _vfiprintf_r
 .text.__sread  0x000000000800b608       0x22 d:/stm32cubeide_1.5.0/stm32cubeide/plugins/com.st.stm32cube.ide.mcu.externaltools.gnu-tools-for-stm32.7-2018-q2-update.win32_1.5.0.202011040924/tools/bin/../lib/gcc/arm-none-eabi/7.3.1/../../../../arm-none-eabi/lib/thumb/v7e-m/fpv4-sp/hard\libc_nano.a(lib_a-stdio.o)
                0x000000000800b608                __sread
 .text.__swrite
                0x000000000800b62a       0x38 d:/stm32cubeide_1.5.0/stm32cubeide/plugins/com.st.stm32cube.ide.mcu.externaltools.gnu-tools-for-stm32.7-2018-q2-update.win32_1.5.0.202011040924/tools/bin/../lib/gcc/arm-none-eabi/7.3.1/../../../../arm-none-eabi/lib/thumb/v7e-m/fpv4-sp/hard\libc_nano.a(lib_a-stdio.o)
                0x000000000800b62a                __swrite
 .text.__sseek  0x000000000800b662       0x24 d:/stm32cubeide_1.5.0/stm32cubeide/plugins/com.st.stm32cube.ide.mcu.externaltools.gnu-tools-for-stm32.7-2018-q2-update.win32_1.5.0.202011040924/tools/bin/../lib/gcc/arm-none-eabi/7.3.1/../../../../arm-none-eabi/lib/thumb/v7e-m/fpv4-sp/hard\libc_nano.a(lib_a-stdio.o)
                0x000000000800b662                __sseek
 .text.__sclose
                0x000000000800b686        0x8 d:/stm32cubeide_1.5.0/stm32cubeide/plugins/com.st.stm32cube.ide.mcu.externaltools.gnu-tools-for-stm32.7-2018-q2-update.win32_1.5.0.202011040924/tools/bin/../lib/gcc/arm-none-eabi/7.3.1/../../../../arm-none-eabi/lib/thumb/v7e-m/fpv4-sp/hard\libc_nano.a(lib_a-stdio.o)
                0x000000000800b686                __sclose
 *fill*         0x000000000800b68e        0x2 
 .text._write_r
                0x000000000800b690       0x24 d:/stm32cubeide_1.5.0/stm32cubeide/plugins/com.st.stm32cube.ide.mcu.externaltools.gnu-tools-for-stm32.7-2018-q2-update.win32_1.5.0.202011040924/tools/bin/../lib/gcc/arm-none-eabi/7.3.1/../../../../arm-none-eabi/lib/thumb/v7e-m/fpv4-sp/hard\libc_nano.a(lib_a-writer.o)
                0x000000000800b690                _write_r
 .text._close_r
                0x000000000800b6b4       0x20 d:/stm32cubeide_1.5.0/stm32cubeide/plugins/com.st.stm32cube.ide.mcu.externaltools.gnu-tools-for-stm32.7-2018-q2-update.win32_1.5.0.202011040924/tools/bin/../lib/gcc/arm-none-eabi/7.3.1/../../../../arm-none-eabi/lib/thumb/v7e-m/fpv4-sp/hard\libc_nano.a(lib_a-closer.o)
                0x000000000800b6b4                _close_r
 .text._fstat_r
                0x000000000800b6d4       0x24 d:/stm32cubeide_1.5.0/stm32cubeide/plugins/com.st.stm32cube.ide.mcu.externaltools.gnu-tools-for-stm32.7-2018-q2-update.win32_1.5.0.202011040924/tools/bin/../lib/gcc/arm-none-eabi/7.3.1/../../../../arm-none-eabi/lib/thumb/v7e-m/fpv4-sp/hard\libc_nano.a(lib_a-fstatr.o)
                0x000000000800b6d4                _fstat_r
 .text._isatty_r
                0x000000000800b6f8       0x20 d:/stm32cubeide_1.5.0/stm32cubeide/plugins/com.st.stm32cube.ide.mcu.externaltools.gnu-tools-for-stm32.7-2018-q2-update.win32_1.5.0.202011040924/tools/bin/../lib/gcc/arm-none-eabi/7.3.1/../../../../arm-none-eabi/lib/thumb/v7e-m/fpv4-sp/hard\libc_nano.a(lib_a-isattyr.o)
                0x000000000800b6f8                _isatty_r
 .text._lseek_r
                0x000000000800b718       0x24 d:/stm32cubeide_1.5.0/stm32cubeide/plugins/com.st.stm32cube.ide.mcu.externaltools.gnu-tools-for-stm32.7-2018-q2-update.win32_1.5.0.202011040924/tools/bin/../lib/gcc/arm-none-eabi/7.3.1/../../../../arm-none-eabi/lib/thumb/v7e-m/fpv4-sp/hard\libc_nano.a(lib_a-lseekr.o)
                0x000000000800b718                _lseek_r
 .text.__ascii_mbtowc
                0x000000000800b73c       0x24 d:/stm32cubeide_1.5.0/stm32cubeide/plugins/com.st.stm32cube.ide.mcu.externaltools.gnu-tools-for-stm32.7-2018-q2-update.win32_1.5.0.202011040924/tools/bin/../lib/gcc/arm-none-eabi/7.3.1/../../../../arm-none-eabi/lib/thumb/v7e-m/fpv4-sp/hard\libc_nano.a(lib_a-mbtowc_r.o)
                0x000000000800b73c                __ascii_mbtowc
 .text._read_r  0x000000000800b760       0x24 d:/stm32cubeide_1.5.0/stm32cubeide/plugins/com.st.stm32cube.ide.mcu.externaltools.gnu-tools-for-stm32.7-2018-q2-update.win32_1.5.0.202011040924/tools/bin/../lib/gcc/arm-none-eabi/7.3.1/../../../../arm-none-eabi/lib/thumb/v7e-m/fpv4-sp/hard\libc_nano.a(lib_a-readr.o)
                0x000000000800b760                _read_r
 .text.__ascii_wctomb
                0x000000000800b784       0x1a d:/stm32cubeide_1.5.0/stm32cubeide/plugins/com.st.stm32cube.ide.mcu.externaltools.gnu-tools-for-stm32.7-2018-q2-update.win32_1.5.0.202011040924/tools/bin/../lib/gcc/arm-none-eabi/7.3.1/../../../../arm-none-eabi/lib/thumb/v7e-m/fpv4-sp/hard\libc_nano.a(lib_a-wctomb_r.o)
                0x000000000800b784                __ascii_wctomb
 *fill*         0x000000000800b79e        0x2 
 .text.expf     0x000000000800b7a0       0xf4 d:/stm32cubeide_1.5.0/stm32cubeide/plugins/com.st.stm32cube.ide.mcu.externaltools.gnu-tools-for-stm32.7-2018-q2-update.win32_1.5.0.202011040924/tools/bin/../lib/gcc/arm-none-eabi/7.3.1/../../../../arm-none-eabi/lib/thumb/v7e-m/fpv4-sp/hard\libm.a(lib_a-wf_exp.o)
                0x000000000800b7a0                expf
 .text.__ieee754_expf
                0x000000000800b894      0x1a8 d:/stm32cubeide_1.5.0/stm32cubeide/plugins/com.st.stm32cube.ide.mcu.externaltools.gnu-tools-for-stm32.7-2018-q2-update.win32_1.5.0.202011040924/tools/bin/../lib/gcc/arm-none-eabi/7.3.1/../../../../arm-none-eabi/lib/thumb/v7e-m/fpv4-sp/hard\libm.a(lib_a-ef_exp.o)
                0x000000000800b894                __ieee754_expf
 .text.matherr  0x000000000800ba3c        0x4 d:/stm32cubeide_1.5.0/stm32cubeide/plugins/com.st.stm32cube.ide.mcu.externaltools.gnu-tools-for-stm32.7-2018-q2-update.win32_1.5.0.202011040924/tools/bin/../lib/gcc/arm-none-eabi/7.3.1/../../../../arm-none-eabi/lib/thumb/v7e-m/fpv4-sp/hard\libm.a(lib_a-s_matherr.o)
                0x000000000800ba3c                matherr
 .text.finitef  0x000000000800ba40       0x14 d:/stm32cubeide_1.5.0/stm32cubeide/plugins/com.st.stm32cube.ide.mcu.externaltools.gnu-tools-for-stm32.7-2018-q2-update.win32_1.5.0.202011040924/tools/bin/../lib/gcc/arm-none-eabi/7.3.1/../../../../arm-none-eabi/lib/thumb/v7e-m/fpv4-sp/hard\libm.a(lib_a-sf_finite.o)
                0x000000000800ba40                finitef
 *(.glue_7)
 .glue_7        0x000000000800ba54        0x0 linker stubs
 *(.glue_7t)
 .glue_7t       0x000000000800ba54        0x0 linker stubs
 *(.eh_frame)
 .eh_frame      0x000000000800ba54        0x0 d:/stm32cubeide_1.5.0/stm32cubeide/plugins/com.st.stm32cube.ide.mcu.externaltools.gnu-tools-for-stm32.7-2018-q2-update.win32_1.5.0.202011040924/tools/bin/../lib/gcc/arm-none-eabi/7.3.1/thumb/v7e-m/fpv4-sp/hard/crtbegin.o
 *(.init)
 .init          0x000000000800ba54        0x4 d:/stm32cubeide_1.5.0/stm32cubeide/plugins/com.st.stm32cube.ide.mcu.externaltools.gnu-tools-for-stm32.7-2018-q2-update.win32_1.5.0.202011040924/tools/bin/../lib/gcc/arm-none-eabi/7.3.1/thumb/v7e-m/fpv4-sp/hard/crti.o
                0x000000000800ba54                _init
 .init          0x000000000800ba58        0x8 d:/stm32cubeide_1.5.0/stm32cubeide/plugins/com.st.stm32cube.ide.mcu.externaltools.gnu-tools-for-stm32.7-2018-q2-update.win32_1.5.0.202011040924/tools/bin/../lib/gcc/arm-none-eabi/7.3.1/thumb/v7e-m/fpv4-sp/hard/crtn.o
 *(.fini)
 .fini          0x000000000800ba60        0x4 d:/stm32cubeide_1.5.0/stm32cubeide/plugins/com.st.stm32cube.ide.mcu.externaltools.gnu-tools-for-stm32.7-2018-q2-update.win32_1.5.0.202011040924/tools/bin/../lib/gcc/arm-none-eabi/7.3.1/thumb/v7e-m/fpv4-sp/hard/crti.o
                0x000000000800ba60                _fini
 .fini          0x000000000800ba64        0x8 d:/stm32cubeide_1.5.0/stm32cubeide/plugins/com.st.stm32cube.ide.mcu.externaltools.gnu-tools-for-stm32.7-2018-q2-update.win32_1.5.0.202011040924/tools/bin/../lib/gcc/arm-none-eabi/7.3.1/thumb/v7e-m/fpv4-sp/hard/crtn.o
                0x000000000800ba6c                . = ALIGN (0x4)
                0x000000000800ba6c                _etext = .

.vfp11_veneer   0x000000000800ba6c        0x0
 .vfp11_veneer  0x000000000800ba6c        0x0 linker stubs

.v4_bx          0x000000000800ba6c        0x0
 .v4_bx         0x000000000800ba6c        0x0 linker stubs

.iplt           0x000000000800ba6c        0x0
 .iplt          0x000000000800ba6c        0x0 d:/stm32cubeide_1.5.0/stm32cubeide/plugins/com.st.stm32cube.ide.mcu.externaltools.gnu-tools-for-stm32.7-2018-q2-update.win32_1.5.0.202011040924/tools/bin/../lib/gcc/arm-none-eabi/7.3.1/thumb/v7e-m/fpv4-sp/hard/crtbegin.o

.rodata         0x000000000800ba70     0xc148
                0x000000000800ba70                . = ALIGN (0x4)
 *(.rodata)
 .rodata        0x000000000800ba70      0x115 Core/Src/main.o
 *fill*         0x000000000800bb85        0x3 
 .rodata        0x000000000800bb88       0x10 Drivers/STM32L4xx_HAL_Driver/Src/stm32l4xx_hal_uart_ex.o
 .rodata        0x000000000800bb98        0x4 ../Middlewares/ST/AI/Lib\NetworkRuntime520_CM4_GCC.a(layers.o)
 *(.rodata*)
 .rodata.AHBPrescTable
                0x000000000800bb9c       0x10 Core/Src/system_stm32l4xx.o
                0x000000000800bb9c                AHBPrescTable
 .rodata.APBPrescTable
                0x000000000800bbac        0x8 Core/Src/system_stm32l4xx.o
                0x000000000800bbac                APBPrescTable
 .rodata.MSIRangeTable
                0x000000000800bbb4       0x30 Core/Src/system_stm32l4xx.o
                0x000000000800bbb4                MSIRangeTable
 .rodata.UARTPrescTable
                0x000000000800bbe4       0x18 Drivers/STM32L4xx_HAL_Driver/Src/stm32l4xx_hal_uart.o
                0x000000000800bbe4                UARTPrescTable
 .rodata.conv1d_35_chain
                0x000000000800bbfc        0x8 X-CUBE-AI/App/network.o
 .rodata.conv1d_36_chain
                0x000000000800bc04        0x8 X-CUBE-AI/App/network.o
 .rodata.dense_40_chain
                0x000000000800bc0c        0x8 X-CUBE-AI/App/network.o
 .rodata.dense_40_nl_chain
                0x000000000800bc14        0x8 X-CUBE-AI/App/network.o
 .rodata.dense_41_chain
                0x000000000800bc1c        0x8 X-CUBE-AI/App/network.o
 .rodata.dense_41_nl_chain
                0x000000000800bc24        0x8 X-CUBE-AI/App/network.o
 .rodata.s_network_weights.5657
                0x000000000800bc2c     0xbcac X-CUBE-AI/App/network_data.o
 .rodata._global_impure_ptr
                0x00000000080178d8        0x4 d:/stm32cubeide_1.5.0/stm32cubeide/plugins/com.st.stm32cube.ide.mcu.externaltools.gnu-tools-for-stm32.7-2018-q2-update.win32_1.5.0.202011040924/tools/bin/../lib/gcc/arm-none-eabi/7.3.1/../../../../arm-none-eabi/lib/thumb/v7e-m/fpv4-sp/hard\libc_nano.a(lib_a-impure.o)
                0x00000000080178d8                _global_impure_ptr
 .rodata._printf_float.str1.1
                0x00000000080178dc       0x12 d:/stm32cubeide_1.5.0/stm32cubeide/plugins/com.st.stm32cube.ide.mcu.externaltools.gnu-tools-for-stm32.7-2018-q2-update.win32_1.5.0.202011040924/tools/bin/../lib/gcc/arm-none-eabi/7.3.1/../../../../arm-none-eabi/lib/thumb/v7e-m/fpv4-sp/hard\libc_nano.a(lib_a-nano-vfprintf_float.o)
 .rodata._printf_i.str1.1
                0x00000000080178ee       0x22 d:/stm32cubeide_1.5.0/stm32cubeide/plugins/com.st.stm32cube.ide.mcu.externaltools.gnu-tools-for-stm32.7-2018-q2-update.win32_1.5.0.202011040924/tools/bin/../lib/gcc/arm-none-eabi/7.3.1/../../../../arm-none-eabi/lib/thumb/v7e-m/fpv4-sp/hard\libc_nano.a(lib_a-nano-vfprintf_i.o)
 .rodata._dtoa_r.str1.1
                0x0000000008017910        0xd d:/stm32cubeide_1.5.0/stm32cubeide/plugins/com.st.stm32cube.ide.mcu.externaltools.gnu-tools-for-stm32.7-2018-q2-update.win32_1.5.0.202011040924/tools/bin/../lib/gcc/arm-none-eabi/7.3.1/../../../../arm-none-eabi/lib/thumb/v7e-m/fpv4-sp/hard\libc_nano.a(lib_a-dtoa.o)
                                          0xf (size before relaxing)
 *fill*         0x000000000801791d        0x3 
 .rodata.__sf_fake_stderr
                0x0000000008017920       0x20 d:/stm32cubeide_1.5.0/stm32cubeide/plugins/com.st.stm32cube.ide.mcu.externaltools.gnu-tools-for-stm32.7-2018-q2-update.win32_1.5.0.202011040924/tools/bin/../lib/gcc/arm-none-eabi/7.3.1/../../../../arm-none-eabi/lib/thumb/v7e-m/fpv4-sp/hard\libc_nano.a(lib_a-findfp.o)
                0x0000000008017920                __sf_fake_stderr
 .rodata.__sf_fake_stdin
                0x0000000008017940       0x20 d:/stm32cubeide_1.5.0/stm32cubeide/plugins/com.st.stm32cube.ide.mcu.externaltools.gnu-tools-for-stm32.7-2018-q2-update.win32_1.5.0.202011040924/tools/bin/../lib/gcc/arm-none-eabi/7.3.1/../../../../arm-none-eabi/lib/thumb/v7e-m/fpv4-sp/hard\libc_nano.a(lib_a-findfp.o)
                0x0000000008017940                __sf_fake_stdin
 .rodata.__sf_fake_stdout
                0x0000000008017960       0x20 d:/stm32cubeide_1.5.0/stm32cubeide/plugins/com.st.stm32cube.ide.mcu.externaltools.gnu-tools-for-stm32.7-2018-q2-update.win32_1.5.0.202011040924/tools/bin/../lib/gcc/arm-none-eabi/7.3.1/../../../../arm-none-eabi/lib/thumb/v7e-m/fpv4-sp/hard\libc_nano.a(lib_a-findfp.o)
                0x0000000008017960                __sf_fake_stdout
 .rodata.__mprec_bigtens
                0x0000000008017980       0x28 d:/stm32cubeide_1.5.0/stm32cubeide/plugins/com.st.stm32cube.ide.mcu.externaltools.gnu-tools-for-stm32.7-2018-q2-update.win32_1.5.0.202011040924/tools/bin/../lib/gcc/arm-none-eabi/7.3.1/../../../../arm-none-eabi/lib/thumb/v7e-m/fpv4-sp/hard\libc_nano.a(lib_a-mprec.o)
                0x0000000008017980                __mprec_bigtens
 .rodata.__mprec_tens
                0x00000000080179a8       0xc8 d:/stm32cubeide_1.5.0/stm32cubeide/plugins/com.st.stm32cube.ide.mcu.externaltools.gnu-tools-for-stm32.7-2018-q2-update.win32_1.5.0.202011040924/tools/bin/../lib/gcc/arm-none-eabi/7.3.1/../../../../arm-none-eabi/lib/thumb/v7e-m/fpv4-sp/hard\libc_nano.a(lib_a-mprec.o)
                0x00000000080179a8                __mprec_tens
 .rodata.p05.7359
                0x0000000008017a70        0xc d:/stm32cubeide_1.5.0/stm32cubeide/plugins/com.st.stm32cube.ide.mcu.externaltools.gnu-tools-for-stm32.7-2018-q2-update.win32_1.5.0.202011040924/tools/bin/../lib/gcc/arm-none-eabi/7.3.1/../../../../arm-none-eabi/lib/thumb/v7e-m/fpv4-sp/hard\libc_nano.a(lib_a-mprec.o)
 .rodata._vfprintf_r.str1.1
                0x0000000008017a7c       0x11 d:/stm32cubeide_1.5.0/stm32cubeide/plugins/com.st.stm32cube.ide.mcu.externaltools.gnu-tools-for-stm32.7-2018-q2-update.win32_1.5.0.202011040924/tools/bin/../lib/gcc/arm-none-eabi/7.3.1/../../../../arm-none-eabi/lib/thumb/v7e-m/fpv4-sp/hard\libc_nano.a(lib_a-nano-vfprintf.o)
 .rodata._setlocale_r.str1.1
                0x0000000008017a8d        0x8 d:/stm32cubeide_1.5.0/stm32cubeide/plugins/com.st.stm32cube.ide.mcu.externaltools.gnu-tools-for-stm32.7-2018-q2-update.win32_1.5.0.202011040924/tools/bin/../lib/gcc/arm-none-eabi/7.3.1/../../../../arm-none-eabi/lib/thumb/v7e-m/fpv4-sp/hard\libc_nano.a(lib_a-locale.o)
                                          0x9 (size before relaxing)
 .rodata.str1.1
                0x0000000008017a95        0x2 d:/stm32cubeide_1.5.0/stm32cubeide/plugins/com.st.stm32cube.ide.mcu.externaltools.gnu-tools-for-stm32.7-2018-q2-update.win32_1.5.0.202011040924/tools/bin/../lib/gcc/arm-none-eabi/7.3.1/../../../../arm-none-eabi/lib/thumb/v7e-m/fpv4-sp/hard\libc_nano.a(lib_a-locale.o)
 .rodata._ctype_
                0x0000000008017a97      0x101 d:/stm32cubeide_1.5.0/stm32cubeide/plugins/com.st.stm32cube.ide.mcu.externaltools.gnu-tools-for-stm32.7-2018-q2-update.win32_1.5.0.202011040924/tools/bin/../lib/gcc/arm-none-eabi/7.3.1/../../../../arm-none-eabi/lib/thumb/v7e-m/fpv4-sp/hard\libc_nano.a(lib_a-ctype_.o)
                0x0000000008017a97                _ctype_
 .rodata.expf.str1.1
                0x0000000008017b98        0x5 d:/stm32cubeide_1.5.0/stm32cubeide/plugins/com.st.stm32cube.ide.mcu.externaltools.gnu-tools-for-stm32.7-2018-q2-update.win32_1.5.0.202011040924/tools/bin/../lib/gcc/arm-none-eabi/7.3.1/../../../../arm-none-eabi/lib/thumb/v7e-m/fpv4-sp/hard\libm.a(lib_a-wf_exp.o)
 *fill*         0x0000000008017b9d        0x3 
 .rodata.halF   0x0000000008017ba0        0x8 d:/stm32cubeide_1.5.0/stm32cubeide/plugins/com.st.stm32cube.ide.mcu.externaltools.gnu-tools-for-stm32.7-2018-q2-update.win32_1.5.0.202011040924/tools/bin/../lib/gcc/arm-none-eabi/7.3.1/../../../../arm-none-eabi/lib/thumb/v7e-m/fpv4-sp/hard\libm.a(lib_a-ef_exp.o)
 .rodata.ln2HI  0x0000000008017ba8        0x8 d:/stm32cubeide_1.5.0/stm32cubeide/plugins/com.st.stm32cube.ide.mcu.externaltools.gnu-tools-for-stm32.7-2018-q2-update.win32_1.5.0.202011040924/tools/bin/../lib/gcc/arm-none-eabi/7.3.1/../../../../arm-none-eabi/lib/thumb/v7e-m/fpv4-sp/hard\libm.a(lib_a-ef_exp.o)
 .rodata.ln2LO  0x0000000008017bb0        0x8 d:/stm32cubeide_1.5.0/stm32cubeide/plugins/com.st.stm32cube.ide.mcu.externaltools.gnu-tools-for-stm32.7-2018-q2-update.win32_1.5.0.202011040924/tools/bin/../lib/gcc/arm-none-eabi/7.3.1/../../../../arm-none-eabi/lib/thumb/v7e-m/fpv4-sp/hard\libm.a(lib_a-ef_exp.o)
                0x0000000008017bb8                . = ALIGN (0x4)

.ARM.extab      0x0000000008017bb8        0x0
                0x0000000008017bb8                . = ALIGN (0x4)
 *(.ARM.extab* .gnu.linkonce.armextab.*)
                0x0000000008017bb8                . = ALIGN (0x4)

.ARM            0x0000000008017bb8        0x8
                0x0000000008017bb8                . = ALIGN (0x4)
                0x0000000008017bb8                __exidx_start = .
 *(.ARM.exidx*)
 .ARM.exidx     0x0000000008017bb8        0x8 d:/stm32cubeide_1.5.0/stm32cubeide/plugins/com.st.stm32cube.ide.mcu.externaltools.gnu-tools-for-stm32.7-2018-q2-update.win32_1.5.0.202011040924/tools/bin/../lib/gcc/arm-none-eabi/7.3.1/thumb/v7e-m/fpv4-sp/hard\libgcc.a(_udivmoddi4.o)
                0x0000000008017bc0                __exidx_end = .
                0x0000000008017bc0                . = ALIGN (0x4)

.rel.dyn        0x0000000008017bc0        0x0
 .rel.iplt      0x0000000008017bc0        0x0 d:/stm32cubeide_1.5.0/stm32cubeide/plugins/com.st.stm32cube.ide.mcu.externaltools.gnu-tools-for-stm32.7-2018-q2-update.win32_1.5.0.202011040924/tools/bin/../lib/gcc/arm-none-eabi/7.3.1/thumb/v7e-m/fpv4-sp/hard/crtbegin.o

.preinit_array  0x0000000008017bc0        0x0
                0x0000000008017bc0                . = ALIGN (0x4)
                0x0000000008017bc0                PROVIDE (__preinit_array_start = .)
 *(.preinit_array*)
                0x0000000008017bc0                PROVIDE (__preinit_array_end = .)
                0x0000000008017bc0                . = ALIGN (0x4)

.init_array     0x0000000008017bc0        0x4
                0x0000000008017bc0                . = ALIGN (0x4)
                0x0000000008017bc0                PROVIDE (__init_array_start = .)
 *(SORT_BY_NAME(.init_array.*))
 *(.init_array*)
 .init_array    0x0000000008017bc0        0x4 d:/stm32cubeide_1.5.0/stm32cubeide/plugins/com.st.stm32cube.ide.mcu.externaltools.gnu-tools-for-stm32.7-2018-q2-update.win32_1.5.0.202011040924/tools/bin/../lib/gcc/arm-none-eabi/7.3.1/thumb/v7e-m/fpv4-sp/hard/crtbegin.o
                0x0000000008017bc4                PROVIDE (__init_array_end = .)
                0x0000000008017bc4                . = ALIGN (0x4)

.fini_array     0x0000000008017bc4        0x4
                0x0000000008017bc4                . = ALIGN (0x4)
                [!provide]                        PROVIDE (__fini_array_start = .)
 *(SORT_BY_NAME(.fini_array.*))
 *(.fini_array*)
 .fini_array    0x0000000008017bc4        0x4 d:/stm32cubeide_1.5.0/stm32cubeide/plugins/com.st.stm32cube.ide.mcu.externaltools.gnu-tools-for-stm32.7-2018-q2-update.win32_1.5.0.202011040924/tools/bin/../lib/gcc/arm-none-eabi/7.3.1/thumb/v7e-m/fpv4-sp/hard/crtbegin.o
                [!provide]                        PROVIDE (__fini_array_end = .)
                0x0000000008017bc8                . = ALIGN (0x4)
                0x0000000008017bc8                _sidata = LOADADDR (.data)

.data           0x0000000020000000      0x98c load address 0x0000000008017bc8
                0x0000000020000000                . = ALIGN (0x4)
                0x0000000020000000                _sdata = .
 *(.data)
 *(.data*)
 .data.activities
                0x0000000020000000        0xc Core/Src/main.o
                0x0000000020000000                activities
 .data.SystemCoreClock
                0x000000002000000c        0x4 Core/Src/system_stm32l4xx.o
                0x000000002000000c                SystemCoreClock
 .data.uwTickPrio
                0x0000000020000010        0x4 Drivers/STM32L4xx_HAL_Driver/Src/stm32l4xx_hal.o
                0x0000000020000010                uwTickPrio
 .data.uwTickFreq
                0x0000000020000014        0x1 Drivers/STM32L4xx_HAL_Driver/Src/stm32l4xx_hal.o
                0x0000000020000014                uwTickFreq
 *fill*         0x0000000020000015        0x3 
 .data.g_network
                0x0000000020000018       0x60 X-CUBE-AI/App/network.o
 .data.dense_41_bias_array
                0x0000000020000078       0x10 X-CUBE-AI/App/network.o
 .data.dense_41_weights_array
                0x0000000020000088       0x10 X-CUBE-AI/App/network.o
 .data.dense_40_bias_array
                0x0000000020000098       0x10 X-CUBE-AI/App/network.o
 .data.dense_40_weights_array
                0x00000000200000a8       0x10 X-CUBE-AI/App/network.o
 .data.conv1d_36_bias_array
                0x00000000200000b8       0x10 X-CUBE-AI/App/network.o
 .data.conv1d_36_weights_array
                0x00000000200000c8       0x10 X-CUBE-AI/App/network.o
 .data.conv1d_35_bias_array
                0x00000000200000d8       0x10 X-CUBE-AI/App/network.o
 .data.conv1d_35_weights_array
                0x00000000200000e8       0x10 X-CUBE-AI/App/network.o
 .data.input_0_output_array
                0x00000000200000f8       0x10 X-CUBE-AI/App/network.o
 .data.conv1d_35_output_array
                0x0000000020000108       0x10 X-CUBE-AI/App/network.o
 .data.conv1d_36_output_array
                0x0000000020000118       0x10 X-CUBE-AI/App/network.o
 .data.dense_40_output_array
                0x0000000020000128       0x10 X-CUBE-AI/App/network.o
 .data.dense_40_nl_output_array
                0x0000000020000138       0x10 X-CUBE-AI/App/network.o
 .data.dense_41_output_array
                0x0000000020000148       0x10 X-CUBE-AI/App/network.o
 .data.dense_41_nl_output_array
                0x0000000020000158       0x10 X-CUBE-AI/App/network.o
 .data.dense_41_bias
                0x0000000020000168       0x1c X-CUBE-AI/App/network.o
 .data.dense_41_weights
                0x0000000020000184       0x1c X-CUBE-AI/App/network.o
 .data.dense_40_bias
                0x00000000200001a0       0x1c X-CUBE-AI/App/network.o
 .data.dense_40_weights
                0x00000000200001bc       0x1c X-CUBE-AI/App/network.o
 .data.conv1d_36_bias
                0x00000000200001d8       0x1c X-CUBE-AI/App/network.o
 .data.conv1d_36_weights
                0x00000000200001f4       0x1c X-CUBE-AI/App/network.o
 .data.conv1d_35_bias
                0x0000000020000210       0x1c X-CUBE-AI/App/network.o
 .data.conv1d_35_weights
                0x000000002000022c       0x1c X-CUBE-AI/App/network.o
 .data.input_0_output
                0x0000000020000248       0x1c X-CUBE-AI/App/network.o
 .data.conv1d_35_output
                0x0000000020000264       0x1c X-CUBE-AI/App/network.o
 .data.conv1d_36_output
                0x0000000020000280       0x1c X-CUBE-AI/App/network.o
 .data.conv1d_36_output0
                0x000000002000029c       0x1c X-CUBE-AI/App/network.o
 .data.dense_40_output
                0x00000000200002b8       0x1c X-CUBE-AI/App/network.o
 .data.dense_40_nl_output
                0x00000000200002d4       0x1c X-CUBE-AI/App/network.o
 .data.dense_41_output
                0x00000000200002f0       0x1c X-CUBE-AI/App/network.o
 .data.dense_41_nl_output
                0x000000002000030c       0x1c X-CUBE-AI/App/network.o
 .data.conv1d_35_layer
                0x0000000020000328       0x3c X-CUBE-AI/App/network.o
 .data.conv1d_36_layer
                0x0000000020000364       0x3c X-CUBE-AI/App/network.o
 .data.dense_40_layer
                0x00000000200003a0       0x18 X-CUBE-AI/App/network.o
 .data.dense_40_nl_layer
                0x00000000200003b8       0x1c X-CUBE-AI/App/network.o
 .data.dense_41_layer
                0x00000000200003d4       0x18 X-CUBE-AI/App/network.o
 .data.dense_41_nl_layer
                0x00000000200003ec       0x1c X-CUBE-AI/App/network.o
 .data.__compound_literal.0
                0x0000000020000408       0x10 X-CUBE-AI/App/network.o
 .data.__compound_literal.1
                0x0000000020000418       0x10 X-CUBE-AI/App/network.o
 .data.__compound_literal.2
                0x0000000020000428       0x10 X-CUBE-AI/App/network.o
 .data.__compound_literal.3
                0x0000000020000438       0x10 X-CUBE-AI/App/network.o
 .data.__compound_literal.4
                0x0000000020000448       0x10 X-CUBE-AI/App/network.o
 .data.__compound_literal.5
                0x0000000020000458       0x10 X-CUBE-AI/App/network.o
 .data.__compound_literal.6
                0x0000000020000468       0x10 X-CUBE-AI/App/network.o
 .data.__compound_literal.7
                0x0000000020000478       0x10 X-CUBE-AI/App/network.o
 .data.__compound_literal.8
                0x0000000020000488       0x10 X-CUBE-AI/App/network.o
 .data.__compound_literal.9
                0x0000000020000498       0x10 X-CUBE-AI/App/network.o
 .data.__compound_literal.10
                0x00000000200004a8       0x10 X-CUBE-AI/App/network.o
 .data.__compound_literal.11
                0x00000000200004b8       0x10 X-CUBE-AI/App/network.o
 .data.__compound_literal.12
                0x00000000200004c8       0x10 X-CUBE-AI/App/network.o
 .data.__compound_literal.13
                0x00000000200004d8       0x10 X-CUBE-AI/App/network.o
 .data.__compound_literal.14
                0x00000000200004e8       0x10 X-CUBE-AI/App/network.o
 .data.__compound_literal.15
                0x00000000200004f8       0x10 X-CUBE-AI/App/network.o
 .data.__compound_literal.16
                0x0000000020000508       0x10 X-CUBE-AI/App/network.o
 .data.__compound_literal.17
                0x0000000020000518       0x10 X-CUBE-AI/App/network.o
 .data.__compound_literal.18
                0x0000000020000528       0x10 X-CUBE-AI/App/network.o
 .data.__compound_literal.19
                0x0000000020000538       0x10 X-CUBE-AI/App/network.o
 .data.__compound_literal.20
                0x0000000020000548       0x10 X-CUBE-AI/App/network.o
 .data.__compound_literal.21
                0x0000000020000558       0x10 X-CUBE-AI/App/network.o
 .data.__compound_literal.22
                0x0000000020000568       0x10 X-CUBE-AI/App/network.o
 .data.__compound_literal.23
                0x0000000020000578       0x10 X-CUBE-AI/App/network.o
 .data.__compound_literal.24
                0x0000000020000588       0x10 X-CUBE-AI/App/network.o
 .data.__compound_literal.25