12:21:33 **** Build of configuration Debug for project B-L4S5I-IOT01_STSAFE_Provisioning ****
make all 
arm-none-eabi-gcc "D:/STM32CubeIDE_1.5.0/STM32CubeExpansion_Cloud_AWS_V2.0.0/Middlewares/Third_Party/mbedTLS/library/aes.c" -mcpu=cortex-m4 -std=gnu11 -g3 -DSTM32L4S5xx -DUSE_HAL_DRIVER -DUSE_STM32L475E_IOT01 '-DMBEDTLS_CONFIG_FILE=<config_mbedtls.h>' -DSTSAFE_A110 -c -I../../../Inc -I../../../../../../../../Drivers/CMSIS/Device/ST/STM32L4xx/Include -I../../../../../../../../Drivers/STM32L4xx_HAL_Driver/Inc -I../../../../../../../../Drivers/BSP/B-L475E-IOT01 -I../../../../../../../../Drivers/BSP/Components/Common -I../../../../../../../../Middlewares/Third_Party/mbedTLS/include -I../../../../../../../../Middlewares/Third_Party/mbedTLS/include/mbedtls -I../../../../../../../../Middlewares/ST/STSAFE_A1xx/CoreModules/Inc -I../../../../Linker_Common/SW4STM32 -I../../../../../../../../Drivers/CMSIS/Include -Os -ffunction-sections -Wall -fstack-usage -MMD -MP -MF"Middlewares/Third_Party/MbedTLS/aes.d" -MT"Middlewares/Third_Party/MbedTLS/aes.o" --specs=nano.specs -mfpu=fpv4-sp-d16 -mfloat-abi=hard -mthumb -o "Middlewares/Third_Party/MbedTLS/aes.o"
arm-none-eabi-gcc "D:/STM32CubeIDE_1.5.0/STM32CubeExpansion_Cloud_AWS_V2.0.0/Middlewares/Third_Party/mbedTLS/library/cipher.c" -mcpu=cortex-m4 -std=gnu11 -g3 -DSTM32L4S5xx -DUSE_HAL_DRIVER -DUSE_STM32L475E_IOT01 '-DMBEDTLS_CONFIG_FILE=<config_mbedtls.h>' -DSTSAFE_A110 -c -I../../../Inc -I../../../../../../../../Drivers/CMSIS/Device/ST/STM32L4xx/Include -I../../../../../../../../Drivers/STM32L4xx_HAL_Driver/Inc -I../../../../../../../../Drivers/BSP/B-L475E-IOT01 -I../../../../../../../../Drivers/BSP/Components/Common -I../../../../../../../../Middlewares/Third_Party/mbedTLS/include -I../../../../../../../../Middlewares/Third_Party/mbedTLS/include/mbedtls -I../../../../../../../../Middlewares/ST/STSAFE_A1xx/CoreModules/Inc -I../../../../Linker_Common/SW4STM32 -I../../../../../../../../Drivers/CMSIS/Include -Os -ffunction-sections -Wall -fstack-usage -MMD -MP -MF"Middlewares/Third_Party/MbedTLS/cipher.d" -MT"Middlewares/Third_Party/MbedTLS/cipher.o" --specs=nano.specs -mfpu=fpv4-sp-d16 -mfloat-abi=hard -mthumb -o "Middlewares/Third_Party/MbedTLS/cipher.o"
arm-none-eabi-gcc "D:/STM32CubeIDE_1.5.0/STM32CubeExpansion_Cloud_AWS_V2.0.0/Middlewares/Third_Party/mbedTLS/library/cipher_wrap.c" -mcpu=cortex-m4 -std=gnu11 -g3 -DSTM32L4S5xx -DUSE_HAL_DRIVER -DUSE_STM32L475E_IOT01 '-DMBEDTLS_CONFIG_FILE=<config_mbedtls.h>' -DSTSAFE_A110 -c -I../../../Inc -I../../../../../../../../Drivers/CMSIS/Device/ST/STM32L4xx/Include -I../../../../../../../../Drivers/STM32L4xx_HAL_Driver/Inc -I../../../../../../../../Drivers/BSP/B-L475E-IOT01 -I../../../../../../../../Drivers/BSP/Components/Common -I../../../../../../../../Middlewares/Third_Party/mbedTLS/include -I../../../../../../../../Middlewares/Third_Party/mbedTLS/include/mbedtls -I../../../../../../../../Middlewares/ST/STSAFE_A1xx/CoreModules/Inc -I../../../../Linker_Common/SW4STM32 -I../../../../../../../../Drivers/CMSIS/Include -Os -ffunction-sections -Wall -fstack-usage -MMD -MP -MF"Middlewares/Third_Party/MbedTLS/cipher_wrap.d" -MT"Middlewares/Third_Party/MbedTLS/cipher_wrap.o" --specs=nano.specs -mfpu=fpv4-sp-d16 -mfloat-abi=hard -mthumb -o "Middlewares/Third_Party/MbedTLS/cipher_wrap.o"
arm-none-eabi-gcc "D:/STM32CubeIDE_1.5.0/STM32CubeExpansion_Cloud_AWS_V2.0.0/Middlewares/Third_Party/mbedTLS/library/cmac.c" -mcpu=cortex-m4 -std=gnu11 -g3 -DSTM32L4S5xx -DUSE_HAL_DRIVER -DUSE_STM32L475E_IOT01 '-DMBEDTLS_CONFIG_FILE=<config_mbedtls.h>' -DSTSAFE_A110 -c -I../../../Inc -I../../../../../../../../Drivers/CMSIS/Device/ST/STM32L4xx/Include -I../../../../../../../../Drivers/STM32L4xx_HAL_Driver/Inc -I../../../../../../../../Drivers/BSP/B-L475E-IOT01 -I../../../../../../../../Drivers/BSP/Components/Common -I../../../../../../../../Middlewares/Third_Party/mbedTLS/include -I../../../../../../../../Middlewares/Third_Party/mbedTLS/include/mbedtls -I../../../../../../../../Middlewares/ST/STSAFE_A1xx/CoreModules/Inc -I../../../../Linker_Common/SW4STM32 -I../../../../../../../../Drivers/CMSIS/Include -Os -ffunction-sections -Wall -fstack-usage -MMD -MP -MF"Middlewares/Third_Party/MbedTLS/cmac.d" -MT"Middlewares/Third_Party/MbedTLS/cmac.o" --specs=nano.specs -mfpu=fpv4-sp-d16 -mfloat-abi=hard -mthumb -o "Middlewares/Third_Party/MbedTLS/cmac.o"
arm-none-eabi-gcc "D:/STM32CubeIDE_1.5.0/STM32CubeExpansion_Cloud_AWS_V2.0.0/Middlewares/Third_Party/mbedTLS/library/platform.c" -mcpu=cortex-m4 -std=gnu11 -g3 -DSTM32L4S5xx -DUSE_HAL_DRIVER -DUSE_STM32L475E_IOT01 '-DMBEDTLS_CONFIG_FILE=<config_mbedtls.h>' -DSTSAFE_A110 -c -I../../../Inc -I../../../../../../../../Drivers/CMSIS/Device/ST/STM32L4xx/Include -I../../../../../../../../Drivers/STM32L4xx_HAL_Driver/Inc -I../../../../../../../../Drivers/BSP/B-L475E-IOT01 -I../../../../../../../../Drivers/BSP/Components/Common -I../../../../../../../../Middlewares/Third_Party/mbedTLS/include -I../../../../../../../../Middlewares/Third_Party/mbedTLS/include/mbedtls -I../../../../../../../../Middlewares/ST/STSAFE_A1xx/CoreModules/Inc -I../../../../Linker_Common/SW4STM32 -I../../../../../../../../Drivers/CMSIS/Include -Os -ffunction-sections -Wall -fstack-usage -MMD -MP -MF"Middlewares/Third_Party/MbedTLS/platform.d" -MT"Middlewares/Third_Party/MbedTLS/platform.o" --specs=nano.specs -mfpu=fpv4-sp-d16 -mfloat-abi=hard -mthumb -o "Middlewares/Third_Party/MbedTLS/platform.o"
arm-none-eabi-gcc "D:/STM32CubeIDE_1.5.0/STM32CubeExpansion_Cloud_AWS_V2.0.0/Middlewares/Third_Party/mbedTLS/library/platform_util.c" -mcpu=cortex-m4 -std=gnu11 -g3 -DSTM32L4S5xx -DUSE_HAL_DRIVER -DUSE_STM32L475E_IOT01 '-DMBEDTLS_CONFIG_FILE=<config_mbedtls.h>' -DSTSAFE_A110 -c -I../../../Inc -I../../../../../../../../Drivers/CMSIS/Device/ST/STM32L4xx/Include -I../../../../../../../../Drivers/STM32L4xx_HAL_Driver/Inc -I../../../../../../../../Drivers/BSP/B-L475E-IOT01 -I../../../../../../../../Drivers/BSP/Components/Common -I../../../../../../../../Middlewares/Third_Party/mbedTLS/include -I../../../../../../../../Middlewares/Third_Party/mbedTLS/include/mbedtls -I../../../../../../../../Middlewares/ST/STSAFE_A1xx/CoreModules/Inc -I../../../../Linker_Common/SW4STM32 -I../../../../../../../../Drivers/CMSIS/Include -Os -ffunction-sections -Wall -fstack-usage -MMD -MP -MF"Middlewares/Third_Party/MbedTLS/platform_util.d" -MT"Middlewares/Third_Party/MbedTLS/platform_util.o" --specs=nano.specs -mfpu=fpv4-sp-d16 -mfloat-abi=hard -mthumb -o "Middlewares/Third_Party/MbedTLS/platform_util.o"
arm-none-eabi-gcc "D:/STM32CubeIDE_1.5.0/STM32CubeExpansion_Cloud_AWS_V2.0.0/Middlewares/ST/STSAFE_A1xx/CoreModules/Src/stsafea_core.c" -mcpu=cortex-m4 -std=gnu11 -g3 -DSTM32L4S5xx -DUSE_HAL_DRIVER -DUSE_STM32L475E_IOT01 '-DMBEDTLS_CONFIG_FILE=<config_mbedtls.h>' -DSTSAFE_A110 -c -I../../../Inc -I../../../../../../../../Drivers/CMSIS/Device/ST/STM32L4xx/Include -I../../../../../../../../Drivers/STM32L4xx_HAL_Driver/Inc -I../../../../../../../../Drivers/BSP/B-L475E-IOT01 -I../../../../../../../../Drivers/BSP/Components/Common -I../../../../../../../../Middlewares/Third_Party/mbedTLS/include -I../../../../../../../../Middlewares/Third_Party/mbedTLS/include/mbedtls -I../../../../../../../../Middlewares/ST/STSAFE_A1xx/CoreModules/Inc -I../../../../Linker_Common/SW4STM32 -I../../../../../../../../Drivers/CMSIS/Include -Os -ffunction-sections -Wall -fstack-usage -MMD -MP -MF"Middlewares/STSAFE_A1xx/CoreModules/stsafea_core.d" -MT"Middlewares/STSAFE_A1xx/CoreModules/stsafea_core.o" --specs=nano.specs -mfpu=fpv4-sp-d16 -mfloat-abi=hard -mthumb -o "Middlewares/STSAFE_A1xx/CoreModules/stsafea_core.o"
arm-none-eabi-gcc "D:/STM32CubeIDE_1.5.0/STM32CubeExpansion_Cloud_AWS_V2.0.0/Middlewares/ST/STSAFE_A1xx/CoreModules/Src/stsafea_crypto.c" -mcpu=cortex-m4 -std=gnu11 -g3 -DSTM32L4S5xx -DUSE_HAL_DRIVER -DUSE_STM32L475E_IOT01 '-DMBEDTLS_CONFIG_FILE=<config_mbedtls.h>' -DSTSAFE_A110 -c -I../../../Inc -I../../../../../../../../Drivers/CMSIS/Device/ST/STM32L4xx/Include -I../../../../../../../../Drivers/STM32L4xx_HAL_Driver/Inc -I../../../../../../../../Drivers/BSP/B-L475E-IOT01 -I../../../../../../../../Drivers/BSP/Components/Common -I../../../../../../../../Middlewares/Third_Party/mbedTLS/include -I../../../../../../../../Middlewares/Third_Party/mbedTLS/include/mbedtls -I../../../../../../../../Middlewares/ST/STSAFE_A1xx/CoreModules/Inc -I../../../../Linker_Common/SW4STM32 -I../../../../../../../../Drivers/CMSIS/Include -Os -ffunction-sections -Wall -fstack-usage -MMD -MP -MF"Middlewares/STSAFE_A1xx/CoreModules/stsafea_crypto.d" -MT"Middlewares/STSAFE_A1xx/CoreModules/stsafea_crypto.o" --specs=nano.specs -mfpu=fpv4-sp-d16 -mfloat-abi=hard -mthumb -o "Middlewares/STSAFE_A1xx/CoreModules/stsafea_crypto.o"
arm-none-eabi-gcc "D:/STM32CubeIDE_1.5.0/STM32CubeExpansion_Cloud_AWS_V2.0.0/Middlewares/ST/STSAFE_A1xx/CoreModules/Src/stsafea_service.c" -mcpu=cortex-m4 -std=gnu11 -g3 -DSTM32L4S5xx -DUSE_HAL_DRIVER -DUSE_STM32L475E_IOT01 '-DMBEDTLS_CONFIG_FILE=<config_mbedtls.h>' -DSTSAFE_A110 -c -I../../../Inc -I../../../../../../../../Drivers/CMSIS/Device/ST/STM32L4xx/Include -I../../../../../../../../Drivers/STM32L4xx_HAL_Driver/Inc -I../../../../../../../../Drivers/BSP/B-L475E-IOT01 -I../../../../../../../../Drivers/BSP/Components/Common -I../../../../../../../../Middlewares/Third_Party/mbedTLS/include -I../../../../../../../../Middlewares/Third_Party/mbedTLS/include/mbedtls -I../../../../../../../../Middlewares/ST/STSAFE_A1xx/CoreModules/Inc -I../../../../Linker_Common/SW4STM32 -I../../../../../../../../Drivers/CMSIS/Include -Os -ffunction-sections -Wall -fstack-usage -MMD -MP -MF"Middlewares/STSAFE_A1xx/CoreModules/stsafea_service.d" -MT"Middlewares/STSAFE_A1xx/CoreModules/stsafea_service.o" --specs=nano.specs -mfpu=fpv4-sp-d16 -mfloat-abi=hard -mthumb -o "Middlewares/STSAFE_A1xx/CoreModules/stsafea_service.o"
arm-none-eabi-gcc "D:/STM32CubeIDE_1.5.0/STM32CubeExpansion_Cloud_AWS_V2.0.0/Drivers/STM32L4xx_HAL_Driver/Src/stm32l4xx_hal.c" -mcpu=cortex-m4 -std=gnu11 -g3 -DSTM32L4S5xx -DUSE_HAL_DRIVER -DUSE_STM32L475E_IOT01 '-DMBEDTLS_CONFIG_FILE=<config_mbedtls.h>' -DSTSAFE_A110 -c -I../../../Inc -I../../../../../../../../Drivers/CMSIS/Device/ST/STM32L4xx/Include -I../../../../../../../../Drivers/STM32L4xx_HAL_Driver/Inc -I../../../../../../../../Drivers/BSP/B-L475E-IOT01 -I../../../../../../../../Drivers/BSP/Components/Common -I../../../../../../../../Middlewares/Third_Party/mbedTLS/include -I../../../../../../../../Middlewares/Third_Party/mbedTLS/include/mbedtls -I../../../../../../../../Middlewares/ST/STSAFE_A1xx/CoreModules/Inc -I../../../../Linker_Common/SW4STM32 -I../../../../../../../../Drivers/CMSIS/Include -Os -ffunction-sections -Wall -fstack-usage -MMD -MP -MF"Drivers/STM32L4xx_HAL_Driver/stm32l4xx_hal.d" -MT"Drivers/STM32L4xx_HAL_Driver/stm32l4xx_hal.o" --specs=nano.specs -mfpu=fpv4-sp-d16 -mfloat-abi=hard -mthumb -o "Drivers/STM32L4xx_HAL_Driver/stm32l4xx_hal.o"
arm-none-eabi-gcc "D:/STM32CubeIDE_1.5.0/STM32CubeExpansion_Cloud_AWS_V2.0.0/Drivers/STM32L4xx_HAL_Driver/Src/stm32l4xx_hal_adc.c" -mcpu=cortex-m4 -std=gnu11 -g3 -DSTM32L4S5xx -DUSE_HAL_DRIVER -DUSE_STM32L475E_IOT01 '-DMBEDTLS_CONFIG_FILE=<config_mbedtls.h>' -DSTSAFE_A110 -c -I../../../Inc -I../../../../../../../../Drivers/CMSIS/Device/ST/STM32L4xx/Include -I../../../../../../../../Drivers/STM32L4xx_HAL_Driver/Inc -I../../../../../../../../Drivers/BSP/B-L475E-IOT01 -I../../../../../../../../Drivers/BSP/Components/Common -I../../../../../../../../Middlewares/Third_Party/mbedTLS/include -I../../../../../../../../Middlewares/Third_Party/mbedTLS/include/mbedtls -I../../../../../../../../Middlewares/ST/STSAFE_A1xx/CoreModules/Inc -I../../../../Linker_Common/SW4STM32 -I../../../../../../../../Drivers/CMSIS/Include -Os -ffunction-sections -Wall -fstack-usage -MMD -MP -MF"Drivers/STM32L4xx_HAL_Driver/stm32l4xx_hal_adc.d" -MT"Drivers/STM32L4xx_HAL_Driver/stm32l4xx_hal_adc.o" --specs=nano.specs -mfpu=fpv4-sp-d16 -mfloat-abi=hard -mthumb -o "Drivers/STM32L4xx_HAL_Driver/stm32l4xx_hal_adc.o"
arm-none-eabi-gcc "D:/STM32CubeIDE_1.5.0/STM32CubeExpansion_Cloud_AWS_V2.0.0/Drivers/STM32L4xx_HAL_Driver/Src/stm32l4xx_hal_adc_ex.c" -mcpu=cortex-m4 -std=gnu11 -g3 -DSTM32L4S5xx -DUSE_HAL_DRIVER -DUSE_STM32L475E_IOT01 '-DMBEDTLS_CONFIG_FILE=<config_mbedtls.h>' -DSTSAFE_A110 -c -I../../../Inc -I../../../../../../../../Drivers/CMSIS/Device/ST/STM32L4xx/Include -I../../../../../../../../Drivers/STM32L4xx_HAL_Driver/Inc -I../../../../../../../../Drivers/BSP/B-L475E-IOT01 -I../../../../../../../../Drivers/BSP/Components/Common -I../../../../../../../../Middlewares/Third_Party/mbedTLS/include -I../../../../../../../../Middlewares/Third_Party/mbedTLS/include/mbedtls -I../../../../../../../../Middlewares/ST/STSAFE_A1xx/CoreModules/Inc -I../../../../Linker_Common/SW4STM32 -I../../../../../../../../Drivers/CMSIS/Include -Os -ffunction-sections -Wall -fstack-usage -MMD -MP -MF"Drivers/STM32L4xx_HAL_Driver/stm32l4xx_hal_adc_ex.d" -MT"Drivers/STM32L4xx_HAL_Driver/stm32l4xx_hal_adc_ex.o" --specs=nano.specs -mfpu=fpv4-sp-d16 -mfloat-abi=hard -mthumb -o "Drivers/STM32L4xx_HAL_Driver/stm32l4xx_hal_adc_ex.o"
arm-none-eabi-gcc "D:/STM32CubeIDE_1.5.0/STM32CubeExpansion_Cloud_AWS_V2.0.0/Drivers/STM32L4xx_HAL_Driver/Src/stm32l4xx_hal_cortex.c" -mcpu=cortex-m4 -std=gnu11 -g3 -DSTM32L4S5xx -DUSE_HAL_DRIVER -DUSE_STM32L475E_IOT01 '-DMBEDTLS_CONFIG_FILE=<config_mbedtls.h>' -DSTSAFE_A110 -c -I../../../Inc -I../../../../../../../../Drivers/CMSIS/Device/ST/STM32L4xx/Include -I../../../../../../../../Drivers/STM32L4xx_HAL_Driver/Inc -I../../../../../../../../Drivers/BSP/B-L475E-IOT01 -I../../../../../../../../Drivers/BSP/Components/Common -I../../../../../../../../Middlewares/Third_Party/mbedTLS/include -I../../../../../../../../Middlewares/Third_Party/mbedTLS/include/mbedtls -I../../../../../../../../Middlewares/ST/STSAFE_A1xx/CoreModules/Inc -I../../../../Linker_Common/SW4STM32 -I../../../../../../../../Drivers/CMSIS/Include -Os -ffunction-sections -Wall -fstack-usage -MMD -MP -MF"Drivers/STM32L4xx_HAL_Driver/stm32l4xx_hal_cortex.d" -MT"Drivers/STM32L4xx_HAL_Driver/stm32l4xx_hal_cortex.o" --specs=nano.specs -mfpu=fpv4-sp-d16 -mfloat-abi=hard -mthumb -o "Drivers/STM32L4xx_HAL_Driver/stm32l4xx_hal_cortex.o"
arm-none-eabi-gcc "D:/STM32CubeIDE_1.5.0/STM32CubeExpansion_Cloud_AWS_V2.0.0/Drivers/STM32L4xx_HAL_Driver/Src/stm32l4xx_hal_crc.c" -mcpu=cortex-m4 -std=gnu11 -g3 -DSTM32L4S5xx -DUSE_HAL_DRIVER -DUSE_STM32L475E_IOT01 '-DMBEDTLS_CONFIG_FILE=<config_mbedtls.h>' -DSTSAFE_A110 -c -I../../../Inc -I../../../../../../../../Drivers/CMSIS/Device/ST/STM32L4xx/Include -I../../../../../../../../Drivers/STM32L4xx_HAL_Driver/Inc -I../../../../../../../../Drivers/BSP/B-L475E-IOT01 -I../../../../../../../../Drivers/BSP/Components/Common -I../../../../../../../../Middlewares/Third_Party/mbedTLS/include -I../../../../../../../../Middlewares/Third_Party/mbedTLS/include/mbedtls -I../../../../../../../../Middlewares/ST/STSAFE_A1xx/CoreModules/Inc -I../../../../Linker_Common/SW4STM32 -I../../../../../../../../Drivers/CMSIS/Include -Os -ffunction-sections -Wall -fstack-usage -MMD -MP -MF"Drivers/STM32L4xx_HAL_Driver/stm32l4xx_hal_crc.d" -MT"Drivers/STM32L4xx_HAL_Driver/stm32l4xx_hal_crc.o" --specs=nano.specs -mfpu=fpv4-sp-d16 -mfloat-abi=hard -mthumb -o "Drivers/STM32L4xx_HAL_Driver/stm32l4xx_hal_crc.o"
arm-none-eabi-gcc "D:/STM32CubeIDE_1.5.0/STM32CubeExpansion_Cloud_AWS_V2.0.0/Drivers/STM32L4xx_HAL_Driver/Src/stm32l4xx_hal_crc_ex.c" -mcpu=cortex-m4 -std=gnu11 -g3 -DSTM32L4S5xx -DUSE_HAL_DRIVER -DUSE_STM32L475E_IOT01 '-DMBEDTLS_CONFIG_FILE=<config_mbedtls.h>' -DSTSAFE_A110 -c -I../../../Inc -I../../../../../../../../Drivers/CMSIS/Device/ST/STM32L4xx/Include -I../../../../../../../../Drivers/STM32L4xx_HAL_Driver/Inc -I../../../../../../../../Drivers/BSP/B-L475E-IOT01 -I../../../../../../../../Drivers/BSP/Components/Common -I../../../../../../../../Middlewares/Third_Party/mbedTLS/include -I../../../../../../../../Middlewares/Third_Party/mbedTLS/include/mbedtls -I../../../../../../../../Middlewares/ST/STSAFE_A1xx/CoreModules/Inc -I../../../../Linker_Common/SW4STM32 -I../../../../../../../../Drivers/CMSIS/Include -Os -ffunction-sections -Wall -fstack-usage -MMD -MP -MF"Drivers/STM32L4xx_HAL_Driver/stm32l4xx_hal_crc_ex.d" -MT"Drivers/STM32L4xx_HAL_Driver/stm32l4xx_hal_crc_ex.o" --specs=nano.specs -mfpu=fpv4-sp-d16 -mfloat-abi=hard -mthumb -o "Drivers/STM32L4xx_HAL_Driver/stm32l4xx_hal_crc_ex.o"
arm-none-eabi-gcc "D:/STM32CubeIDE_1.5.0/STM32CubeExpansion_Cloud_AWS_V2.0.0/Drivers/STM32L4xx_HAL_Driver/Src/stm32l4xx_hal_dma.c" -mcpu=cortex-m4 -std=gnu11 -g3 -DSTM32L4S5xx -DUSE_HAL_DRIVER -DUSE_STM32L475E_IOT01 '-DMBEDTLS_CONFIG_FILE=<config_mbedtls.h>' -DSTSAFE_A110 -c -I../../../Inc -I../../../../../../../../Drivers/CMSIS/Device/ST/STM32L4xx/Include -I../../../../../../../../Drivers/STM32L4xx_HAL_Driver/Inc -I../../../../../../../../Drivers/BSP/B-L475E-IOT01 -I../../../../../../../../Drivers/BSP/Components/Common -I../../../../../../../../Middlewares/Third_Party/mbedTLS/include -I../../../../../../../../Middlewares/Third_Party/mbedTLS/include/mbedtls -I../../../../../../../../Middlewares/ST/STSAFE_A1xx/CoreModules/Inc -I../../../../Linker_Common/SW4STM32 -I../../../../../../../../Drivers/CMSIS/Include -Os -ffunction-sections -Wall -fstack-usage -MMD -MP -MF"Drivers/STM32L4xx_HAL_Driver/stm32l4xx_hal_dma.d" -MT"Drivers/STM32L4xx_HAL_Driver/stm32l4xx_hal_dma.o" --specs=nano.specs -mfpu=fpv4-sp-d16 -mfloat-abi=hard -mthumb -o "Drivers/STM32L4xx_HAL_Driver/stm32l4xx_hal_dma.o"
arm-none-eabi-gcc "D:/STM32CubeIDE_1.5.0/STM32CubeExpansion_Cloud_AWS_V2.0.0/Drivers/STM32L4xx_HAL_Driver/Src/stm32l4xx_hal_dma_ex.c" -mcpu=cortex-m4 -std=gnu11 -g3 -DSTM32L4S5xx -DUSE_HAL_DRIVER -DUSE_STM32L475E_IOT01 '-DMBEDTLS_CONFIG_FILE=<config_mbedtls.h>' -DSTSAFE_A110 -c -I../../../Inc -I../../../../../../../../Drivers/CMSIS/Device/ST/STM32L4xx/Include -I../../../../../../../../Drivers/STM32L4xx_HAL_Driver/Inc -I../../../../../../../../Drivers/BSP/B-L475E-IOT01 -I../../../../../../../../Drivers/BSP/Components/Common -I../../../../../../../../Middlewares/Third_Party/mbedTLS/include -I../../../../../../../../Middlewares/Third_Party/mbedTLS/include/mbedtls -I../../../../../../../../Middlewares/ST/STSAFE_A1xx/CoreModules/Inc -I../../../../Linker_Common/SW4STM32 -I../../../../../../../../Drivers/CMSIS/Include -Os -ffunction-sections -Wall -fstack-usage -MMD -MP -MF"Drivers/STM32L4xx_HAL_Driver/stm32l4xx_hal_dma_ex.d" -MT"Drivers/STM32L4xx_HAL_Driver/stm32l4xx_hal_dma_ex.o" --specs=nano.specs -mfpu=fpv4-sp-d16 -mfloat-abi=hard -mthumb -o "Drivers/STM32L4xx_HAL_Driver/stm32l4xx_hal_dma_ex.o"
arm-none-eabi-gcc "D:/STM32CubeIDE_1.5.0/STM32CubeExpansion_Cloud_AWS_V2.0.0/Drivers/STM32L4xx_HAL_Driver/Src/stm32l4xx_hal_flash.c" -mcpu=cortex-m4 -std=gnu11 -g3 -DSTM32L4S5xx -DUSE_HAL_DRIVER -DUSE_STM32L475E_IOT01 '-DMBEDTLS_CONFIG_FILE=<config_mbedtls.h>' -DSTSAFE_A110 -c -I../../../Inc -I../../../../../../../../Drivers/CMSIS/Device/ST/STM32L4xx/Include -I../../../../../../../../Drivers/STM32L4xx_HAL_Driver/Inc -I../../../../../../../../Drivers/BSP/B-L475E-IOT01 -I../../../../../../../../Drivers/BSP/Components/Common -I../../../../../../../../Middlewares/Third_Party/mbedTLS/include -I../../../../../../../../Middlewares/Third_Party/mbedTLS/include/mbedtls -I../../../../../../../../Middlewares/ST/STSAFE_A1xx/CoreModules/Inc -I../../../../Linker_Common/SW4STM32 -I../../../../../../../../Drivers/CMSIS/Include -Os -ffunction-sections -Wall -fstack-usage -MMD -MP -MF"Drivers/STM32L4xx_HAL_Driver/stm32l4xx_hal_flash.d" -MT"Drivers/STM32L4xx_HAL_Driver/stm32l4xx_hal_flash.o" --specs=nano.specs -mfpu=fpv4-sp-d16 -mfloat-abi=hard -mthumb -o "Drivers/STM32L4xx_HAL_Driver/stm32l4xx_hal_flash.o"
arm-none-eabi-gcc "D:/STM32CubeIDE_1.5.0/STM32CubeExpansion_Cloud_AWS_V2.0.0/Drivers/STM32L4xx_HAL_Driver/Src/stm32l4xx_hal_flash_ex.c" -mcpu=cortex-m4 -std=gnu11 -g3 -DSTM32L4S5xx -DUSE_HAL_DRIVER -DUSE_STM32L475E_IOT01 '-DMBEDTLS_CONFIG_FILE=<config_mbedtls.h>' -DSTSAFE_A110 -c -I../../../Inc -I../../../../../../../../Drivers/CMSIS/Device/ST/STM32L4xx/Include -I../../../../../../../../Drivers/STM32L4xx_HAL_Driver/Inc -I../../../../../../../../Drivers/BSP/B-L475E-IOT01 -I../../../../../../../../Drivers/BSP/Components/Common -I../../../../../../../../Middlewares/Third_Party/mbedTLS/include -I../../../../../../../../Middlewares/Third_Party/mbedTLS/include/mbedtls -I../../../../../../../../Middlewares/ST/STSAFE_A1xx/CoreModules/Inc -I../../../../Linker_Common/SW4STM32 -I../../../../../../../../Drivers/CMSIS/Include -Os -ffunction-sections -Wall -fstack-usage -MMD -MP -MF"Drivers/STM32L4xx_HAL_Driver/stm32l4xx_hal_flash_ex.d" -MT"Drivers/STM32L4xx_HAL_Driver/stm32l4xx_hal_flash_ex.o" --specs=nano.specs -mfpu=fpv4-sp-d16 -mfloat-abi=hard -mthumb -o "Drivers/STM32L4xx_HAL_Driver/stm32l4xx_hal_flash_ex.o"
arm-none-eabi-gcc "D:/STM32CubeIDE_1.5.0/STM32CubeExpansion_Cloud_AWS_V2.0.0/Drivers/STM32L4xx_HAL_Driver/Src/stm32l4xx_hal_gpio.c" -mcpu=cortex-m4 -std=gnu11 -g3 -DSTM32L4S5xx -DUSE_HAL_DRIVER -DUSE_STM32L475E_IOT01 '-DMBEDTLS_CONFIG_FILE=<config_mbedtls.h>' -DSTSAFE_A110 -c -I../../../Inc -I../../../../../../../../Drivers/CMSIS/Device/ST/STM32L4xx/Include -I../../../../../../../../Drivers/STM32L4xx_HAL_Driver/Inc -I../../../../../../../../Drivers/BSP/B-L475E-IOT01 -I../../../../../../../../Drivers/BSP/Components/Common -I../../../../../../../../Middlewares/Third_Party/mbedTLS/include -I../../../../../../../../Middlewares/Third_Party/mbedTLS/include/mbedtls -I../../../../../../../../Middlewares/ST/STSAFE_A1xx/CoreModules/Inc -I../../../../Linker_Common/SW4STM32 -I../../../../../../../../Drivers/CMSIS/Include -Os -ffunction-sections -Wall -fstack-usage -MMD -MP -MF"Drivers/STM32L4xx_HAL_Driver/stm32l4xx_hal_gpio.d" -MT"Drivers/STM32L4xx_HAL_Driver/stm32l4xx_hal_gpio.o" --specs=nano.specs -mfpu=fpv4-sp-d16 -mfloat-abi=hard -mthumb -o "Drivers/STM32L4xx_HAL_Driver/stm32l4xx_hal_gpio.o"
arm-none-eabi-gcc "D:/STM32CubeIDE_1.5.0/STM32CubeExpansion_Cloud_AWS_V2.0.0/Drivers/STM32L4xx_HAL_Driver/Src/stm32l4xx_hal_i2c.c" -mcpu=cortex-m4 -std=gnu11 -g3 -DSTM32L4S5xx -DUSE_HAL_DRIVER -DUSE_STM32L475E_IOT01 '-DMBEDTLS_CONFIG_FILE=<config_mbedtls.h>' -DSTSAFE_A110 -c -I../../../Inc -I../../../../../../../../Drivers/CMSIS/Device/ST/STM32L4xx/Include -I../../../../../../../../Drivers/STM32L4xx_HAL_Driver/Inc -I../../../../../../../../Drivers/BSP/B-L475E-IOT01 -I../../../../../../../../Drivers/BSP/Components/Common -I../../../../../../../../Middlewares/Third_Party/mbedTLS/include -I../../../../../../../../Middlewares/Third_Party/mbedTLS/include/mbedtls -I../../../../../../../../Middlewares/ST/STSAFE_A1xx/CoreModules/Inc -I../../../../Linker_Common/SW4STM32 -I../../../../../../../../Drivers/CMSIS/Include -Os -ffunction-sections -Wall -fstack-usage -MMD -MP -MF"Drivers/STM32L4xx_HAL_Driver/stm32l4xx_hal_i2c.d" -MT"Drivers/STM32L4xx_HAL_Driver/stm32l4xx_hal_i2c.o" --specs=nano.specs -mfpu=fpv4-sp-d16 -mfloat-abi=hard -mthumb -o "Drivers/STM32L4xx_HAL_Driver/stm32l4xx_hal_i2c.o"
arm-none-eabi-gcc "D:/STM32CubeIDE_1.5.0/STM32CubeExpansion_Cloud_AWS_V2.0.0/Drivers/STM32L4xx_HAL_Driver/Src/stm32l4xx_hal_i2c_ex.c" -mcpu=cortex-m4 -std=gnu11 -g3 -DSTM32L4S5xx -DUSE_HAL_DRIVER -DUSE_STM32L475E_IOT01 '-DMBEDTLS_CONFIG_FILE=<config_mbedtls.h>' -DSTSAFE_A110 -c -I../../../Inc -I../../../../../../../../Drivers/CMSIS/Device/ST/STM32L4xx/Include -I../../../../../../../../Drivers/STM32L4xx_HAL_Driver/Inc -I../../../../../../../../Drivers/BSP/B-L475E-IOT01 -I../../../../../../../../Drivers/BSP/Components/Common -I../../../../../../../../Middlewares/Third_Party/mbedTLS/include -I../../../../../../../../Middlewares/Third_Party/mbedTLS/include/mbedtls -I../../../../../../../../Middlewares/ST/STSAFE_A1xx/CoreModules/Inc -I../../../../Linker_Common/SW4STM32 -I../../../../../../../../Drivers/CMSIS/Include -Os -ffunction-sections -Wall -fstack-usage -MMD -MP -MF"Drivers/STM32L4xx_HAL_Driver/stm32l4xx_hal_i2c_ex.d" -MT"Drivers/STM32L4xx_HAL_Driver/stm32l4xx_hal_i2c_ex.o" --specs=nano.specs -mfpu=fpv4-sp-d16 -mfloat-abi=hard -mthumb -o "Drivers/STM32L4xx_HAL_Driver/stm32l4xx_hal_i2c_ex.o"
arm-none-eabi-gcc "D:/STM32CubeIDE_1.5.0/STM32CubeExpansion_Cloud_AWS_V2.0.0/Drivers/STM32L4xx_HAL_Driver/Src/stm32l4xx_hal_iwdg.c" -mcpu=cortex-m4 -std=gnu11 -g3 -DSTM32L4S5xx -DUSE_HAL_DRIVER -DUSE_STM32L475E_IOT01 '-DMBEDTLS_CONFIG_FILE=<config_mbedtls.h>' -DSTSAFE_A110 -c -I../../../Inc -I../../../../../../../../Drivers/CMSIS/Device/ST/STM32L4xx/Include -I../../../../../../../../Drivers/STM32L4xx_HAL_Driver/Inc -I../../../../../../../../Drivers/BSP/B-L475E-IOT01 -I../../../../../../../../Drivers/BSP/Components/Common -I../../../../../../../../Middlewares/Third_Party/mbedTLS/include -I../../../../../../../../Middlewares/Third_Party/mbedTLS/include/mbedtls -I../../../../../../../../Middlewares/ST/STSAFE_A1xx/CoreModules/Inc -I../../../../Linker_Common/SW4STM32 -I../../../../../../../../Drivers/CMSIS/Include -Os -ffunction-sections -Wall -fstack-usage -MMD -MP -MF"Drivers/STM32L4xx_HAL_Driver/stm32l4xx_hal_iwdg.d" -MT"Drivers/STM32L4xx_HAL_Driver/stm32l4xx_hal_iwdg.o" --specs=nano.specs -mfpu=fpv4-sp-d16 -mfloat-abi=hard -mthumb -o "Drivers/STM32L4xx_HAL_Driver/stm32l4xx_hal_iwdg.o"
arm-none-eabi-gcc "D:/STM32CubeIDE_1.5.0/STM32CubeExpansion_Cloud_AWS_V2.0.0/Drivers/STM32L4xx_HAL_Driver/Src/stm32l4xx_hal_pwr.c" -mcpu=cortex-m4 -std=gnu11 -g3 -DSTM32L4S5xx -DUSE_HAL_DRIVER -DUSE_STM32L475E_IOT01 '-DMBEDTLS_CONFIG_FILE=<config_mbedtls.h>' -DSTSAFE_A110 -c -I../../../Inc -I../../../../../../../../Drivers/CMSIS/Device/ST/STM32L4xx/Include -I../../../../../../../../Drivers/STM32L4xx_HAL_Driver/Inc -I../../../../../../../../Drivers/BSP/B-L475E-IOT01 -I../../../../../../../../Drivers/BSP/Components/Common -I../../../../../../../../Middlewares/Third_Party/mbedTLS/include -I../../../../../../../../Middlewares/Third_Party/mbedTLS/include/mbedtls -I../../../../../../../../Middlewares/ST/STSAFE_A1xx/CoreModules/Inc -I../../../../Linker_Common/SW4STM32 -I../../../../../../../../Drivers/CMSIS/Include -Os -ffunction-sections -Wall -fstack-usage -MMD -MP -MF"Drivers/STM32L4xx_HAL_Driver/stm32l4xx_hal_pwr.d" -MT"Drivers/STM32L4xx_HAL_Driver/stm32l4xx_hal_pwr.o" --specs=nano.specs -mfpu=fpv4-sp-d16 -mfloat-abi=hard -mthumb -o "Drivers/STM32L4xx_HAL_Driver/stm32l4xx_hal_pwr.o"
arm-none-eabi-gcc "D:/STM32CubeIDE_1.5.0/STM32CubeExpansion_Cloud_AWS_V2.0.0/Drivers/STM32L4xx_HAL_Driver/Src/stm32l4xx_hal_pwr_ex.c" -mcpu=cortex-m4 -std=gnu11 -g3 -DSTM32L4S5xx -DUSE_HAL_DRIVER -DUSE_STM32L475E_IOT01 '-DMBEDTLS_CONFIG_FILE=<config_mbedtls.h>' -DSTSAFE_A110 -c -I../../../Inc -I../../../../../../../../Drivers/CMSIS/Device/ST/STM32L4xx/Include -I../../../../../../../../Drivers/STM32L4xx_HAL_Driver/Inc -I../../../../../../../../Drivers/BSP/B-L475E-IOT01 -I../../../../../../../../Drivers/BSP/Components/Common -I../../../../../../../../Middlewares/Third_Party/mbedTLS/include -I../../../../../../../../Middlewares/Third_Party/mbedTLS/include/mbedtls -I../../../../../../../../Middlewares/ST/STSAFE_A1xx/CoreModules/Inc -I../../../../Linker_Common/SW4STM32 -I../../../../../../../../Drivers/CMSIS/Include -Os -ffunction-sections -Wall -fstack-usage -MMD -MP -MF"Drivers/STM32L4xx_HAL_Driver/stm32l4xx_hal_pwr_ex.d" -MT"Drivers/STM32L4xx_HAL_Driver/stm32l4xx_hal_pwr_ex.o" --specs=nano.specs -mfpu=fpv4-sp-d16 -mfloat-abi=hard -mthumb -o "Drivers/STM32L4xx_HAL_Driver/stm32l4xx_hal_pwr_ex.o"
arm-none-eabi-gcc "D:/STM32CubeIDE_1.5.0/STM32CubeExpansion_Cloud_AWS_V2.0.0/Drivers/STM32L4xx_HAL_Driver/Src/stm32l4xx_hal_rcc.c" -mcpu=cortex-m4 -std=gnu11 -g3 -DSTM32L4S5xx -DUSE_HAL_DRIVER -DUSE_STM32L475E_IOT01 '-DMBEDTLS_CONFIG_FILE=<config_mbedtls.h>' -DSTSAFE_A110 -c -I../../../Inc -I../../../../../../../../Drivers/CMSIS/Device/ST/STM32L4xx/Include -I../../../../../../../../Drivers/STM32L4xx_HAL_Driver/Inc -I../../../../../../../../Drivers/BSP/B-L475E-IOT01 -I../../../../../../../../Drivers/BSP/Components/Common -I../../../../../../../../Middlewares/Third_Party/mbedTLS/include -I../../../../../../../../Middlewares/Third_Party/mbedTLS/include/mbedtls -I../../../../../../../../Middlewares/ST/STSAFE_A1xx/CoreModules/Inc -I../../../../Linker_Common/SW4STM32 -I../../../../../../../../Drivers/CMSIS/Include -Os -ffunction-sections -Wall -fstack-usage -MMD -MP -MF"Drivers/STM32L4xx_HAL_Driver/stm32l4xx_hal_rcc.d" -MT"Drivers/STM32L4xx_HAL_Driver/stm32l4xx_hal_rcc.o" --specs=nano.specs -mfpu=fpv4-sp-d16 -mfloat-abi=hard -mthumb -o "Drivers/STM32L4xx_HAL_Driver/stm32l4xx_hal_rcc.o"
arm-none-eabi-gcc "D:/STM32CubeIDE_1.5.0/STM32CubeExpansion_Cloud_AWS_V2.0.0/Drivers/STM32L4xx_HAL_Driver/Src/stm32l4xx_hal_rcc_ex.c" -mcpu=cortex-m4 -std=gnu11 -g3 -DSTM32L4S5xx -DUSE_HAL_DRIVER -DUSE_STM32L475E_IOT01 '-DMBEDTLS_CONFIG_FILE=<config_mbedtls.h>' -DSTSAFE_A110 -c -I../../../Inc -I../../../../../../../../Drivers/CMSIS/Device/ST/STM32L4xx/Include -I../../../../../../../../Drivers/STM32L4xx_HAL_Driver/Inc -I../../../../../../../../Drivers/BSP/B-L475E-IOT01 -I../../../../../../../../Drivers/BSP/Components/Common -I../../../../../../../../Middlewares/Third_Party/mbedTLS/include -I../../../../../../../../Middlewares/Third_Party/mbedTLS/include/mbedtls -I../../../../../../../../Middlewares/ST/STSAFE_A1xx/CoreModules/Inc -I../../../../Linker_Common/SW4STM32 -I../../../../../../../../Drivers/CMSIS/Include -Os -ffunction-sections -Wall -fstack-usage -MMD -MP -MF"Drivers/STM32L4xx_HAL_Driver/stm32l4xx_hal_rcc_ex.d" -MT"Drivers/STM32L4xx_HAL_Driver/stm32l4xx_hal_rcc_ex.o" --specs=nano.specs -mfpu=fpv4-sp-d16 -mfloat-abi=hard -mthumb -o "Drivers/STM32L4xx_HAL_Driver/stm32l4xx_hal_rcc_ex.o"
arm-none-eabi-gcc "D:/STM32CubeIDE_1.5.0/STM32CubeExpansion_Cloud_AWS_V2.0.0/Drivers/STM32L4xx_HAL_Driver/Src/stm32l4xx_hal_rtc.c" -mcpu=cortex-m4 -std=gnu11 -g3 -DSTM32L4S5xx -DUSE_HAL_DRIVER -DUSE_STM32L475E_IOT01 '-DMBEDTLS_CONFIG_FILE=<config_mbedtls.h>' -DSTSAFE_A110 -c -I../../../Inc -I../../../../../../../../Drivers/CMSIS/Device/ST/STM32L4xx/Include -I../../../../../../../../Drivers/STM32L4xx_HAL_Driver/Inc -I../../../../../../../../Drivers/BSP/B-L475E-IOT01 -I../../../../../../../../Drivers/BSP/Components/Common -I../../../../../../../../Middlewares/Third_Party/mbedTLS/include -I../../../../../../../../Middlewares/Third_Party/mbedTLS/include/mbedtls -I../../../../../../../../Middlewares/ST/STSAFE_A1xx/CoreModules/Inc -I../../../../Linker_Common/SW4STM32 -I../../../../../../../../Drivers/CMSIS/Include -Os -ffunction-sections -Wall -fstack-usage -MMD -MP -MF"Drivers/STM32L4xx_HAL_Driver/stm32l4xx_hal_rtc.d" -MT"Drivers/STM32L4xx_HAL_Driver/stm32l4xx_hal_rtc.o" --specs=nano.specs -mfpu=fpv4-sp-d16 -mfloat-abi=hard -mthumb -o "Drivers/STM32L4xx_HAL_Driver/stm32l4xx_hal_rtc.o"
arm-none-eabi-gcc "D:/STM32CubeIDE_1.5.0/STM32CubeExpansion_Cloud_AWS_V2.0.0/Drivers/STM32L4xx_HAL_Driver/Src/stm32l4xx_hal_rtc_ex.c" -mcpu=cortex-m4 -std=gnu11 -g3 -DSTM32L4S5xx -DUSE_HAL_DRIVER -DUSE_STM32L475E_IOT01 '-DMBEDTLS_CONFIG_FILE=<config_mbedtls.h>' -DSTSAFE_A110 -c -I../../../Inc -I../../../../../../../../Drivers/CMSIS/Device/ST/STM32L4xx/Include -I../../../../../../../../Drivers/STM32L4xx_HAL_Driver/Inc -I../../../../../../../../Drivers/BSP/B-L475E-IOT01 -I../../../../../../../../Drivers/BSP/Components/Common -I../../../../../../../../Middlewares/Third_Party/mbedTLS/include -I../../../../../../../../Middlewares/Third_Party/mbedTLS/include/mbedtls -I../../../../../../../../Middlewares/ST/STSAFE_A1xx/CoreModules/Inc -I../../../../Linker_Common/SW4STM32 -I../../../../../../../../Drivers/CMSIS/Include -Os -ffunction-sections -Wall -fstack-usage -MMD -MP -MF"Drivers/STM32L4xx_HAL_Driver/stm32l4xx_hal_rtc_ex.d" -MT"Drivers/STM32L4xx_HAL_Driver/stm32l4xx_hal_rtc_ex.o" --specs=nano.specs -mfpu=fpv4-sp-d16 -mfloat-abi=hard -mthumb -o "Drivers/STM32L4xx_HAL_Driver/stm32l4xx_hal_rtc_ex.o"
arm-none-eabi-gcc "D:/STM32CubeIDE_1.5.0/STM32CubeExpansion_Cloud_AWS_V2.0.0/Drivers/STM32L4xx_HAL_Driver/Src/stm32l4xx_hal_spi.c" -mcpu=cortex-m4 -std=gnu11 -g3 -DSTM32L4S5xx -DUSE_HAL_DRIVER -DUSE_STM32L475E_IOT01 '-DMBEDTLS_CONFIG_FILE=<config_mbedtls.h>' -DSTSAFE_A110 -c -I../../../Inc -I../../../../../../../../Drivers/CMSIS/Device/ST/STM32L4xx/Include -I../../../../../../../../Drivers/STM32L4xx_HAL_Driver/Inc -I../../../../../../../../Drivers/BSP/B-L475E-IOT01 -I../../../../../../../../Drivers/BSP/Components/Common -I../../../../../../../../Middlewares/Third_Party/mbedTLS/include -I../../../../../../../../Middlewares/Third_Party/mbedTLS/include/mbedtls -I../../../../../../../../Middlewares/ST/STSAFE_A1xx/CoreModules/Inc -I../../../../Linker_Common/SW4STM32 -I../../../../../../../../Drivers/CMSIS/Include -Os -ffunction-sections -Wall -fstack-usage -MMD -MP -MF"Drivers/STM32L4xx_HAL_Driver/stm32l4xx_hal_spi.d" -MT"Drivers/STM32L4xx_HAL_Driver/stm32l4xx_hal_spi.o" --specs=nano.specs -mfpu=fpv4-sp-d16 -mfloat-abi=hard -mthumb -o "Drivers/STM32L4xx_HAL_Driver/stm32l4xx_hal_spi.o"
arm-none-eabi-gcc "D:/STM32CubeIDE_1.5.0/STM32CubeExpansion_Cloud_AWS_V2.0.0/Drivers/STM32L4xx_HAL_Driver/Src/stm32l4xx_hal_spi_ex.c" -mcpu=cortex-m4 -std=gnu11 -g3 -DSTM32L4S5xx -DUSE_HAL_DRIVER -DUSE_STM32L475E_IOT01 '-DMBEDTLS_CONFIG_FILE=<config_mbedtls.h>' -DSTSAFE_A110 -c -I../../../Inc -I../../../../../../../../Drivers/CMSIS/Device/ST/STM32L4xx/Include -I../../../../../../../../Drivers/STM32L4xx_HAL_Driver/Inc -I../../../../../../../../Drivers/BSP/B-L475E-IOT01 -I../../../../../../../../Drivers/BSP/Components/Common -I../../../../../../../../Middlewares/Third_Party/mbedTLS/include -I../../../../../../../../Middlewares/Third_Party/mbedTLS/include/mbedtls -I../../../../../../../../Middlewares/ST/STSAFE_A1xx/CoreModules/Inc -I../../../../Linker_Common/SW4STM32 -I../../../../../../../../Drivers/CMSIS/Include -Os -ffunction-sections -Wall -fstack-usage -MMD -MP -MF"Drivers/STM32L4xx_HAL_Driver/stm32l4xx_hal_spi_ex.d" -MT"Drivers/STM32L4xx_HAL_Driver/stm32l4xx_hal_spi_ex.o" --specs=nano.specs -mfpu=fpv4-sp-d16 -mfloat-abi=hard -mthumb -o "Drivers/STM32L4xx_HAL_Driver/stm32l4xx_hal_spi_ex.o"
arm-none-eabi-gcc "D:/STM32CubeIDE_1.5.0/STM32CubeExpansion_Cloud_AWS_V2.0.0/Drivers/STM32L4xx_HAL_Driver/Src/stm32l4xx_hal_tim.c" -mcpu=cortex-m4 -std=gnu11 -g3 -DSTM32L4S5xx -DUSE_HAL_DRIVER -DUSE_STM32L475E_IOT01 '-DMBEDTLS_CONFIG_FILE=<config_mbedtls.h>' -DSTSAFE_A110 -c -I../../../Inc -I../../../../../../../../Drivers/CMSIS/Device/ST/STM32L4xx/Include -I../../../../../../../../Drivers/STM32L4xx_HAL_Driver/Inc -I../../../../../../../../Drivers/BSP/B-L475E-IOT01 -I../../../../../../../../Drivers/BSP/Components/Common -I../../../../../../../../Middlewares/Third_Party/mbedTLS/include -I../../../../../../../../Middlewares/Third_Party/mbedTLS/include/mbedtls -I../../../../../../../../Middlewares/ST/STSAFE_A1xx/CoreModules/Inc -I../../../../Linker_Common/SW4STM32 -I../../../../../../../../Drivers/CMSIS/Include -Os -ffunction-sections -Wall -fstack-usage -MMD -MP -MF"Drivers/STM32L4xx_HAL_Driver/stm32l4xx_hal_tim.d" -MT"Drivers/STM32L4xx_HAL_Driver/stm32l4xx_hal_tim.o" --specs=nano.specs -mfpu=fpv4-sp-d16 -mfloat-abi=hard -mthumb -o "Drivers/STM32L4xx_HAL_Driver/stm32l4xx_hal_tim.o"
arm-none-eabi-gcc "D:/STM32CubeIDE_1.5.0/STM32CubeExpansion_Cloud_AWS_V2.0.0/Drivers/STM32L4xx_HAL_Driver/Src/stm32l4xx_hal_tim_ex.c" -mcpu=cortex-m4 -std=gnu11 -g3 -DSTM32L4S5xx -DUSE_HAL_DRIVER -DUSE_STM32L475E_IOT01 '-DMBEDTLS_CONFIG_FILE=<config_mbedtls.h>' -DSTSAFE_A110 -c -I../../../Inc -I../../../../../../../../Drivers/CMSIS/Device/ST/STM32L4xx/Include -I../../../../../../../../Drivers/STM32L4xx_HAL_Driver/Inc -I../../../../../../../../Drivers/BSP/B-L475E-IOT01 -I../../../../../../../../Drivers/BSP/Components/Common -I../../../../../../../../Middlewares/Third_Party/mbedTLS/include -I../../../../../../../../Middlewares/Third_Party/mbedTLS/include/mbedtls -I../../../../../../../../Middlewares/ST/STSAFE_A1xx/CoreModules/Inc -I../../../../Linker_Common/SW4STM32 -I../../../../../../../../Drivers/CMSIS/Include -Os -ffunction-sections -Wall -fstack-usage -MMD -MP -MF"Drivers/STM32L4xx_HAL_Driver/stm32l4xx_hal_tim_ex.d" -MT"Drivers/STM32L4xx_HAL_Driver/stm32l4xx_hal_tim_ex.o" --specs=nano.specs -mfpu=fpv4-sp-d16 -mfloat-abi=hard -mthumb -o "Drivers/STM32L4xx_HAL_Driver/stm32l4xx_hal_tim_ex.o"
arm-none-eabi-gcc "D:/STM32CubeIDE_1.5.0/STM32CubeExpansion_Cloud_AWS_V2.0.0/Drivers/STM32L4xx_HAL_Driver/Src/stm32l4xx_hal_uart.c" -mcpu=cortex-m4 -std=gnu11 -g3 -DSTM32L4S5xx -DUSE_HAL_DRIVER -DUSE_STM32L475E_IOT01 '-DMBEDTLS_CONFIG_FILE=<config_mbedtls.h>' -DSTSAFE_A110 -c -I../../../Inc -I../../../../../../../../Drivers/CMSIS/Device/ST/STM32L4xx/Include -I../../../../../../../../Drivers/STM32L4xx_HAL_Driver/Inc -I../../../../../../../../Drivers/BSP/B-L475E-IOT01 -I../../../../../../../../Drivers/BSP/Components/Common -I../../../../../../../../Middlewares/Third_Party/mbedTLS/include -I../../../../../../../../Middlewares/Third_Party/mbedTLS/include/mbedtls -I../../../../../../../../Middlewares/ST/STSAFE_A1xx/CoreModules/Inc -I../../../../Linker_Common/SW4STM32 -I../../../../../../../../Drivers/CMSIS/Include -Os -ffunction-sections -Wall -fstack-usage -MMD -MP -MF"Drivers/STM32L4xx_HAL_Driver/stm32l4xx_hal_uart.d" -MT"Drivers/STM32L4xx_HAL_Driver/stm32l4xx_hal_uart.o" --specs=nano.specs -mfpu=fpv4-sp-d16 -mfloat-abi=hard -mthumb -o "Drivers/STM32L4xx_HAL_Driver/stm32l4xx_hal_uart.o"
arm-none-eabi-gcc "D:/STM32CubeIDE_1.5.0/STM32CubeExpansion_Cloud_AWS_V2.0.0/Drivers/STM32L4xx_HAL_Driver/Src/stm32l4xx_hal_uart_ex.c" -mcpu=cortex-m4 -std=gnu11 -g3 -DSTM32L4S5xx -DUSE_HAL_DRIVER -DUSE_STM32L475E_IOT01 '-DMBEDTLS_CONFIG_FILE=<config_mbedtls.h>' -DSTSAFE_A110 -c -I../../../Inc -I../../../../../../../../Drivers/CMSIS/Device/ST/STM32L4xx/Include -I../../../../../../../../Drivers/STM32L4xx_HAL_Driver/Inc -I../../../../../../../../Drivers/BSP/B-L475E-IOT01 -I../../../../../../../../Drivers/BSP/Components/Common -I../../../../../../../../Middlewares/Third_Party/mbedTLS/include -I../../../../../../../../Middlewares/Third_Party/mbedTLS/include/mbedtls -I../../../../../../../../Middlewares/ST/STSAFE_A1xx/CoreModules/Inc -I../../../../Linker_Common/SW4STM32 -I../../../../../../../../Drivers/CMSIS/Include -Os -ffunction-sections -Wall -fstack-usage -MMD -MP -MF"Drivers/STM32L4xx_HAL_Driver/stm32l4xx_hal_uart_ex.d" -MT"Drivers/STM32L4xx_HAL_Driver/stm32l4xx_hal_uart_ex.o" --specs=nano.specs -mfpu=fpv4-sp-d16 -mfloat-abi=hard -mthumb -o "Drivers/STM32L4xx_HAL_Driver/stm32l4xx_hal_uart_ex.o"
arm-none-eabi-gcc "D:/STM32CubeIDE_1.5.0/STM32CubeExpansion_Cloud_AWS_V2.0.0/Drivers/BSP/B-L475E-IOT01/stm32l475e_iot01.c" -mcpu=cortex-m4 -std=gnu11 -g3 -DSTM32L4S5xx -DUSE_HAL_DRIVER -DUSE_STM32L475E_IOT01 '-DMBEDTLS_CONFIG_FILE=<config_mbedtls.h>' -DSTSAFE_A110 -c -I../../../Inc -I../../../../../../../../Drivers/CMSIS/Device/ST/STM32L4xx/Include -I../../../../../../../../Drivers/STM32L4xx_HAL_Driver/Inc -I../../../../../../../../Drivers/BSP/B-L475E-IOT01 -I../../../../../../../../Drivers/BSP/Components/Common -I../../../../../../../../Middlewares/Third_Party/mbedTLS/include -I../../../../../../../../Middlewares/Third_Party/mbedTLS/include/mbedtls -I../../../../../../../../Middlewares/ST/STSAFE_A1xx/CoreModules/Inc -I../../../../Linker_Common/SW4STM32 -I../../../../../../../../Drivers/CMSIS/Include -Os -ffunction-sections -Wall -fstack-usage -MMD -MP -MF"Drivers/BSP/B-L475E-IOT01/stm32l475e_iot01.d" -MT"Drivers/BSP/B-L475E-IOT01/stm32l475e_iot01.o" --specs=nano.specs -mfpu=fpv4-sp-d16 -mfloat-abi=hard -mthumb -o "Drivers/BSP/B-L475E-IOT01/stm32l475e_iot01.o"
arm-none-eabi-gcc "D:/STM32CubeIDE_1.5.0/STM32CubeExpansion_Cloud_AWS_V2.0.0/Projects/B-L4S5I-IOT01A/Applications/BootLoader_STSAFE/STSAFE_Provisioning/Src/HAL_STSAFE-Axx.c" -mcpu=cortex-m4 -std=gnu11 -g3 -DSTM32L4S5xx -DUSE_HAL_DRIVER -DUSE_STM32L475E_IOT01 '-DMBEDTLS_CONFIG_FILE=<config_mbedtls.h>' -DSTSAFE_A110 -c -I../../../Inc -I../../../../../../../../Drivers/CMSIS/Device/ST/STM32L4xx/Include -I../../../../../../../../Drivers/STM32L4xx_HAL_Driver/Inc -I../../../../../../../../Drivers/BSP/B-L475E-IOT01 -I../../../../../../../../Drivers/BSP/Components/Common -I../../../../../../../../Middlewares/Third_Party/mbedTLS/include -I../../../../../../../../Middlewares/Third_Party/mbedTLS/include/mbedtls -I../../../../../../../../Middlewares/ST/STSAFE_A1xx/CoreModules/Inc -I../../../../Linker_Common/SW4STM32 -I../../../../../../../../Drivers/CMSIS/Include -Os -ffunction-sections -Wall -fstack-usage -MMD -MP -MF"Application/User/HAL_STSAFE-Axx/HAL_STSAFE-Axx.d" -MT"Application/User/HAL_STSAFE-Axx/HAL_STSAFE-Axx.o" --specs=nano.specs -mfpu=fpv4-sp-d16 -mfloat-abi=hard -mthumb -o "Application/User/HAL_STSAFE-Axx/HAL_STSAFE-Axx.o"
arm-none-eabi-gcc "D:/STM32CubeIDE_1.5.0/STM32CubeExpansion_Cloud_AWS_V2.0.0/Projects/B-L4S5I-IOT01A/Applications/BootLoader_STSAFE/STSAFE_Provisioning/Src/HAL_STSAFE-Axx_INTERNAL.c" -mcpu=cortex-m4 -std=gnu11 -g3 -DSTM32L4S5xx -DUSE_HAL_DRIVER -DUSE_STM32L475E_IOT01 '-DMBEDTLS_CONFIG_FILE=<config_mbedtls.h>' -DSTSAFE_A110 -c -I../../../Inc -I../../../../../../../../Drivers/CMSIS/Device/ST/STM32L4xx/Include -I../../../../../../../../Drivers/STM32L4xx_HAL_Driver/Inc -I../../../../../../../../Drivers/BSP/B-L475E-IOT01 -I../../../../../../../../Drivers/BSP/Components/Common -I../../../../../../../../Middlewares/Third_Party/mbedTLS/include -I../../../../../../../../Middlewares/Third_Party/mbedTLS/include/mbedtls -I../../../../../../../../Middlewares/ST/STSAFE_A1xx/CoreModules/Inc -I../../../../Linker_Common/SW4STM32 -I../../../../../../../../Drivers/CMSIS/Include -Os -ffunction-sections -Wall -fstack-usage -MMD -MP -MF"Application/User/HAL_STSAFE-Axx/HAL_STSAFE-Axx_INTERNAL.d" -MT"Application/User/HAL_STSAFE-Axx/HAL_STSAFE-Axx_INTERNAL.o" --specs=nano.specs -mfpu=fpv4-sp-d16 -mfloat-abi=hard -mthumb -o "Application/User/HAL_STSAFE-Axx/HAL_STSAFE-Axx_INTERNAL.o"
arm-none-eabi-gcc "D:/STM32CubeIDE_1.5.0/STM32CubeExpansion_Cloud_AWS_V2.0.0/Projects/B-L4S5I-IOT01A/Applications/BootLoader_STSAFE/STSAFE_Provisioning/Src/Pairing.c" -mcpu=cortex-m4 -std=gnu11 -g3 -DSTM32L4S5xx -DUSE_HAL_DRIVER -DUSE_STM32L475E_IOT01 '-DMBEDTLS_CONFIG_FILE=<config_mbedtls.h>' -DSTSAFE_A110 -c -I../../../Inc -I../../../../../../../../Drivers/CMSIS/Device/ST/STM32L4xx/Include -I../../../../../../../../Drivers/STM32L4xx_HAL_Driver/Inc -I../../../../../../../../Drivers/BSP/B-L475E-IOT01 -I../../../../../../../../Drivers/BSP/Components/Common -I../../../../../../../../Middlewares/Third_Party/mbedTLS/include -I../../../../../../../../Middlewares/Third_Party/mbedTLS/include/mbedtls -I../../../../../../../../Middlewares/ST/STSAFE_A1xx/CoreModules/Inc -I../../../../Linker_Common/SW4STM32 -I../../../../../../../../Drivers/CMSIS/Include -Os -ffunction-sections -Wall -fstack-usage -MMD -MP -MF"Application/User/HAL_STSAFE-Axx/Pairing.d" -MT"Application/User/HAL_STSAFE-Axx/Pairing.o" --specs=nano.specs -mfpu=fpv4-sp-d16 -mfloat-abi=hard -mthumb -o "Application/User/HAL_STSAFE-Axx/Pairing.o"
arm-none-eabi-gcc "D:/STM32CubeIDE_1.5.0/STM32CubeExpansion_Cloud_AWS_V2.0.0/Projects/B-L4S5I-IOT01A/Applications/BootLoader_STSAFE/STSAFE_Provisioning/Src/flash_if.c" -mcpu=cortex-m4 -std=gnu11 -g3 -DSTM32L4S5xx -DUSE_HAL_DRIVER -DUSE_STM32L475E_IOT01 '-DMBEDTLS_CONFIG_FILE=<config_mbedtls.h>' -DSTSAFE_A110 -c -I../../../Inc -I../../../../../../../../Drivers/CMSIS/Device/ST/STM32L4xx/Include -I../../../../../../../../Drivers/STM32L4xx_HAL_Driver/Inc -I../../../../../../../../Drivers/BSP/B-L475E-IOT01 -I../../../../../../../../Drivers/BSP/Components/Common -I../../../../../../../../Middlewares/Third_Party/mbedTLS/include -I../../../../../../../../Middlewares/Third_Party/mbedTLS/include/mbedtls -I../../../../../../../../Middlewares/ST/STSAFE_A1xx/CoreModules/Inc -I../../../../Linker_Common/SW4STM32 -I../../../../../../../../Drivers/CMSIS/Include -Os -ffunction-sections -Wall -fstack-usage -MMD -MP -MF"Application/User/flash_if.d" -MT"Application/User/flash_if.o" --specs=nano.specs -mfpu=fpv4-sp-d16 -mfloat-abi=hard -mthumb -o "Application/User/flash_if.o"
arm-none-eabi-gcc "D:/STM32CubeIDE_1.5.0/STM32CubeExpansion_Cloud_AWS_V2.0.0/Projects/B-L4S5I-IOT01A/Applications/BootLoader_STSAFE/STSAFE_Provisioning/Src/main.c" -mcpu=cortex-m4 -std=gnu11 -g3 -DSTM32L4S5xx -DUSE_HAL_DRIVER -DUSE_STM32L475E_IOT01 '-DMBEDTLS_CONFIG_FILE=<config_mbedtls.h>' -DSTSAFE_A110 -c -I../../../Inc -I../../../../../../../../Drivers/CMSIS/Device/ST/STM32L4xx/Include -I../../../../../../../../Drivers/STM32L4xx_HAL_Driver/Inc -I../../../../../../../../Drivers/BSP/B-L475E-IOT01 -I../../../../../../../../Drivers/BSP/Components/Common -I../../../../../../../../Middlewares/Third_Party/mbedTLS/include -I../../../../../../../../Middlewares/Third_Party/mbedTLS/include/mbedtls -I../../../../../../../../Middlewares/ST/STSAFE_A1xx/CoreModules/Inc -I../../../../Linker_Common/SW4STM32 -I../../../../../../../../Drivers/CMSIS/Include -Os -ffunction-sections -Wall -fstack-usage -MMD -MP -MF"Application/User/main.d" -MT"Application/User/main.o" --specs=nano.specs -mfpu=fpv4-sp-d16 -mfloat-abi=hard -mthumb -o "Application/User/main.o"
arm-none-eabi-gcc "D:/STM32CubeIDE_1.5.0/STM32CubeExpansion_Cloud_AWS_V2.0.0/Projects/B-L4S5I-IOT01A/Applications/BootLoader_STSAFE/STSAFE_Provisioning/Src/stm32l4xx_hal_msp.c" -mcpu=cortex-m4 -std=gnu11 -g3 -DSTM32L4S5xx -DUSE_HAL_DRIVER -DUSE_STM32L475E_IOT01 '-DMBEDTLS_CONFIG_FILE=<config_mbedtls.h>' -DSTSAFE_A110 -c -I../../../Inc -I../../../../../../../../Drivers/CMSIS/Device/ST/STM32L4xx/Include -I../../../../../../../../Drivers/STM32L4xx_HAL_Driver/Inc -I../../../../../../../../Drivers/BSP/B-L475E-IOT01 -I../../../../../../../../Drivers/BSP/Components/Common -I../../../../../../../../Middlewares/Third_Party/mbedTLS/include -I../../../../../../../../Middlewares/Third_Party/mbedTLS/include/mbedtls -I../../../../../../../../Middlewares/ST/STSAFE_A1xx/CoreModules/Inc -I../../../../Linker_Common/SW4STM32 -I../../../../../../../../Drivers/CMSIS/Include -Os -ffunction-sections -Wall -fstack-usage -MMD -MP -MF"Application/User/stm32l4xx_hal_msp.d" -MT"Application/User/stm32l4xx_hal_msp.o" --specs=nano.specs -mfpu=fpv4-sp-d16 -mfloat-abi=hard -mthumb -o "Application/User/stm32l4xx_hal_msp.o"
arm-none-eabi-gcc "D:/STM32CubeIDE_1.5.0/STM32CubeExpansion_Cloud_AWS_V2.0.0/Projects/B-L4S5I-IOT01A/Applications/BootLoader_STSAFE/STSAFE_Provisioning/Src/stm32l4xx_it.c" -mcpu=cortex-m4 -std=gnu11 -g3 -DSTM32L4S5xx -DUSE_HAL_DRIVER -DUSE_STM32L475E_IOT01 '-DMBEDTLS_CONFIG_FILE=<config_mbedtls.h>' -DSTSAFE_A110 -c -I../../../Inc -I../../../../../../../../Drivers/CMSIS/Device/ST/STM32L4xx/Include -I../../../../../../../../Drivers/STM32L4xx_HAL_Driver/Inc -I../../../../../../../../Drivers/BSP/B-L475E-IOT01 -I../../../../../../../../Drivers/BSP/Components/Common -I../../../../../../../../Middlewares/Third_Party/mbedTLS/include -I../../../../../../../../Middlewares/Third_Party/mbedTLS/include/mbedtls -I../../../../../../../../Middlewares/ST/STSAFE_A1xx/CoreModules/Inc -I../../../../Linker_Common/SW4STM32 -I../../../../../../../../Drivers/CMSIS/Include -Os -ffunction-sections -Wall -fstack-usage -MMD -MP -MF"Application/User/stm32l4xx_it.d" -MT"Application/User/stm32l4xx_it.o" --specs=nano.specs -mfpu=fpv4-sp-d16 -mfloat-abi=hard -mthumb -o "Application/User/stm32l4xx_it.o"
arm-none-eabi-gcc "D:/STM32CubeIDE_1.5.0/STM32CubeExpansion_Cloud_AWS_V2.0.0/Projects/B-L4S5I-IOT01A/Applications/BootLoader_STSAFE/STSAFE_Provisioning/Src/stsafea_crypto_mbedtls_interface.c" -mcpu=cortex-m4 -std=gnu11 -g3 -DSTM32L4S5xx -DUSE_HAL_DRIVER -DUSE_STM32L475E_IOT01 '-DMBEDTLS_CONFIG_FILE=<config_mbedtls.h>' -DSTSAFE_A110 -c -I../../../Inc -I../../../../../../../../Drivers/CMSIS/Device/ST/STM32L4xx/Include -I../../../../../../../../Drivers/STM32L4xx_HAL_Driver/Inc -I../../../../../../../../Drivers/BSP/B-L475E-IOT01 -I../../../../../../../../Drivers/BSP/Components/Common -I../../../../../../../../Middlewares/Third_Party/mbedTLS/include -I../../../../../../../../Middlewares/Third_Party/mbedTLS/include/mbedtls -I../../../../../../../../Middlewares/ST/STSAFE_A1xx/CoreModules/Inc -I../../../../Linker_Common/SW4STM32 -I../../../../../../../../Drivers/CMSIS/Include -Os -ffunction-sections -Wall -fstack-usage -MMD -MP -MF"Application/User/stsafea_crypto_mbedtls_interface.d" -MT"Application/User/stsafea_crypto_mbedtls_interface.o" --specs=nano.specs -mfpu=fpv4-sp-d16 -mfloat-abi=hard -mthumb -o "Application/User/stsafea_crypto_mbedtls_interface.o"
arm-none-eabi-gcc "D:/STM32CubeIDE_1.5.0/STM32CubeExpansion_Cloud_AWS_V2.0.0/Projects/B-L4S5I-IOT01A/Applications/BootLoader_STSAFE/STSAFE_Provisioning/Src/stsafea_service_interface.c" -mcpu=cortex-m4 -std=gnu11 -g3 -DSTM32L4S5xx -DUSE_HAL_DRIVER -DUSE_STM32L475E_IOT01 '-DMBEDTLS_CONFIG_FILE=<config_mbedtls.h>' -DSTSAFE_A110 -c -I../../../Inc -I../../../../../../../../Drivers/CMSIS/Device/ST/STM32L4xx/Include -I../../../../../../../../Drivers/STM32L4xx_HAL_Driver/Inc -I../../../../../../../../Drivers/BSP/B-L475E-IOT01 -I../../../../../../../../Drivers/BSP/Components/Common -I../../../../../../../../Middlewares/Third_Party/mbedTLS/include -I../../../../../../../../Middlewares/Third_Party/mbedTLS/include/mbedtls -I../../../../../../../../Middlewares/ST/STSAFE_A1xx/CoreModules/Inc -I../../../../Linker_Common/SW4STM32 -I../../../../../../../../Drivers/CMSIS/Include -Os -ffunction-sections -Wall -fstack-usage -MMD -MP -MF"Application/User/stsafea_service_interface.d" -MT"Application/User/stsafea_service_interface.o" --specs=nano.specs -mfpu=fpv4-sp-d16 -mfloat-abi=hard -mthumb -o "Application/User/stsafea_service_interface.o"
arm-none-eabi-gcc "D:/STM32CubeIDE_1.5.0/STM32CubeExpansion_Cloud_AWS_V2.0.0/Projects/B-L4S5I-IOT01A/Applications/BootLoader_STSAFE/STSAFE_Provisioning/Src/system_stm32l4xx.c" -mcpu=cortex-m4 -std=gnu11 -g3 -DSTM32L4S5xx -DUSE_HAL_DRIVER -DUSE_STM32L475E_IOT01 '-DMBEDTLS_CONFIG_FILE=<config_mbedtls.h>' -DSTSAFE_A110 -c -I../../../Inc -I../../../../../../../../Drivers/CMSIS/Device/ST/STM32L4xx/Include -I../../../../../../../../Drivers/STM32L4xx_HAL_Driver/Inc -I../../../../../../../../Drivers/BSP/B-L475E-IOT01 -I../../../../../../../../Drivers/BSP/Components/Common -I../../../../../../../../Middlewares/Third_Party/mbedTLS/include -I../../../../../../../../Middlewares/Third_Party/mbedTLS/include/mbedtls -I../../../../../../../../Middlewares/ST/STSAFE_A1xx/CoreModules/Inc -I../../../../Linker_Common/SW4STM32 -I../../../../../../../../Drivers/CMSIS/Include -Os -ffunction-sections -Wall -fstack-usage -MMD -MP -MF"Application/User/system_stm32l4xx.d" -MT"Application/User/system_stm32l4xx.o" --specs=nano.specs -mfpu=fpv4-sp-d16 -mfloat-abi=hard -mthumb -o "Application/User/system_stm32l4xx.o"
arm-none-eabi-gcc -mcpu=cortex-m4 -g3 -c -x assembler-with-cpp -MMD -MP -MF"Application/STM32CubeIDE/startup_stm32l4S5xx.d" -MT"Application/STM32CubeIDE/startup_stm32l4S5xx.o" --specs=nano.specs -mfpu=fpv4-sp-d16 -mfloat-abi=hard -mthumb -o "Application/STM32CubeIDE/startup_stm32l4S5xx.o" "D:/STM32CubeIDE_1.5.0/STM32CubeExpansion_Cloud_AWS_V2.0.0/Projects/B-L4S5I-IOT01A/Applications/BootLoader_STSAFE/STSAFE_Provisioning/STM32CubeIDE/startup_stm32l4S5xx.s"
arm-none-eabi-gcc "D:/STM32CubeIDE_1.5.0/STM32CubeExpansion_Cloud_AWS_V2.0.0/Projects/B-L4S5I-IOT01A/Applications/BootLoader_STSAFE/STSAFE_Provisioning/STM32CubeIDE/syscalls.c" -mcpu=cortex-m4 -std=gnu11 -g3 -DSTM32L4S5xx -DUSE_HAL_DRIVER -DUSE_STM32L475E_IOT01 '-DMBEDTLS_CONFIG_FILE=<config_mbedtls.h>' -DSTSAFE_A110 -c -I../../../Inc -I../../../../../../../../Drivers/CMSIS/Device/ST/STM32L4xx/Include -I../../../../../../../../Drivers/STM32L4xx_HAL_Driver/Inc -I../../../../../../../../Drivers/BSP/B-L475E-IOT01 -I../../../../../../../../Drivers/BSP/Components/Common -I../../../../../../../../Middlewares/Third_Party/mbedTLS/include -I../../../../../../../../Middlewares/Third_Party/mbedTLS/include/mbedtls -I../../../../../../../../Middlewares/ST/STSAFE_A1xx/CoreModules/Inc -I../../../../Linker_Common/SW4STM32 -I../../../../../../../../Drivers/CMSIS/Include -Os -ffunction-sections -Wall -fstack-usage -MMD -MP -MF"Application/STM32CubeIDE/syscalls.d" -MT"Application/STM32CubeIDE/syscalls.o" --specs=nano.specs -mfpu=fpv4-sp-d16 -mfloat-abi=hard -mthumb -o "Application/STM32CubeIDE/syscalls.o"
arm-none-eabi-gcc -o "B-L4S5I-IOT01_STSAFE_Provisioning.elf" @"objects.list"   -mcpu=cortex-m4 -T"../STM32L4S5VI_FLASH.ld" --specs=nosys.specs -Wl,-Map="B-L4S5I-IOT01_STSAFE_Provisioning.map" -Wl,--gc-sections -static --specs=nano.specs -mfpu=fpv4-sp-d16 -mfloat-abi=hard -mthumb -Wl,--start-group -lc -lm -Wl,--end-group
Finished building target: B-L4S5I-IOT01_STSAFE_Provisioning.elf
 
arm-none-eabi-size   B-L4S5I-IOT01_STSAFE_Provisioning.elf 
   text	   data	    bss	    dec	    hex	filename
  35984	   1208	  25520	  62712	   f4f8	B-L4S5I-IOT01_STSAFE_Provisioning.elf
Finished building: default.size.stdout
 
arm-none-eabi-objdump -h -S  B-L4S5I-IOT01_STSAFE_Provisioning.elf  > "B-L4S5I-IOT01_STSAFE_Provisioning.list"
Finished building: B-L4S5I-IOT01_STSAFE_Provisioning.list
 
arm-none-eabi-objcopy  -O binary  B-L4S5I-IOT01_STSAFE_Provisioning.elf  "B-L4S5I-IOT01_STSAFE_Provisioning.bin"
Finished building: B-L4S5I-IOT01_STSAFE_Provisioning.bin
 

12:22:10 Build Finished. 0 errors, 0 warnings. (took 37s.93ms)

